ARM GAS  C:\Users\jason\AppData\Local\Temp\cci68TKB.s 			page 1


   1              		.cpu cortex-m7
   2              		.arch armv7e-m
   3              		.fpu fpv5-d16
   4              		.eabi_attribute 28, 1
   5              		.eabi_attribute 20, 1
   6              		.eabi_attribute 21, 1
   7              		.eabi_attribute 23, 3
   8              		.eabi_attribute 24, 1
   9              		.eabi_attribute 25, 1
  10              		.eabi_attribute 26, 1
  11              		.eabi_attribute 30, 1
  12              		.eabi_attribute 34, 1
  13              		.eabi_attribute 18, 4
  14              		.file	"alg_altimeter_read.c"
  15              		.text
  16              	.Ltext0:
  17              		.cfi_sections	.debug_frame
  18              		.file 1 "Core/Src/algorithms/alg_altimeter_read.c"
  19              		.section	.text.alt_read_start,"ax",%progbits
  20              		.align	1
  21              		.global	alt_read_start
  22              		.syntax unified
  23              		.thumb
  24              		.thumb_func
  26              	alt_read_start:
  27              	.LVL0:
  28              	.LFB4:
   1:Core/Src/algorithms/alg_altimeter_read.c **** #include "alg_altimeter_read.h"
   2:Core/Src/algorithms/alg_altimeter_read.c **** #include "sphinx_sensors.h"
   3:Core/Src/algorithms/alg_altimeter_read.c **** #include "sphinx_io.h"
   4:Core/Src/algorithms/alg_altimeter_read.c **** #include "FreeRTOS.h"
   5:Core/Src/algorithms/alg_altimeter_read.c **** 
   6:Core/Src/algorithms/alg_altimeter_read.c **** AltReadContext alt_read_ctx = {}; 
   7:Core/Src/algorithms/alg_altimeter_read.c **** Algorithm alt_read_algorithm = {
   8:Core/Src/algorithms/alg_altimeter_read.c ****     .start = alt_read_start, 
   9:Core/Src/algorithms/alg_altimeter_read.c ****     .loop = alt_read_loop, 
  10:Core/Src/algorithms/alg_altimeter_read.c ****     .stop = alt_read_stop, 
  11:Core/Src/algorithms/alg_altimeter_read.c ****     .context = &alt_read_ctx, 
  12:Core/Src/algorithms/alg_altimeter_read.c ****     .thread_idx = 1
  13:Core/Src/algorithms/alg_altimeter_read.c **** }; 
  14:Core/Src/algorithms/alg_altimeter_read.c **** 
  15:Core/Src/algorithms/alg_altimeter_read.c **** void alt_read_start(Algorithm *self) {}
  29              		.loc 1 15 38 view -0
  30              		.cfi_startproc
  31              		@ args = 0, pretend = 0, frame = 0
  32              		@ frame_needed = 0, uses_anonymous_args = 0
  33              		@ link register save eliminated.
  34              		.loc 1 15 39 view .LVU1
  35 0000 7047     		bx	lr
  36              		.cfi_endproc
  37              	.LFE4:
  39              		.section	.text.alt_read_stop,"ax",%progbits
  40              		.align	1
  41              		.global	alt_read_stop
  42              		.syntax unified
  43              		.thumb
  44              		.thumb_func
ARM GAS  C:\Users\jason\AppData\Local\Temp\cci68TKB.s 			page 2


  46              	alt_read_stop:
  47              	.LVL1:
  48              	.LFB6:
  16:Core/Src/algorithms/alg_altimeter_read.c **** 
  17:Core/Src/algorithms/alg_altimeter_read.c **** void alt_read_loop(Algorithm *self) {
  18:Core/Src/algorithms/alg_altimeter_read.c ****     // don't wait longer than the thread loop time
  19:Core/Src/algorithms/alg_altimeter_read.c ****     osMutexAcquire(sphinx_sensors.data_rw_lock, pdMS_TO_TICKS(10)); 
  20:Core/Src/algorithms/alg_altimeter_read.c ****     sphinx_io_inst->altimeter_read(&sphinx_sensors.data.altimeter_readings); 
  21:Core/Src/algorithms/alg_altimeter_read.c ****     osMutexRelease(sphinx_sensors.data_rw_lock); 
  22:Core/Src/algorithms/alg_altimeter_read.c **** }
  23:Core/Src/algorithms/alg_altimeter_read.c **** 
  24:Core/Src/algorithms/alg_altimeter_read.c **** void alt_read_stop(Algorithm *self) {}...
  49              		.loc 1 24 37 view -0
  50              		.cfi_startproc
  51              		@ args = 0, pretend = 0, frame = 0
  52              		@ frame_needed = 0, uses_anonymous_args = 0
  53              		@ link register save eliminated.
  54              		.loc 1 24 38 view .LVU3
  55 0000 7047     		bx	lr
  56              		.cfi_endproc
  57              	.LFE6:
  59              		.section	.text.alt_read_loop,"ax",%progbits
  60              		.align	1
  61              		.global	alt_read_loop
  62              		.syntax unified
  63              		.thumb
  64              		.thumb_func
  66              	alt_read_loop:
  67              	.LVL2:
  68              	.LFB5:
  17:Core/Src/algorithms/alg_altimeter_read.c **** void alt_read_loop(Algorithm *self) {
  69              		.loc 1 17 37 view -0
  70              		.cfi_startproc
  71              		@ args = 0, pretend = 0, frame = 0
  72              		@ frame_needed = 0, uses_anonymous_args = 0
  17:Core/Src/algorithms/alg_altimeter_read.c **** void alt_read_loop(Algorithm *self) {
  73              		.loc 1 17 37 is_stmt 0 view .LVU5
  74 0000 10B5     		push	{r4, lr}
  75              		.cfi_def_cfa_offset 8
  76              		.cfi_offset 4, -8
  77              		.cfi_offset 14, -4
  19:Core/Src/algorithms/alg_altimeter_read.c ****     osMutexAcquire(sphinx_sensors.data_rw_lock, pdMS_TO_TICKS(10)); 
  78              		.loc 1 19 5 is_stmt 1 view .LVU6
  79 0002 074C     		ldr	r4, .L5
  80 0004 0A21     		movs	r1, #10
  81 0006 A068     		ldr	r0, [r4, #8]
  82              	.LVL3:
  19:Core/Src/algorithms/alg_altimeter_read.c ****     osMutexAcquire(sphinx_sensors.data_rw_lock, pdMS_TO_TICKS(10)); 
  83              		.loc 1 19 5 is_stmt 0 view .LVU7
  84 0008 FFF7FEFF 		bl	osMutexAcquire
  85              	.LVL4:
  20:Core/Src/algorithms/alg_altimeter_read.c ****     sphinx_io_inst->altimeter_read(&sphinx_sensors.data.altimeter_readings); 
  86              		.loc 1 20 5 is_stmt 1 view .LVU8
  20:Core/Src/algorithms/alg_altimeter_read.c ****     sphinx_io_inst->altimeter_read(&sphinx_sensors.data.altimeter_readings); 
  87              		.loc 1 20 19 is_stmt 0 view .LVU9
  88 000c 054B     		ldr	r3, .L5+4
  89 000e 1B68     		ldr	r3, [r3]
ARM GAS  C:\Users\jason\AppData\Local\Temp\cci68TKB.s 			page 3


  90 0010 5B68     		ldr	r3, [r3, #4]
  20:Core/Src/algorithms/alg_altimeter_read.c ****     sphinx_io_inst->altimeter_read(&sphinx_sensors.data.altimeter_readings); 
  91              		.loc 1 20 5 view .LVU10
  92 0012 2046     		mov	r0, r4
  93 0014 9847     		blx	r3
  94              	.LVL5:
  21:Core/Src/algorithms/alg_altimeter_read.c ****     osMutexRelease(sphinx_sensors.data_rw_lock); 
  95              		.loc 1 21 5 is_stmt 1 view .LVU11
  96 0016 A068     		ldr	r0, [r4, #8]
  97 0018 FFF7FEFF 		bl	osMutexRelease
  98              	.LVL6:
  22:Core/Src/algorithms/alg_altimeter_read.c **** }
  99              		.loc 1 22 1 is_stmt 0 view .LVU12
 100 001c 10BD     		pop	{r4, pc}
 101              	.L6:
 102 001e 00BF     		.align	2
 103              	.L5:
 104 0020 00000000 		.word	sphinx_sensors
 105 0024 00000000 		.word	sphinx_io_inst
 106              		.cfi_endproc
 107              	.LFE5:
 109              		.global	alt_read_algorithm
 110              		.section	.data.alt_read_algorithm,"aw"
 111              		.align	2
 114              	alt_read_algorithm:
 115 0000 00000000 		.word	alt_read_start
 116 0004 00000000 		.word	alt_read_loop
 117 0008 00000000 		.word	alt_read_stop
 118 000c 00000000 		.word	alt_read_ctx
 119 0010 01       		.byte	1
 120 0011 000000   		.space	3
 121              		.global	alt_read_ctx
 122              		.section	.bss.alt_read_ctx,"aw",%nobits
 123              		.align	2
 126              	alt_read_ctx:
 127              		.text
 128              	.Letext0:
 129              		.file 2 "C:/Users/jason/AppData/Roaming/Code/User/globalStorage/bmd.stm32-for-vscode/@xpack-dev-to
 130              		.file 3 "C:/Users/jason/AppData/Roaming/Code/User/globalStorage/bmd.stm32-for-vscode/@xpack-dev-to
 131              		.file 4 "Algorithms/Inc/algorithm.h"
 132              		.file 5 "Core/Inc/algorithms/alg_altimeter_read.h"
 133              		.file 6 "Middlewares/Third_Party/FreeRTOS/Source/CMSIS_RTOS_V2/cmsis_os2.h"
 134              		.file 7 "Core/Inc/io/sphinx_io.h"
 135              		.file 8 "Core/Inc/data/sphinx_sensors.h"
 136              		.file 9 "Middlewares/Third_Party/FreeRTOS/Source/portable/GCC/ARM_CM4F/portmacro.h"
ARM GAS  C:\Users\jason\AppData\Local\Temp\cci68TKB.s 			page 4


DEFINED SYMBOLS
                            *ABS*:00000000 alg_altimeter_read.c
C:\Users\jason\AppData\Local\Temp\cci68TKB.s:20     .text.alt_read_start:00000000 $t
C:\Users\jason\AppData\Local\Temp\cci68TKB.s:26     .text.alt_read_start:00000000 alt_read_start
C:\Users\jason\AppData\Local\Temp\cci68TKB.s:40     .text.alt_read_stop:00000000 $t
C:\Users\jason\AppData\Local\Temp\cci68TKB.s:46     .text.alt_read_stop:00000000 alt_read_stop
C:\Users\jason\AppData\Local\Temp\cci68TKB.s:60     .text.alt_read_loop:00000000 $t
C:\Users\jason\AppData\Local\Temp\cci68TKB.s:66     .text.alt_read_loop:00000000 alt_read_loop
C:\Users\jason\AppData\Local\Temp\cci68TKB.s:104    .text.alt_read_loop:00000020 $d
C:\Users\jason\AppData\Local\Temp\cci68TKB.s:114    .data.alt_read_algorithm:00000000 alt_read_algorithm
C:\Users\jason\AppData\Local\Temp\cci68TKB.s:111    .data.alt_read_algorithm:00000000 $d
C:\Users\jason\AppData\Local\Temp\cci68TKB.s:126    .bss.alt_read_ctx:00000000 alt_read_ctx

UNDEFINED SYMBOLS
osMutexAcquire
osMutexRelease
sphinx_sensors
sphinx_io_inst
