ARM GAS  C:\Users\jason\AppData\Local\Temp\cccA2yNs.s 			page 1


   1              		.cpu cortex-m7
   2              		.arch armv7e-m
   3              		.fpu fpv5-d16
   4              		.eabi_attribute 28, 1
   5              		.eabi_attribute 20, 1
   6              		.eabi_attribute 21, 1
   7              		.eabi_attribute 23, 3
   8              		.eabi_attribute 24, 1
   9              		.eabi_attribute 25, 1
  10              		.eabi_attribute 26, 1
  11              		.eabi_attribute 30, 1
  12              		.eabi_attribute 34, 1
  13              		.eabi_attribute 18, 4
  14              		.file	"bsp_driver_sd.c"
  15              		.text
  16              	.Ltext0:
  17              		.cfi_sections	.debug_frame
  18              		.file 1 "FATFS/Target/bsp_driver_sd.c"
  19              		.section	.text.BSP_SD_ITConfig,"ax",%progbits
  20              		.align	1
  21              		.weak	BSP_SD_ITConfig
  22              		.syntax unified
  23              		.thumb
  24              		.thumb_func
  26              	BSP_SD_ITConfig:
  27              	.LFB145:
   1:FATFS/Target/bsp_driver_sd.c **** /* USER CODE BEGIN Header */
   2:FATFS/Target/bsp_driver_sd.c **** /**
   3:FATFS/Target/bsp_driver_sd.c ****  ******************************************************************************
   4:FATFS/Target/bsp_driver_sd.c ****  * @file    bsp_driver_sd.c for H7 (based on stm32h743i_eval_sd.c)
   5:FATFS/Target/bsp_driver_sd.c ****  * @brief   This file includes a generic uSD card driver.
   6:FATFS/Target/bsp_driver_sd.c ****  *          To be completed by the user according to the board used for the project.
   7:FATFS/Target/bsp_driver_sd.c ****  * @note    Some functions generated as weak: they can be overridden by
   8:FATFS/Target/bsp_driver_sd.c ****  *          - code in user files
   9:FATFS/Target/bsp_driver_sd.c ****  *          - or BSP code from the FW pack files
  10:FATFS/Target/bsp_driver_sd.c ****  *          if such files are added to the generated project (by the user).
  11:FATFS/Target/bsp_driver_sd.c ****  ******************************************************************************
  12:FATFS/Target/bsp_driver_sd.c ****   * @attention
  13:FATFS/Target/bsp_driver_sd.c ****   *
  14:FATFS/Target/bsp_driver_sd.c ****   * Copyright (c) 2026 STMicroelectronics.
  15:FATFS/Target/bsp_driver_sd.c ****   * All rights reserved.
  16:FATFS/Target/bsp_driver_sd.c ****   *
  17:FATFS/Target/bsp_driver_sd.c ****   * This software is licensed under terms that can be found in the LICENSE file
  18:FATFS/Target/bsp_driver_sd.c ****   * in the root directory of this software component.
  19:FATFS/Target/bsp_driver_sd.c ****   * If no LICENSE file comes with this software, it is provided AS-IS.
  20:FATFS/Target/bsp_driver_sd.c ****   *
  21:FATFS/Target/bsp_driver_sd.c ****  ******************************************************************************
  22:FATFS/Target/bsp_driver_sd.c ****  */
  23:FATFS/Target/bsp_driver_sd.c **** /* USER CODE END Header */
  24:FATFS/Target/bsp_driver_sd.c **** 
  25:FATFS/Target/bsp_driver_sd.c **** /* USER CODE BEGIN FirstSection */
  26:FATFS/Target/bsp_driver_sd.c **** /* can be used to modify / undefine following code or add new definitions */
  27:FATFS/Target/bsp_driver_sd.c **** /* USER CODE END FirstSection */
  28:FATFS/Target/bsp_driver_sd.c **** /* Includes ------------------------------------------------------------------*/
  29:FATFS/Target/bsp_driver_sd.c **** #include "bsp_driver_sd.h"
  30:FATFS/Target/bsp_driver_sd.c **** 
  31:FATFS/Target/bsp_driver_sd.c **** /* Extern variables ---------------------------------------------------------*/
ARM GAS  C:\Users\jason\AppData\Local\Temp\cccA2yNs.s 			page 2


  32:FATFS/Target/bsp_driver_sd.c **** 
  33:FATFS/Target/bsp_driver_sd.c **** extern SD_HandleTypeDef hsd1;
  34:FATFS/Target/bsp_driver_sd.c **** 
  35:FATFS/Target/bsp_driver_sd.c **** /* USER CODE BEGIN BeforeInitSection */
  36:FATFS/Target/bsp_driver_sd.c **** /* can be used to modify / undefine following code or add code */
  37:FATFS/Target/bsp_driver_sd.c **** /* USER CODE END BeforeInitSection */
  38:FATFS/Target/bsp_driver_sd.c **** /**
  39:FATFS/Target/bsp_driver_sd.c ****   * @brief  Initializes the SD card device.
  40:FATFS/Target/bsp_driver_sd.c ****   * @retval SD status
  41:FATFS/Target/bsp_driver_sd.c ****   */
  42:FATFS/Target/bsp_driver_sd.c **** __weak uint8_t BSP_SD_Init(void)
  43:FATFS/Target/bsp_driver_sd.c **** {
  44:FATFS/Target/bsp_driver_sd.c ****   uint8_t sd_state = MSD_OK;
  45:FATFS/Target/bsp_driver_sd.c ****   /* Check if the SD card is plugged in the slot */
  46:FATFS/Target/bsp_driver_sd.c ****   if (BSP_SD_IsDetected() != SD_PRESENT)
  47:FATFS/Target/bsp_driver_sd.c ****   {
  48:FATFS/Target/bsp_driver_sd.c ****     return MSD_ERROR_SD_NOT_PRESENT;
  49:FATFS/Target/bsp_driver_sd.c ****   }
  50:FATFS/Target/bsp_driver_sd.c ****   /* HAL SD initialization */
  51:FATFS/Target/bsp_driver_sd.c ****   sd_state = HAL_SD_Init(&hsd1);
  52:FATFS/Target/bsp_driver_sd.c **** 
  53:FATFS/Target/bsp_driver_sd.c ****   return sd_state;
  54:FATFS/Target/bsp_driver_sd.c **** }
  55:FATFS/Target/bsp_driver_sd.c **** /* USER CODE BEGIN AfterInitSection */
  56:FATFS/Target/bsp_driver_sd.c **** /* can be used to modify previous code / undefine following code / add code */
  57:FATFS/Target/bsp_driver_sd.c **** /* USER CODE END AfterInitSection */
  58:FATFS/Target/bsp_driver_sd.c **** 
  59:FATFS/Target/bsp_driver_sd.c **** /* USER CODE BEGIN InterruptMode */
  60:FATFS/Target/bsp_driver_sd.c **** /**
  61:FATFS/Target/bsp_driver_sd.c ****   * @brief  Configures Interrupt mode for SD detection pin.
  62:FATFS/Target/bsp_driver_sd.c ****   * @retval Returns 0
  63:FATFS/Target/bsp_driver_sd.c ****   */
  64:FATFS/Target/bsp_driver_sd.c **** __weak uint8_t BSP_SD_ITConfig(void)
  65:FATFS/Target/bsp_driver_sd.c **** {
  28              		.loc 1 65 1 view -0
  29              		.cfi_startproc
  30              		@ args = 0, pretend = 0, frame = 0
  31              		@ frame_needed = 0, uses_anonymous_args = 0
  32              		@ link register save eliminated.
  66:FATFS/Target/bsp_driver_sd.c ****   /* Code to be updated by the user or replaced by one from the FW pack (in a stmxxxx_sd.c file) */
  67:FATFS/Target/bsp_driver_sd.c **** 
  68:FATFS/Target/bsp_driver_sd.c ****   return (uint8_t)0;
  33              		.loc 1 68 3 view .LVU1
  69:FATFS/Target/bsp_driver_sd.c **** }
  34              		.loc 1 69 1 is_stmt 0 view .LVU2
  35 0000 0020     		movs	r0, #0
  36 0002 7047     		bx	lr
  37              		.cfi_endproc
  38              	.LFE145:
  40              		.section	.text.BSP_SD_ReadBlocks,"ax",%progbits
  41              		.align	1
  42              		.weak	BSP_SD_ReadBlocks
  43              		.syntax unified
  44              		.thumb
  45              		.thumb_func
  47              	BSP_SD_ReadBlocks:
  48              	.LVL0:
ARM GAS  C:\Users\jason\AppData\Local\Temp\cccA2yNs.s 			page 3


  49              	.LFB146:
  70:FATFS/Target/bsp_driver_sd.c **** 
  71:FATFS/Target/bsp_driver_sd.c **** /* USER CODE END InterruptMode */
  72:FATFS/Target/bsp_driver_sd.c **** 
  73:FATFS/Target/bsp_driver_sd.c **** /* USER CODE BEGIN BeforeReadBlocksSection */
  74:FATFS/Target/bsp_driver_sd.c **** /* can be used to modify previous code / undefine following code / add code */
  75:FATFS/Target/bsp_driver_sd.c **** /* USER CODE END BeforeReadBlocksSection */
  76:FATFS/Target/bsp_driver_sd.c **** /**
  77:FATFS/Target/bsp_driver_sd.c ****   * @brief  Reads block(s) from a specified address in an SD card, in polling mode.
  78:FATFS/Target/bsp_driver_sd.c ****   * @param  pData: Pointer to the buffer that will contain the data to transmit
  79:FATFS/Target/bsp_driver_sd.c ****   * @param  ReadAddr: Address from where data is to be read
  80:FATFS/Target/bsp_driver_sd.c ****   * @param  NumOfBlocks: Number of SD blocks to read
  81:FATFS/Target/bsp_driver_sd.c ****   * @param  Timeout: Timeout for read operation
  82:FATFS/Target/bsp_driver_sd.c ****   * @retval SD status
  83:FATFS/Target/bsp_driver_sd.c ****   */
  84:FATFS/Target/bsp_driver_sd.c **** __weak uint8_t BSP_SD_ReadBlocks(uint32_t *pData, uint32_t ReadAddr, uint32_t NumOfBlocks, uint32_t
  85:FATFS/Target/bsp_driver_sd.c **** {
  50              		.loc 1 85 1 is_stmt 1 view -0
  51              		.cfi_startproc
  52              		@ args = 0, pretend = 0, frame = 0
  53              		@ frame_needed = 0, uses_anonymous_args = 0
  54              		.loc 1 85 1 is_stmt 0 view .LVU4
  55 0000 00B5     		push	{lr}
  56              		.cfi_def_cfa_offset 4
  57              		.cfi_offset 14, -4
  58 0002 83B0     		sub	sp, sp, #12
  59              		.cfi_def_cfa_offset 16
  86:FATFS/Target/bsp_driver_sd.c ****   uint8_t sd_state = MSD_OK;
  60              		.loc 1 86 3 is_stmt 1 view .LVU5
  61              	.LVL1:
  87:FATFS/Target/bsp_driver_sd.c **** 
  88:FATFS/Target/bsp_driver_sd.c ****   if (HAL_SD_ReadBlocks(&hsd1, (uint8_t *)pData, ReadAddr, NumOfBlocks, Timeout) != HAL_OK)
  62              		.loc 1 88 3 view .LVU6
  63              		.loc 1 88 7 is_stmt 0 view .LVU7
  64 0004 0093     		str	r3, [sp]
  65 0006 1346     		mov	r3, r2
  66              	.LVL2:
  67              		.loc 1 88 7 view .LVU8
  68 0008 0A46     		mov	r2, r1
  69              	.LVL3:
  70              		.loc 1 88 7 view .LVU9
  71 000a 0146     		mov	r1, r0
  72              	.LVL4:
  73              		.loc 1 88 7 view .LVU10
  74 000c 0348     		ldr	r0, .L6
  75              	.LVL5:
  76              		.loc 1 88 7 view .LVU11
  77 000e FFF7FEFF 		bl	HAL_SD_ReadBlocks
  78              	.LVL6:
  79              		.loc 1 88 6 discriminator 1 view .LVU12
  80 0012 00B1     		cbz	r0, .L3
  89:FATFS/Target/bsp_driver_sd.c ****   {
  90:FATFS/Target/bsp_driver_sd.c ****     sd_state = MSD_ERROR;
  81              		.loc 1 90 14 view .LVU13
  82 0014 0120     		movs	r0, #1
  83              	.L3:
  84              	.LVL7:
ARM GAS  C:\Users\jason\AppData\Local\Temp\cccA2yNs.s 			page 4


  91:FATFS/Target/bsp_driver_sd.c ****   }
  92:FATFS/Target/bsp_driver_sd.c **** 
  93:FATFS/Target/bsp_driver_sd.c ****   return sd_state;
  85              		.loc 1 93 3 is_stmt 1 view .LVU14
  94:FATFS/Target/bsp_driver_sd.c **** }
  86              		.loc 1 94 1 is_stmt 0 view .LVU15
  87 0016 03B0     		add	sp, sp, #12
  88              		.cfi_def_cfa_offset 4
  89              		@ sp needed
  90 0018 00BD     		pop	{pc}
  91              	.L7:
  92 001a 00BF     		.align	2
  93              	.L6:
  94 001c 00000000 		.word	hsd1
  95              		.cfi_endproc
  96              	.LFE146:
  98              		.section	.text.BSP_SD_WriteBlocks,"ax",%progbits
  99              		.align	1
 100              		.weak	BSP_SD_WriteBlocks
 101              		.syntax unified
 102              		.thumb
 103              		.thumb_func
 105              	BSP_SD_WriteBlocks:
 106              	.LVL8:
 107              	.LFB147:
  95:FATFS/Target/bsp_driver_sd.c **** 
  96:FATFS/Target/bsp_driver_sd.c **** /* USER CODE BEGIN BeforeWriteBlocksSection */
  97:FATFS/Target/bsp_driver_sd.c **** /* can be used to modify previous code / undefine following code / add code */
  98:FATFS/Target/bsp_driver_sd.c **** /* USER CODE END BeforeWriteBlocksSection */
  99:FATFS/Target/bsp_driver_sd.c **** /**
 100:FATFS/Target/bsp_driver_sd.c ****   * @brief  Writes block(s) to a specified address in an SD card, in polling mode.
 101:FATFS/Target/bsp_driver_sd.c ****   * @param  pData: Pointer to the buffer that will contain the data to transmit
 102:FATFS/Target/bsp_driver_sd.c ****   * @param  WriteAddr: Address from where data is to be written
 103:FATFS/Target/bsp_driver_sd.c ****   * @param  NumOfBlocks: Number of SD blocks to write
 104:FATFS/Target/bsp_driver_sd.c ****   * @param  Timeout: Timeout for write operation
 105:FATFS/Target/bsp_driver_sd.c ****   * @retval SD status
 106:FATFS/Target/bsp_driver_sd.c ****   */
 107:FATFS/Target/bsp_driver_sd.c **** __weak uint8_t BSP_SD_WriteBlocks(uint32_t *pData, uint32_t WriteAddr, uint32_t NumOfBlocks, uint32
 108:FATFS/Target/bsp_driver_sd.c **** {
 108              		.loc 1 108 1 is_stmt 1 view -0
 109              		.cfi_startproc
 110              		@ args = 0, pretend = 0, frame = 0
 111              		@ frame_needed = 0, uses_anonymous_args = 0
 112              		.loc 1 108 1 is_stmt 0 view .LVU17
 113 0000 00B5     		push	{lr}
 114              		.cfi_def_cfa_offset 4
 115              		.cfi_offset 14, -4
 116 0002 83B0     		sub	sp, sp, #12
 117              		.cfi_def_cfa_offset 16
 109:FATFS/Target/bsp_driver_sd.c ****   uint8_t sd_state = MSD_OK;
 118              		.loc 1 109 3 is_stmt 1 view .LVU18
 119              	.LVL9:
 110:FATFS/Target/bsp_driver_sd.c **** 
 111:FATFS/Target/bsp_driver_sd.c ****   if (HAL_SD_WriteBlocks(&hsd1, (uint8_t *)pData, WriteAddr, NumOfBlocks, Timeout) != HAL_OK)
 120              		.loc 1 111 3 view .LVU19
 121              		.loc 1 111 7 is_stmt 0 view .LVU20
 122 0004 0093     		str	r3, [sp]
ARM GAS  C:\Users\jason\AppData\Local\Temp\cccA2yNs.s 			page 5


 123 0006 1346     		mov	r3, r2
 124              	.LVL10:
 125              		.loc 1 111 7 view .LVU21
 126 0008 0A46     		mov	r2, r1
 127              	.LVL11:
 128              		.loc 1 111 7 view .LVU22
 129 000a 0146     		mov	r1, r0
 130              	.LVL12:
 131              		.loc 1 111 7 view .LVU23
 132 000c 0348     		ldr	r0, .L12
 133              	.LVL13:
 134              		.loc 1 111 7 view .LVU24
 135 000e FFF7FEFF 		bl	HAL_SD_WriteBlocks
 136              	.LVL14:
 137              		.loc 1 111 6 discriminator 1 view .LVU25
 138 0012 00B1     		cbz	r0, .L9
 112:FATFS/Target/bsp_driver_sd.c ****   {
 113:FATFS/Target/bsp_driver_sd.c ****     sd_state = MSD_ERROR;
 139              		.loc 1 113 14 view .LVU26
 140 0014 0120     		movs	r0, #1
 141              	.L9:
 142              	.LVL15:
 114:FATFS/Target/bsp_driver_sd.c ****   }
 115:FATFS/Target/bsp_driver_sd.c **** 
 116:FATFS/Target/bsp_driver_sd.c ****   return sd_state;
 143              		.loc 1 116 3 is_stmt 1 view .LVU27
 117:FATFS/Target/bsp_driver_sd.c **** }
 144              		.loc 1 117 1 is_stmt 0 view .LVU28
 145 0016 03B0     		add	sp, sp, #12
 146              		.cfi_def_cfa_offset 4
 147              		@ sp needed
 148 0018 00BD     		pop	{pc}
 149              	.L13:
 150 001a 00BF     		.align	2
 151              	.L12:
 152 001c 00000000 		.word	hsd1
 153              		.cfi_endproc
 154              	.LFE147:
 156              		.section	.text.BSP_SD_ReadBlocks_DMA,"ax",%progbits
 157              		.align	1
 158              		.weak	BSP_SD_ReadBlocks_DMA
 159              		.syntax unified
 160              		.thumb
 161              		.thumb_func
 163              	BSP_SD_ReadBlocks_DMA:
 164              	.LVL16:
 165              	.LFB148:
 118:FATFS/Target/bsp_driver_sd.c **** 
 119:FATFS/Target/bsp_driver_sd.c **** /* USER CODE BEGIN BeforeReadDMABlocksSection */
 120:FATFS/Target/bsp_driver_sd.c **** /* can be used to modify previous code / undefine following code / add code */
 121:FATFS/Target/bsp_driver_sd.c **** /* USER CODE END BeforeReadDMABlocksSection */
 122:FATFS/Target/bsp_driver_sd.c **** /**
 123:FATFS/Target/bsp_driver_sd.c ****   * @brief  Reads block(s) from a specified address in an SD card, in DMA mode.
 124:FATFS/Target/bsp_driver_sd.c ****   * @param  pData: Pointer to the buffer that will contain the data to transmit
 125:FATFS/Target/bsp_driver_sd.c ****   * @param  ReadAddr: Address from where data is to be read
 126:FATFS/Target/bsp_driver_sd.c ****   * @param  NumOfBlocks: Number of SD blocks to read
 127:FATFS/Target/bsp_driver_sd.c ****   * @retval SD status
ARM GAS  C:\Users\jason\AppData\Local\Temp\cccA2yNs.s 			page 6


 128:FATFS/Target/bsp_driver_sd.c ****   */
 129:FATFS/Target/bsp_driver_sd.c **** __weak uint8_t BSP_SD_ReadBlocks_DMA(uint32_t *pData, uint32_t ReadAddr, uint32_t NumOfBlocks)
 130:FATFS/Target/bsp_driver_sd.c **** {
 166              		.loc 1 130 1 is_stmt 1 view -0
 167              		.cfi_startproc
 168              		@ args = 0, pretend = 0, frame = 0
 169              		@ frame_needed = 0, uses_anonymous_args = 0
 170              		.loc 1 130 1 is_stmt 0 view .LVU30
 171 0000 08B5     		push	{r3, lr}
 172              		.cfi_def_cfa_offset 8
 173              		.cfi_offset 3, -8
 174              		.cfi_offset 14, -4
 175 0002 1346     		mov	r3, r2
 131:FATFS/Target/bsp_driver_sd.c ****   uint8_t sd_state = MSD_OK;
 176              		.loc 1 131 3 is_stmt 1 view .LVU31
 177              	.LVL17:
 132:FATFS/Target/bsp_driver_sd.c **** 
 133:FATFS/Target/bsp_driver_sd.c ****   /* Read block(s) in DMA transfer mode */
 134:FATFS/Target/bsp_driver_sd.c ****   if (HAL_SD_ReadBlocks_DMA(&hsd1, (uint8_t *)pData, ReadAddr, NumOfBlocks) != HAL_OK)
 178              		.loc 1 134 3 view .LVU32
 179              		.loc 1 134 7 is_stmt 0 view .LVU33
 180 0004 0A46     		mov	r2, r1
 181              	.LVL18:
 182              		.loc 1 134 7 view .LVU34
 183 0006 0146     		mov	r1, r0
 184              	.LVL19:
 185              		.loc 1 134 7 view .LVU35
 186 0008 0248     		ldr	r0, .L18
 187              	.LVL20:
 188              		.loc 1 134 7 view .LVU36
 189 000a FFF7FEFF 		bl	HAL_SD_ReadBlocks_DMA
 190              	.LVL21:
 191              		.loc 1 134 6 discriminator 1 view .LVU37
 192 000e 00B1     		cbz	r0, .L15
 135:FATFS/Target/bsp_driver_sd.c ****   {
 136:FATFS/Target/bsp_driver_sd.c ****     sd_state = MSD_ERROR;
 193              		.loc 1 136 14 view .LVU38
 194 0010 0120     		movs	r0, #1
 195              	.L15:
 196              	.LVL22:
 137:FATFS/Target/bsp_driver_sd.c ****   }
 138:FATFS/Target/bsp_driver_sd.c **** 
 139:FATFS/Target/bsp_driver_sd.c ****   return sd_state;
 197              		.loc 1 139 3 is_stmt 1 view .LVU39
 140:FATFS/Target/bsp_driver_sd.c **** }
 198              		.loc 1 140 1 is_stmt 0 view .LVU40
 199 0012 08BD     		pop	{r3, pc}
 200              	.L19:
 201              		.align	2
 202              	.L18:
 203 0014 00000000 		.word	hsd1
 204              		.cfi_endproc
 205              	.LFE148:
 207              		.section	.text.BSP_SD_WriteBlocks_DMA,"ax",%progbits
 208              		.align	1
 209              		.weak	BSP_SD_WriteBlocks_DMA
 210              		.syntax unified
ARM GAS  C:\Users\jason\AppData\Local\Temp\cccA2yNs.s 			page 7


 211              		.thumb
 212              		.thumb_func
 214              	BSP_SD_WriteBlocks_DMA:
 215              	.LVL23:
 216              	.LFB149:
 141:FATFS/Target/bsp_driver_sd.c **** 
 142:FATFS/Target/bsp_driver_sd.c **** /* USER CODE BEGIN BeforeWriteDMABlocksSection */
 143:FATFS/Target/bsp_driver_sd.c **** /* can be used to modify previous code / undefine following code / add code */
 144:FATFS/Target/bsp_driver_sd.c **** /* USER CODE END BeforeWriteDMABlocksSection */
 145:FATFS/Target/bsp_driver_sd.c **** /**
 146:FATFS/Target/bsp_driver_sd.c ****   * @brief  Writes block(s) to a specified address in an SD card, in DMA mode.
 147:FATFS/Target/bsp_driver_sd.c ****   * @param  pData: Pointer to the buffer that will contain the data to transmit
 148:FATFS/Target/bsp_driver_sd.c ****   * @param  WriteAddr: Address from where data is to be written
 149:FATFS/Target/bsp_driver_sd.c ****   * @param  NumOfBlocks: Number of SD blocks to write
 150:FATFS/Target/bsp_driver_sd.c ****   * @retval SD status
 151:FATFS/Target/bsp_driver_sd.c ****   */
 152:FATFS/Target/bsp_driver_sd.c **** __weak uint8_t BSP_SD_WriteBlocks_DMA(uint32_t *pData, uint32_t WriteAddr, uint32_t NumOfBlocks)
 153:FATFS/Target/bsp_driver_sd.c **** {
 217              		.loc 1 153 1 is_stmt 1 view -0
 218              		.cfi_startproc
 219              		@ args = 0, pretend = 0, frame = 0
 220              		@ frame_needed = 0, uses_anonymous_args = 0
 221              		.loc 1 153 1 is_stmt 0 view .LVU42
 222 0000 08B5     		push	{r3, lr}
 223              		.cfi_def_cfa_offset 8
 224              		.cfi_offset 3, -8
 225              		.cfi_offset 14, -4
 226 0002 1346     		mov	r3, r2
 154:FATFS/Target/bsp_driver_sd.c ****   uint8_t sd_state = MSD_OK;
 227              		.loc 1 154 3 is_stmt 1 view .LVU43
 228              	.LVL24:
 155:FATFS/Target/bsp_driver_sd.c **** 
 156:FATFS/Target/bsp_driver_sd.c ****   /* Write block(s) in DMA transfer mode */
 157:FATFS/Target/bsp_driver_sd.c ****   if (HAL_SD_WriteBlocks_DMA(&hsd1, (uint8_t *)pData, WriteAddr, NumOfBlocks) != HAL_OK)
 229              		.loc 1 157 3 view .LVU44
 230              		.loc 1 157 7 is_stmt 0 view .LVU45
 231 0004 0A46     		mov	r2, r1
 232              	.LVL25:
 233              		.loc 1 157 7 view .LVU46
 234 0006 0146     		mov	r1, r0
 235              	.LVL26:
 236              		.loc 1 157 7 view .LVU47
 237 0008 0248     		ldr	r0, .L24
 238              	.LVL27:
 239              		.loc 1 157 7 view .LVU48
 240 000a FFF7FEFF 		bl	HAL_SD_WriteBlocks_DMA
 241              	.LVL28:
 242              		.loc 1 157 6 discriminator 1 view .LVU49
 243 000e 00B1     		cbz	r0, .L21
 158:FATFS/Target/bsp_driver_sd.c ****   {
 159:FATFS/Target/bsp_driver_sd.c ****     sd_state = MSD_ERROR;
 244              		.loc 1 159 14 view .LVU50
 245 0010 0120     		movs	r0, #1
 246              	.L21:
 247              	.LVL29:
 160:FATFS/Target/bsp_driver_sd.c ****   }
 161:FATFS/Target/bsp_driver_sd.c **** 
ARM GAS  C:\Users\jason\AppData\Local\Temp\cccA2yNs.s 			page 8


 162:FATFS/Target/bsp_driver_sd.c ****   return sd_state;
 248              		.loc 1 162 3 is_stmt 1 view .LVU51
 163:FATFS/Target/bsp_driver_sd.c **** }
 249              		.loc 1 163 1 is_stmt 0 view .LVU52
 250 0012 08BD     		pop	{r3, pc}
 251              	.L25:
 252              		.align	2
 253              	.L24:
 254 0014 00000000 		.word	hsd1
 255              		.cfi_endproc
 256              	.LFE149:
 258              		.section	.text.BSP_SD_Erase,"ax",%progbits
 259              		.align	1
 260              		.weak	BSP_SD_Erase
 261              		.syntax unified
 262              		.thumb
 263              		.thumb_func
 265              	BSP_SD_Erase:
 266              	.LVL30:
 267              	.LFB150:
 164:FATFS/Target/bsp_driver_sd.c **** 
 165:FATFS/Target/bsp_driver_sd.c **** /* USER CODE BEGIN BeforeEraseSection */
 166:FATFS/Target/bsp_driver_sd.c **** /* can be used to modify previous code / undefine following code / add code */
 167:FATFS/Target/bsp_driver_sd.c **** /* USER CODE END BeforeEraseSection */
 168:FATFS/Target/bsp_driver_sd.c **** /**
 169:FATFS/Target/bsp_driver_sd.c ****   * @brief  Erases the specified memory area of the given SD card.
 170:FATFS/Target/bsp_driver_sd.c ****   * @param  StartAddr: Start byte address
 171:FATFS/Target/bsp_driver_sd.c ****   * @param  EndAddr: End byte address
 172:FATFS/Target/bsp_driver_sd.c ****   * @retval SD status
 173:FATFS/Target/bsp_driver_sd.c ****   */
 174:FATFS/Target/bsp_driver_sd.c **** __weak uint8_t BSP_SD_Erase(uint32_t StartAddr, uint32_t EndAddr)
 175:FATFS/Target/bsp_driver_sd.c **** {
 268              		.loc 1 175 1 is_stmt 1 view -0
 269              		.cfi_startproc
 270              		@ args = 0, pretend = 0, frame = 0
 271              		@ frame_needed = 0, uses_anonymous_args = 0
 272              		.loc 1 175 1 is_stmt 0 view .LVU54
 273 0000 08B5     		push	{r3, lr}
 274              		.cfi_def_cfa_offset 8
 275              		.cfi_offset 3, -8
 276              		.cfi_offset 14, -4
 277 0002 0A46     		mov	r2, r1
 176:FATFS/Target/bsp_driver_sd.c ****   uint8_t sd_state = MSD_OK;
 278              		.loc 1 176 3 is_stmt 1 view .LVU55
 279              	.LVL31:
 177:FATFS/Target/bsp_driver_sd.c **** 
 178:FATFS/Target/bsp_driver_sd.c ****   if (HAL_SD_Erase(&hsd1, StartAddr, EndAddr) != HAL_OK)
 280              		.loc 1 178 3 view .LVU56
 281              		.loc 1 178 7 is_stmt 0 view .LVU57
 282 0004 0146     		mov	r1, r0
 283              	.LVL32:
 284              		.loc 1 178 7 view .LVU58
 285 0006 0348     		ldr	r0, .L30
 286              	.LVL33:
 287              		.loc 1 178 7 view .LVU59
 288 0008 FFF7FEFF 		bl	HAL_SD_Erase
 289              	.LVL34:
ARM GAS  C:\Users\jason\AppData\Local\Temp\cccA2yNs.s 			page 9


 290              		.loc 1 178 6 discriminator 1 view .LVU60
 291 000c 00B1     		cbz	r0, .L27
 179:FATFS/Target/bsp_driver_sd.c ****   {
 180:FATFS/Target/bsp_driver_sd.c ****     sd_state = MSD_ERROR;
 292              		.loc 1 180 14 view .LVU61
 293 000e 0120     		movs	r0, #1
 294              	.L27:
 295              	.LVL35:
 181:FATFS/Target/bsp_driver_sd.c ****   }
 182:FATFS/Target/bsp_driver_sd.c **** 
 183:FATFS/Target/bsp_driver_sd.c ****   return sd_state;
 296              		.loc 1 183 3 is_stmt 1 view .LVU62
 184:FATFS/Target/bsp_driver_sd.c **** }
 297              		.loc 1 184 1 is_stmt 0 view .LVU63
 298 0010 08BD     		pop	{r3, pc}
 299              	.L31:
 300 0012 00BF     		.align	2
 301              	.L30:
 302 0014 00000000 		.word	hsd1
 303              		.cfi_endproc
 304              	.LFE150:
 306              		.section	.text.BSP_SD_GetCardState,"ax",%progbits
 307              		.align	1
 308              		.weak	BSP_SD_GetCardState
 309              		.syntax unified
 310              		.thumb
 311              		.thumb_func
 313              	BSP_SD_GetCardState:
 314              	.LFB151:
 185:FATFS/Target/bsp_driver_sd.c **** 
 186:FATFS/Target/bsp_driver_sd.c **** /* USER CODE BEGIN BeforeGetCardStateSection */
 187:FATFS/Target/bsp_driver_sd.c **** /* can be used to modify previous code / undefine following code / add code */
 188:FATFS/Target/bsp_driver_sd.c **** /* USER CODE END BeforeGetCardStateSection */
 189:FATFS/Target/bsp_driver_sd.c **** 
 190:FATFS/Target/bsp_driver_sd.c **** /**
 191:FATFS/Target/bsp_driver_sd.c ****   * @brief  Gets the current SD card data status.
 192:FATFS/Target/bsp_driver_sd.c ****   * @param  None
 193:FATFS/Target/bsp_driver_sd.c ****   * @retval Data transfer state.
 194:FATFS/Target/bsp_driver_sd.c ****   *          This value can be one of the following values:
 195:FATFS/Target/bsp_driver_sd.c ****   *            @arg  SD_TRANSFER_OK: No data transfer is acting
 196:FATFS/Target/bsp_driver_sd.c ****   *            @arg  SD_TRANSFER_BUSY: Data transfer is acting
 197:FATFS/Target/bsp_driver_sd.c ****   */
 198:FATFS/Target/bsp_driver_sd.c **** __weak uint8_t BSP_SD_GetCardState(void)
 199:FATFS/Target/bsp_driver_sd.c **** {
 315              		.loc 1 199 1 is_stmt 1 view -0
 316              		.cfi_startproc
 317              		@ args = 0, pretend = 0, frame = 0
 318              		@ frame_needed = 0, uses_anonymous_args = 0
 319 0000 08B5     		push	{r3, lr}
 320              		.cfi_def_cfa_offset 8
 321              		.cfi_offset 3, -8
 322              		.cfi_offset 14, -4
 200:FATFS/Target/bsp_driver_sd.c ****   return ((HAL_SD_GetCardState(&hsd1) == HAL_SD_CARD_TRANSFER ) ? SD_TRANSFER_OK : SD_TRANSFER_BUSY
 323              		.loc 1 200 3 view .LVU65
 324              		.loc 1 200 12 is_stmt 0 view .LVU66
 325 0002 0348     		ldr	r0, .L34
 326 0004 FFF7FEFF 		bl	HAL_SD_GetCardState
ARM GAS  C:\Users\jason\AppData\Local\Temp\cccA2yNs.s 			page 10


 327              	.LVL36:
 201:FATFS/Target/bsp_driver_sd.c **** }
 328              		.loc 1 201 1 view .LVU67
 329 0008 0438     		subs	r0, r0, #4
 330 000a 18BF     		it	ne
 331 000c 0120     		movne	r0, #1
 332 000e 08BD     		pop	{r3, pc}
 333              	.L35:
 334              		.align	2
 335              	.L34:
 336 0010 00000000 		.word	hsd1
 337              		.cfi_endproc
 338              	.LFE151:
 340              		.section	.text.BSP_SD_GetCardInfo,"ax",%progbits
 341              		.align	1
 342              		.weak	BSP_SD_GetCardInfo
 343              		.syntax unified
 344              		.thumb
 345              		.thumb_func
 347              	BSP_SD_GetCardInfo:
 348              	.LVL37:
 349              	.LFB152:
 202:FATFS/Target/bsp_driver_sd.c **** 
 203:FATFS/Target/bsp_driver_sd.c **** /**
 204:FATFS/Target/bsp_driver_sd.c ****   * @brief  Get SD information about specific SD card.
 205:FATFS/Target/bsp_driver_sd.c ****   * @param  CardInfo: Pointer to HAL_SD_CardInfoTypedef structure
 206:FATFS/Target/bsp_driver_sd.c ****   * @retval None
 207:FATFS/Target/bsp_driver_sd.c ****   */
 208:FATFS/Target/bsp_driver_sd.c **** __weak void BSP_SD_GetCardInfo(HAL_SD_CardInfoTypeDef *CardInfo)
 209:FATFS/Target/bsp_driver_sd.c **** {
 350              		.loc 1 209 1 is_stmt 1 view -0
 351              		.cfi_startproc
 352              		@ args = 0, pretend = 0, frame = 0
 353              		@ frame_needed = 0, uses_anonymous_args = 0
 354              		.loc 1 209 1 is_stmt 0 view .LVU69
 355 0000 08B5     		push	{r3, lr}
 356              		.cfi_def_cfa_offset 8
 357              		.cfi_offset 3, -8
 358              		.cfi_offset 14, -4
 359 0002 0146     		mov	r1, r0
 210:FATFS/Target/bsp_driver_sd.c ****   /* Get SD card Information */
 211:FATFS/Target/bsp_driver_sd.c ****   HAL_SD_GetCardInfo(&hsd1, CardInfo);
 360              		.loc 1 211 3 is_stmt 1 view .LVU70
 361 0004 0148     		ldr	r0, .L38
 362              	.LVL38:
 363              		.loc 1 211 3 is_stmt 0 view .LVU71
 364 0006 FFF7FEFF 		bl	HAL_SD_GetCardInfo
 365              	.LVL39:
 212:FATFS/Target/bsp_driver_sd.c **** }
 366              		.loc 1 212 1 view .LVU72
 367 000a 08BD     		pop	{r3, pc}
 368              	.L39:
 369              		.align	2
 370              	.L38:
 371 000c 00000000 		.word	hsd1
 372              		.cfi_endproc
 373              	.LFE152:
ARM GAS  C:\Users\jason\AppData\Local\Temp\cccA2yNs.s 			page 11


 375              		.section	.text.BSP_SD_AbortCallback,"ax",%progbits
 376              		.align	1
 377              		.weak	BSP_SD_AbortCallback
 378              		.syntax unified
 379              		.thumb
 380              		.thumb_func
 382              	BSP_SD_AbortCallback:
 383              	.LFB156:
 213:FATFS/Target/bsp_driver_sd.c **** 
 214:FATFS/Target/bsp_driver_sd.c **** /* USER CODE BEGIN BeforeCallBacksSection */
 215:FATFS/Target/bsp_driver_sd.c **** /* can be used to modify previous code / undefine following code / add code */
 216:FATFS/Target/bsp_driver_sd.c **** /* USER CODE END BeforeCallBacksSection */
 217:FATFS/Target/bsp_driver_sd.c **** /**
 218:FATFS/Target/bsp_driver_sd.c ****   * @brief SD Abort callbacks
 219:FATFS/Target/bsp_driver_sd.c ****   * @param hsd: SD handle
 220:FATFS/Target/bsp_driver_sd.c ****   * @retval None
 221:FATFS/Target/bsp_driver_sd.c ****   */
 222:FATFS/Target/bsp_driver_sd.c **** void HAL_SD_AbortCallback(SD_HandleTypeDef *hsd)
 223:FATFS/Target/bsp_driver_sd.c **** {
 224:FATFS/Target/bsp_driver_sd.c ****   BSP_SD_AbortCallback();
 225:FATFS/Target/bsp_driver_sd.c **** }
 226:FATFS/Target/bsp_driver_sd.c **** 
 227:FATFS/Target/bsp_driver_sd.c **** /**
 228:FATFS/Target/bsp_driver_sd.c ****   * @brief Tx Transfer completed callback
 229:FATFS/Target/bsp_driver_sd.c ****   * @param hsd: SD handle
 230:FATFS/Target/bsp_driver_sd.c ****   * @retval None
 231:FATFS/Target/bsp_driver_sd.c ****   */
 232:FATFS/Target/bsp_driver_sd.c **** void HAL_SD_TxCpltCallback(SD_HandleTypeDef *hsd)
 233:FATFS/Target/bsp_driver_sd.c **** {
 234:FATFS/Target/bsp_driver_sd.c ****   BSP_SD_WriteCpltCallback();
 235:FATFS/Target/bsp_driver_sd.c **** }
 236:FATFS/Target/bsp_driver_sd.c **** 
 237:FATFS/Target/bsp_driver_sd.c **** /**
 238:FATFS/Target/bsp_driver_sd.c ****   * @brief Rx Transfer completed callback
 239:FATFS/Target/bsp_driver_sd.c ****   * @param hsd: SD handle
 240:FATFS/Target/bsp_driver_sd.c ****   * @retval None
 241:FATFS/Target/bsp_driver_sd.c ****   */
 242:FATFS/Target/bsp_driver_sd.c **** void HAL_SD_RxCpltCallback(SD_HandleTypeDef *hsd)
 243:FATFS/Target/bsp_driver_sd.c **** {
 244:FATFS/Target/bsp_driver_sd.c ****   BSP_SD_ReadCpltCallback();
 245:FATFS/Target/bsp_driver_sd.c **** }
 246:FATFS/Target/bsp_driver_sd.c **** 
 247:FATFS/Target/bsp_driver_sd.c **** /* USER CODE BEGIN CallBacksSection_C */
 248:FATFS/Target/bsp_driver_sd.c **** /**
 249:FATFS/Target/bsp_driver_sd.c ****   * @brief BSP SD Abort callback
 250:FATFS/Target/bsp_driver_sd.c ****   * @retval None
 251:FATFS/Target/bsp_driver_sd.c ****   * @note empty (up to the user to fill it in or to remove it if useless)
 252:FATFS/Target/bsp_driver_sd.c ****   */
 253:FATFS/Target/bsp_driver_sd.c **** __weak void BSP_SD_AbortCallback(void)
 254:FATFS/Target/bsp_driver_sd.c **** {
 384              		.loc 1 254 1 is_stmt 1 view -0
 385              		.cfi_startproc
 386              		@ args = 0, pretend = 0, frame = 0
 387              		@ frame_needed = 0, uses_anonymous_args = 0
 388              		@ link register save eliminated.
 255:FATFS/Target/bsp_driver_sd.c **** 
 256:FATFS/Target/bsp_driver_sd.c **** }
ARM GAS  C:\Users\jason\AppData\Local\Temp\cccA2yNs.s 			page 12


 389              		.loc 1 256 1 view .LVU74
 390 0000 7047     		bx	lr
 391              		.cfi_endproc
 392              	.LFE156:
 394              		.section	.text.HAL_SD_AbortCallback,"ax",%progbits
 395              		.align	1
 396              		.global	HAL_SD_AbortCallback
 397              		.syntax unified
 398              		.thumb
 399              		.thumb_func
 401              	HAL_SD_AbortCallback:
 402              	.LVL40:
 403              	.LFB153:
 223:FATFS/Target/bsp_driver_sd.c ****   BSP_SD_AbortCallback();
 404              		.loc 1 223 1 view -0
 405              		.cfi_startproc
 406              		@ args = 0, pretend = 0, frame = 0
 407              		@ frame_needed = 0, uses_anonymous_args = 0
 223:FATFS/Target/bsp_driver_sd.c ****   BSP_SD_AbortCallback();
 408              		.loc 1 223 1 is_stmt 0 view .LVU76
 409 0000 08B5     		push	{r3, lr}
 410              		.cfi_def_cfa_offset 8
 411              		.cfi_offset 3, -8
 412              		.cfi_offset 14, -4
 224:FATFS/Target/bsp_driver_sd.c **** }
 413              		.loc 1 224 3 is_stmt 1 view .LVU77
 414 0002 FFF7FEFF 		bl	BSP_SD_AbortCallback
 415              	.LVL41:
 225:FATFS/Target/bsp_driver_sd.c **** 
 416              		.loc 1 225 1 is_stmt 0 view .LVU78
 417 0006 08BD     		pop	{r3, pc}
 418              		.cfi_endproc
 419              	.LFE153:
 421              		.section	.text.BSP_SD_WriteCpltCallback,"ax",%progbits
 422              		.align	1
 423              		.weak	BSP_SD_WriteCpltCallback
 424              		.syntax unified
 425              		.thumb
 426              		.thumb_func
 428              	BSP_SD_WriteCpltCallback:
 429              	.LFB157:
 257:FATFS/Target/bsp_driver_sd.c **** 
 258:FATFS/Target/bsp_driver_sd.c **** /**
 259:FATFS/Target/bsp_driver_sd.c ****   * @brief BSP Tx Transfer completed callback
 260:FATFS/Target/bsp_driver_sd.c ****   * @retval None
 261:FATFS/Target/bsp_driver_sd.c ****   * @note empty (up to the user to fill it in or to remove it if useless)
 262:FATFS/Target/bsp_driver_sd.c ****   */
 263:FATFS/Target/bsp_driver_sd.c **** __weak void BSP_SD_WriteCpltCallback(void)
 264:FATFS/Target/bsp_driver_sd.c **** {
 430              		.loc 1 264 1 is_stmt 1 view -0
 431              		.cfi_startproc
 432              		@ args = 0, pretend = 0, frame = 0
 433              		@ frame_needed = 0, uses_anonymous_args = 0
 434              		@ link register save eliminated.
 265:FATFS/Target/bsp_driver_sd.c **** 
 266:FATFS/Target/bsp_driver_sd.c **** }
 435              		.loc 1 266 1 view .LVU80
ARM GAS  C:\Users\jason\AppData\Local\Temp\cccA2yNs.s 			page 13


 436 0000 7047     		bx	lr
 437              		.cfi_endproc
 438              	.LFE157:
 440              		.section	.text.HAL_SD_TxCpltCallback,"ax",%progbits
 441              		.align	1
 442              		.global	HAL_SD_TxCpltCallback
 443              		.syntax unified
 444              		.thumb
 445              		.thumb_func
 447              	HAL_SD_TxCpltCallback:
 448              	.LVL42:
 449              	.LFB154:
 233:FATFS/Target/bsp_driver_sd.c ****   BSP_SD_WriteCpltCallback();
 450              		.loc 1 233 1 view -0
 451              		.cfi_startproc
 452              		@ args = 0, pretend = 0, frame = 0
 453              		@ frame_needed = 0, uses_anonymous_args = 0
 233:FATFS/Target/bsp_driver_sd.c ****   BSP_SD_WriteCpltCallback();
 454              		.loc 1 233 1 is_stmt 0 view .LVU82
 455 0000 08B5     		push	{r3, lr}
 456              		.cfi_def_cfa_offset 8
 457              		.cfi_offset 3, -8
 458              		.cfi_offset 14, -4
 234:FATFS/Target/bsp_driver_sd.c **** }
 459              		.loc 1 234 3 is_stmt 1 view .LVU83
 460 0002 FFF7FEFF 		bl	BSP_SD_WriteCpltCallback
 461              	.LVL43:
 235:FATFS/Target/bsp_driver_sd.c **** 
 462              		.loc 1 235 1 is_stmt 0 view .LVU84
 463 0006 08BD     		pop	{r3, pc}
 464              		.cfi_endproc
 465              	.LFE154:
 467              		.section	.text.BSP_SD_ReadCpltCallback,"ax",%progbits
 468              		.align	1
 469              		.weak	BSP_SD_ReadCpltCallback
 470              		.syntax unified
 471              		.thumb
 472              		.thumb_func
 474              	BSP_SD_ReadCpltCallback:
 475              	.LFB158:
 267:FATFS/Target/bsp_driver_sd.c **** 
 268:FATFS/Target/bsp_driver_sd.c **** /**
 269:FATFS/Target/bsp_driver_sd.c ****   * @brief BSP Rx Transfer completed callback
 270:FATFS/Target/bsp_driver_sd.c ****   * @retval None
 271:FATFS/Target/bsp_driver_sd.c ****   * @note empty (up to the user to fill it in or to remove it if useless)
 272:FATFS/Target/bsp_driver_sd.c ****   */
 273:FATFS/Target/bsp_driver_sd.c **** __weak void BSP_SD_ReadCpltCallback(void)
 274:FATFS/Target/bsp_driver_sd.c **** {
 476              		.loc 1 274 1 is_stmt 1 view -0
 477              		.cfi_startproc
 478              		@ args = 0, pretend = 0, frame = 0
 479              		@ frame_needed = 0, uses_anonymous_args = 0
 480              		@ link register save eliminated.
 275:FATFS/Target/bsp_driver_sd.c **** 
 276:FATFS/Target/bsp_driver_sd.c **** }
 481              		.loc 1 276 1 view .LVU86
 482 0000 7047     		bx	lr
ARM GAS  C:\Users\jason\AppData\Local\Temp\cccA2yNs.s 			page 14


 483              		.cfi_endproc
 484              	.LFE158:
 486              		.section	.text.HAL_SD_RxCpltCallback,"ax",%progbits
 487              		.align	1
 488              		.global	HAL_SD_RxCpltCallback
 489              		.syntax unified
 490              		.thumb
 491              		.thumb_func
 493              	HAL_SD_RxCpltCallback:
 494              	.LVL44:
 495              	.LFB155:
 243:FATFS/Target/bsp_driver_sd.c ****   BSP_SD_ReadCpltCallback();
 496              		.loc 1 243 1 view -0
 497              		.cfi_startproc
 498              		@ args = 0, pretend = 0, frame = 0
 499              		@ frame_needed = 0, uses_anonymous_args = 0
 243:FATFS/Target/bsp_driver_sd.c ****   BSP_SD_ReadCpltCallback();
 500              		.loc 1 243 1 is_stmt 0 view .LVU88
 501 0000 08B5     		push	{r3, lr}
 502              		.cfi_def_cfa_offset 8
 503              		.cfi_offset 3, -8
 504              		.cfi_offset 14, -4
 244:FATFS/Target/bsp_driver_sd.c **** }
 505              		.loc 1 244 3 is_stmt 1 view .LVU89
 506 0002 FFF7FEFF 		bl	BSP_SD_ReadCpltCallback
 507              	.LVL45:
 245:FATFS/Target/bsp_driver_sd.c **** 
 508              		.loc 1 245 1 is_stmt 0 view .LVU90
 509 0006 08BD     		pop	{r3, pc}
 510              		.cfi_endproc
 511              	.LFE155:
 513              		.section	.text.BSP_SD_IsDetected,"ax",%progbits
 514              		.align	1
 515              		.weak	BSP_SD_IsDetected
 516              		.syntax unified
 517              		.thumb
 518              		.thumb_func
 520              	BSP_SD_IsDetected:
 521              	.LFB159:
 277:FATFS/Target/bsp_driver_sd.c **** /* USER CODE END CallBacksSection_C */
 278:FATFS/Target/bsp_driver_sd.c **** 
 279:FATFS/Target/bsp_driver_sd.c **** /**
 280:FATFS/Target/bsp_driver_sd.c ****  * @brief  Detects if SD card is correctly plugged in the memory slot or not.
 281:FATFS/Target/bsp_driver_sd.c ****  * @param  None
 282:FATFS/Target/bsp_driver_sd.c ****  * @retval Returns if SD is detected or not
 283:FATFS/Target/bsp_driver_sd.c ****  */
 284:FATFS/Target/bsp_driver_sd.c **** __weak uint8_t BSP_SD_IsDetected(void)
 285:FATFS/Target/bsp_driver_sd.c **** {
 522              		.loc 1 285 1 is_stmt 1 view -0
 523              		.cfi_startproc
 524              		@ args = 0, pretend = 0, frame = 8
 525              		@ frame_needed = 0, uses_anonymous_args = 0
 526 0000 00B5     		push	{lr}
 527              		.cfi_def_cfa_offset 4
 528              		.cfi_offset 14, -4
 529 0002 83B0     		sub	sp, sp, #12
 530              		.cfi_def_cfa_offset 16
ARM GAS  C:\Users\jason\AppData\Local\Temp\cccA2yNs.s 			page 15


 286:FATFS/Target/bsp_driver_sd.c ****   __IO uint8_t status = SD_PRESENT;
 531              		.loc 1 286 3 view .LVU92
 532              		.loc 1 286 16 is_stmt 0 view .LVU93
 533 0004 0123     		movs	r3, #1
 534 0006 8DF80730 		strb	r3, [sp, #7]
 287:FATFS/Target/bsp_driver_sd.c **** 
 288:FATFS/Target/bsp_driver_sd.c ****   if (BSP_PlatformIsDetected() == 0x0)
 535              		.loc 1 288 3 is_stmt 1 view .LVU94
 536              		.loc 1 288 7 is_stmt 0 view .LVU95
 537 000a FFF7FEFF 		bl	BSP_PlatformIsDetected
 538              	.LVL46:
 539              		.loc 1 288 6 discriminator 1 view .LVU96
 540 000e 08B9     		cbnz	r0, .L50
 289:FATFS/Target/bsp_driver_sd.c ****   {
 290:FATFS/Target/bsp_driver_sd.c ****     status = SD_NOT_PRESENT;
 541              		.loc 1 290 5 is_stmt 1 view .LVU97
 542              		.loc 1 290 12 is_stmt 0 view .LVU98
 543 0010 8DF80700 		strb	r0, [sp, #7]
 544              	.L50:
 291:FATFS/Target/bsp_driver_sd.c ****   }
 292:FATFS/Target/bsp_driver_sd.c **** 
 293:FATFS/Target/bsp_driver_sd.c ****   return status;
 545              		.loc 1 293 3 is_stmt 1 view .LVU99
 546              		.loc 1 293 10 is_stmt 0 view .LVU100
 547 0014 9DF80700 		ldrb	r0, [sp, #7]	@ zero_extendqisi2
 294:FATFS/Target/bsp_driver_sd.c **** }
 548              		.loc 1 294 1 view .LVU101
 549 0018 03B0     		add	sp, sp, #12
 550              		.cfi_def_cfa_offset 4
 551              		@ sp needed
 552 001a 00BD     		pop	{pc}
 553              		.cfi_endproc
 554              	.LFE159:
 556              		.section	.text.BSP_SD_Init,"ax",%progbits
 557              		.align	1
 558              		.weak	BSP_SD_Init
 559              		.syntax unified
 560              		.thumb
 561              		.thumb_func
 563              	BSP_SD_Init:
 564              	.LFB144:
  43:FATFS/Target/bsp_driver_sd.c ****   uint8_t sd_state = MSD_OK;
 565              		.loc 1 43 1 is_stmt 1 view -0
 566              		.cfi_startproc
 567              		@ args = 0, pretend = 0, frame = 0
 568              		@ frame_needed = 0, uses_anonymous_args = 0
 569 0000 08B5     		push	{r3, lr}
 570              		.cfi_def_cfa_offset 8
 571              		.cfi_offset 3, -8
 572              		.cfi_offset 14, -4
  44:FATFS/Target/bsp_driver_sd.c ****   /* Check if the SD card is plugged in the slot */
 573              		.loc 1 44 3 view .LVU103
 574              	.LVL47:
  46:FATFS/Target/bsp_driver_sd.c ****   {
 575              		.loc 1 46 3 view .LVU104
  46:FATFS/Target/bsp_driver_sd.c ****   {
 576              		.loc 1 46 7 is_stmt 0 view .LVU105
ARM GAS  C:\Users\jason\AppData\Local\Temp\cccA2yNs.s 			page 16


 577 0002 FFF7FEFF 		bl	BSP_SD_IsDetected
 578              	.LVL48:
  46:FATFS/Target/bsp_driver_sd.c ****   {
 579              		.loc 1 46 6 discriminator 1 view .LVU106
 580 0006 0128     		cmp	r0, #1
 581 0008 01D0     		beq	.L56
  48:FATFS/Target/bsp_driver_sd.c ****   }
 582              		.loc 1 48 12 view .LVU107
 583 000a 0220     		movs	r0, #2
 584              	.LVL49:
 585              	.L53:
  54:FATFS/Target/bsp_driver_sd.c **** /* USER CODE BEGIN AfterInitSection */
 586              		.loc 1 54 1 view .LVU108
 587 000c 08BD     		pop	{r3, pc}
 588              	.LVL50:
 589              	.L56:
  51:FATFS/Target/bsp_driver_sd.c **** 
 590              		.loc 1 51 3 is_stmt 1 view .LVU109
  51:FATFS/Target/bsp_driver_sd.c **** 
 591              		.loc 1 51 14 is_stmt 0 view .LVU110
 592 000e 0248     		ldr	r0, .L57
 593 0010 FFF7FEFF 		bl	HAL_SD_Init
 594              	.LVL51:
  53:FATFS/Target/bsp_driver_sd.c **** }
 595              		.loc 1 53 3 is_stmt 1 view .LVU111
  53:FATFS/Target/bsp_driver_sd.c **** }
 596              		.loc 1 53 10 is_stmt 0 view .LVU112
 597 0014 FAE7     		b	.L53
 598              	.L58:
 599 0016 00BF     		.align	2
 600              	.L57:
 601 0018 00000000 		.word	hsd1
 602              		.cfi_endproc
 603              	.LFE144:
 605              		.text
 606              	.Letext0:
 607              		.file 2 "C:/Users/jason/AppData/Roaming/Code/User/globalStorage/bmd.stm32-for-vscode/@xpack-dev-to
 608              		.file 3 "C:/Users/jason/AppData/Roaming/Code/User/globalStorage/bmd.stm32-for-vscode/@xpack-dev-to
 609              		.file 4 "Drivers/CMSIS/Device/ST/STM32H7xx/Include/stm32h750xx.h"
 610              		.file 5 "Drivers/STM32H7xx_HAL_Driver/Inc/stm32h7xx_hal_def.h"
 611              		.file 6 "Drivers/STM32H7xx_HAL_Driver/Inc/stm32h7xx_ll_sdmmc.h"
 612              		.file 7 "Drivers/STM32H7xx_HAL_Driver/Inc/stm32h7xx_hal_sd.h"
 613              		.file 8 "FATFS/Target/fatfs_platform.h"
ARM GAS  C:\Users\jason\AppData\Local\Temp\cccA2yNs.s 			page 17


DEFINED SYMBOLS
                            *ABS*:00000000 bsp_driver_sd.c
C:\Users\jason\AppData\Local\Temp\cccA2yNs.s:20     .text.BSP_SD_ITConfig:00000000 $t
C:\Users\jason\AppData\Local\Temp\cccA2yNs.s:26     .text.BSP_SD_ITConfig:00000000 BSP_SD_ITConfig
C:\Users\jason\AppData\Local\Temp\cccA2yNs.s:41     .text.BSP_SD_ReadBlocks:00000000 $t
C:\Users\jason\AppData\Local\Temp\cccA2yNs.s:47     .text.BSP_SD_ReadBlocks:00000000 BSP_SD_ReadBlocks
C:\Users\jason\AppData\Local\Temp\cccA2yNs.s:94     .text.BSP_SD_ReadBlocks:0000001c $d
C:\Users\jason\AppData\Local\Temp\cccA2yNs.s:99     .text.BSP_SD_WriteBlocks:00000000 $t
C:\Users\jason\AppData\Local\Temp\cccA2yNs.s:105    .text.BSP_SD_WriteBlocks:00000000 BSP_SD_WriteBlocks
C:\Users\jason\AppData\Local\Temp\cccA2yNs.s:152    .text.BSP_SD_WriteBlocks:0000001c $d
C:\Users\jason\AppData\Local\Temp\cccA2yNs.s:157    .text.BSP_SD_ReadBlocks_DMA:00000000 $t
C:\Users\jason\AppData\Local\Temp\cccA2yNs.s:163    .text.BSP_SD_ReadBlocks_DMA:00000000 BSP_SD_ReadBlocks_DMA
C:\Users\jason\AppData\Local\Temp\cccA2yNs.s:203    .text.BSP_SD_ReadBlocks_DMA:00000014 $d
C:\Users\jason\AppData\Local\Temp\cccA2yNs.s:208    .text.BSP_SD_WriteBlocks_DMA:00000000 $t
C:\Users\jason\AppData\Local\Temp\cccA2yNs.s:214    .text.BSP_SD_WriteBlocks_DMA:00000000 BSP_SD_WriteBlocks_DMA
C:\Users\jason\AppData\Local\Temp\cccA2yNs.s:254    .text.BSP_SD_WriteBlocks_DMA:00000014 $d
C:\Users\jason\AppData\Local\Temp\cccA2yNs.s:259    .text.BSP_SD_Erase:00000000 $t
C:\Users\jason\AppData\Local\Temp\cccA2yNs.s:265    .text.BSP_SD_Erase:00000000 BSP_SD_Erase
C:\Users\jason\AppData\Local\Temp\cccA2yNs.s:302    .text.BSP_SD_Erase:00000014 $d
C:\Users\jason\AppData\Local\Temp\cccA2yNs.s:307    .text.BSP_SD_GetCardState:00000000 $t
C:\Users\jason\AppData\Local\Temp\cccA2yNs.s:313    .text.BSP_SD_GetCardState:00000000 BSP_SD_GetCardState
C:\Users\jason\AppData\Local\Temp\cccA2yNs.s:336    .text.BSP_SD_GetCardState:00000010 $d
C:\Users\jason\AppData\Local\Temp\cccA2yNs.s:341    .text.BSP_SD_GetCardInfo:00000000 $t
C:\Users\jason\AppData\Local\Temp\cccA2yNs.s:347    .text.BSP_SD_GetCardInfo:00000000 BSP_SD_GetCardInfo
C:\Users\jason\AppData\Local\Temp\cccA2yNs.s:371    .text.BSP_SD_GetCardInfo:0000000c $d
C:\Users\jason\AppData\Local\Temp\cccA2yNs.s:376    .text.BSP_SD_AbortCallback:00000000 $t
C:\Users\jason\AppData\Local\Temp\cccA2yNs.s:382    .text.BSP_SD_AbortCallback:00000000 BSP_SD_AbortCallback
C:\Users\jason\AppData\Local\Temp\cccA2yNs.s:395    .text.HAL_SD_AbortCallback:00000000 $t
C:\Users\jason\AppData\Local\Temp\cccA2yNs.s:401    .text.HAL_SD_AbortCallback:00000000 HAL_SD_AbortCallback
C:\Users\jason\AppData\Local\Temp\cccA2yNs.s:422    .text.BSP_SD_WriteCpltCallback:00000000 $t
C:\Users\jason\AppData\Local\Temp\cccA2yNs.s:428    .text.BSP_SD_WriteCpltCallback:00000000 BSP_SD_WriteCpltCallback
C:\Users\jason\AppData\Local\Temp\cccA2yNs.s:441    .text.HAL_SD_TxCpltCallback:00000000 $t
C:\Users\jason\AppData\Local\Temp\cccA2yNs.s:447    .text.HAL_SD_TxCpltCallback:00000000 HAL_SD_TxCpltCallback
C:\Users\jason\AppData\Local\Temp\cccA2yNs.s:468    .text.BSP_SD_ReadCpltCallback:00000000 $t
C:\Users\jason\AppData\Local\Temp\cccA2yNs.s:474    .text.BSP_SD_ReadCpltCallback:00000000 BSP_SD_ReadCpltCallback
C:\Users\jason\AppData\Local\Temp\cccA2yNs.s:487    .text.HAL_SD_RxCpltCallback:00000000 $t
C:\Users\jason\AppData\Local\Temp\cccA2yNs.s:493    .text.HAL_SD_RxCpltCallback:00000000 HAL_SD_RxCpltCallback
C:\Users\jason\AppData\Local\Temp\cccA2yNs.s:514    .text.BSP_SD_IsDetected:00000000 $t
C:\Users\jason\AppData\Local\Temp\cccA2yNs.s:520    .text.BSP_SD_IsDetected:00000000 BSP_SD_IsDetected
C:\Users\jason\AppData\Local\Temp\cccA2yNs.s:557    .text.BSP_SD_Init:00000000 $t
C:\Users\jason\AppData\Local\Temp\cccA2yNs.s:563    .text.BSP_SD_Init:00000000 BSP_SD_Init
C:\Users\jason\AppData\Local\Temp\cccA2yNs.s:601    .text.BSP_SD_Init:00000018 $d

UNDEFINED SYMBOLS
HAL_SD_ReadBlocks
hsd1
HAL_SD_WriteBlocks
HAL_SD_ReadBlocks_DMA
HAL_SD_WriteBlocks_DMA
HAL_SD_Erase
HAL_SD_GetCardState
HAL_SD_GetCardInfo
BSP_PlatformIsDetected
HAL_SD_Init
