ARM GAS  C:\Users\jason\AppData\Local\Temp\ccAK7ZzR.s 			page 1


   1              		.cpu cortex-m7
   2              		.arch armv7e-m
   3              		.fpu fpv5-d16
   4              		.eabi_attribute 28, 1
   5              		.eabi_attribute 20, 1
   6              		.eabi_attribute 21, 1
   7              		.eabi_attribute 23, 3
   8              		.eabi_attribute 24, 1
   9              		.eabi_attribute 25, 1
  10              		.eabi_attribute 26, 1
  11              		.eabi_attribute 30, 1
  12              		.eabi_attribute 34, 1
  13              		.eabi_attribute 18, 4
  14              		.file	"ccsbcs.c"
  15              		.text
  16              	.Ltext0:
  17              		.cfi_sections	.debug_frame
  18              		.file 1 "Middlewares/Third_Party/FatFs/src/option/ccsbcs.c"
  19              		.section	.text.ff_convert,"ax",%progbits
  20              		.align	1
  21              		.global	ff_convert
  22              		.syntax unified
  23              		.thumb
  24              		.thumb_func
  26              	ff_convert:
  27              	.LVL0:
  28              	.LFB148:
   1:Middlewares/Third_Party/FatFs/src/option/ccsbcs.c **** /*------------------------------------------------------------------------*/
   2:Middlewares/Third_Party/FatFs/src/option/ccsbcs.c **** /* Unicode - Local code bidirectional converter  (C)ChaN, 2015            */
   3:Middlewares/Third_Party/FatFs/src/option/ccsbcs.c **** /* (SBCS code pages)                                                      */
   4:Middlewares/Third_Party/FatFs/src/option/ccsbcs.c **** /*------------------------------------------------------------------------*/
   5:Middlewares/Third_Party/FatFs/src/option/ccsbcs.c **** /*  437   U.S.
   6:Middlewares/Third_Party/FatFs/src/option/ccsbcs.c **** /   720   Arabic
   7:Middlewares/Third_Party/FatFs/src/option/ccsbcs.c **** /   737   Greek
   8:Middlewares/Third_Party/FatFs/src/option/ccsbcs.c **** /   771   KBL
   9:Middlewares/Third_Party/FatFs/src/option/ccsbcs.c **** /   775   Baltic
  10:Middlewares/Third_Party/FatFs/src/option/ccsbcs.c **** /   850   Latin 1
  11:Middlewares/Third_Party/FatFs/src/option/ccsbcs.c **** /   852   Latin 2
  12:Middlewares/Third_Party/FatFs/src/option/ccsbcs.c **** /   855   Cyrillic
  13:Middlewares/Third_Party/FatFs/src/option/ccsbcs.c **** /   857   Turkish
  14:Middlewares/Third_Party/FatFs/src/option/ccsbcs.c **** /   860   Portuguese
  15:Middlewares/Third_Party/FatFs/src/option/ccsbcs.c **** /   861   Icelandic
  16:Middlewares/Third_Party/FatFs/src/option/ccsbcs.c **** /   862   Hebrew
  17:Middlewares/Third_Party/FatFs/src/option/ccsbcs.c **** /   863   Canadian French
  18:Middlewares/Third_Party/FatFs/src/option/ccsbcs.c **** /   864   Arabic
  19:Middlewares/Third_Party/FatFs/src/option/ccsbcs.c **** /   865   Nordic
  20:Middlewares/Third_Party/FatFs/src/option/ccsbcs.c **** /   866   Russian
  21:Middlewares/Third_Party/FatFs/src/option/ccsbcs.c **** /   869   Greek 2
  22:Middlewares/Third_Party/FatFs/src/option/ccsbcs.c **** */
  23:Middlewares/Third_Party/FatFs/src/option/ccsbcs.c **** 
  24:Middlewares/Third_Party/FatFs/src/option/ccsbcs.c **** #include "../ff.h"
  25:Middlewares/Third_Party/FatFs/src/option/ccsbcs.c **** 
  26:Middlewares/Third_Party/FatFs/src/option/ccsbcs.c **** 
  27:Middlewares/Third_Party/FatFs/src/option/ccsbcs.c **** #if _CODE_PAGE == 437
  28:Middlewares/Third_Party/FatFs/src/option/ccsbcs.c **** #define _TBLDEF 1
  29:Middlewares/Third_Party/FatFs/src/option/ccsbcs.c **** static
  30:Middlewares/Third_Party/FatFs/src/option/ccsbcs.c **** const WCHAR Tbl[] = {	/*  CP437(0x80-0xFF) to Unicode conversion table */
ARM GAS  C:\Users\jason\AppData\Local\Temp\ccAK7ZzR.s 			page 2


  31:Middlewares/Third_Party/FatFs/src/option/ccsbcs.c **** 	0x00C7, 0x00FC, 0x00E9, 0x00E2, 0x00E4, 0x00E0, 0x00E5, 0x00E7, 0x00EA, 0x00EB, 0x00E8, 0x00EF, 0x
  32:Middlewares/Third_Party/FatFs/src/option/ccsbcs.c **** 	0x00C9, 0x00E6, 0x00C6, 0x00F4, 0x00F6, 0x00F2, 0x00FB, 0x00F9, 0x00FF, 0x00D6, 0x00DC, 0x00A2, 0x
  33:Middlewares/Third_Party/FatFs/src/option/ccsbcs.c **** 	0x00E1, 0x00ED, 0x00F3, 0x00FA, 0x00F1, 0x00D1, 0x00AA, 0x00BA, 0x00BF, 0x2310, 0x00AC, 0x00BD, 0x
  34:Middlewares/Third_Party/FatFs/src/option/ccsbcs.c **** 	0x2591, 0x2592, 0x2593, 0x2502, 0x2524, 0x2561, 0x2562, 0x2556, 0x2555, 0x2563, 0x2551, 0x2557, 0x
  35:Middlewares/Third_Party/FatFs/src/option/ccsbcs.c **** 	0x2514, 0x2534, 0x252C, 0x251C, 0x2500, 0x253C, 0x255E, 0x255F, 0x255A, 0x2554, 0x2569, 0x2566, 0x
  36:Middlewares/Third_Party/FatFs/src/option/ccsbcs.c **** 	0x2568, 0x2564, 0x2565, 0x2559, 0x2558, 0x2552, 0x2553, 0x256B, 0x256A, 0x2518, 0x250C, 0x2588, 0x
  37:Middlewares/Third_Party/FatFs/src/option/ccsbcs.c **** 	0x03B1, 0x00DF, 0x0393, 0x03C0, 0x03A3, 0x03C3, 0x00B5, 0x03C4, 0x03A6, 0x0398, 0x03A9, 0x03B4, 0x
  38:Middlewares/Third_Party/FatFs/src/option/ccsbcs.c **** 	0x2261, 0x00B1, 0x2265, 0x2264, 0x2320, 0x2321, 0x00F7, 0x2248, 0x00B0, 0x2219, 0x00B7, 0x221A, 0x
  39:Middlewares/Third_Party/FatFs/src/option/ccsbcs.c **** };
  40:Middlewares/Third_Party/FatFs/src/option/ccsbcs.c **** 
  41:Middlewares/Third_Party/FatFs/src/option/ccsbcs.c **** #elif _CODE_PAGE == 720
  42:Middlewares/Third_Party/FatFs/src/option/ccsbcs.c **** #define _TBLDEF 1
  43:Middlewares/Third_Party/FatFs/src/option/ccsbcs.c **** static
  44:Middlewares/Third_Party/FatFs/src/option/ccsbcs.c **** const WCHAR Tbl[] = {	/*  CP720(0x80-0xFF) to Unicode conversion table */
  45:Middlewares/Third_Party/FatFs/src/option/ccsbcs.c **** 	0x0000, 0x0000, 0x00E9, 0x00E2, 0x0000, 0x00E0, 0x0000, 0x00E7, 0x00EA, 0x00EB, 0x00E8, 0x00EF, 0x
  46:Middlewares/Third_Party/FatFs/src/option/ccsbcs.c **** 	0x0000, 0x0651, 0x0652, 0x00F4, 0x00A4, 0x0640, 0x00FB, 0x00F9, 0x0621, 0x0622, 0x0623, 0x0624, 0x
  47:Middlewares/Third_Party/FatFs/src/option/ccsbcs.c **** 	0x0628, 0x0629, 0x062A, 0x062B, 0x062C, 0x062D, 0x062E, 0x062F, 0x0630, 0x0631, 0x0632, 0x0633, 0x
  48:Middlewares/Third_Party/FatFs/src/option/ccsbcs.c **** 	0x2591, 0x2592, 0x2593, 0x2502, 0x2524, 0x2561, 0x2562, 0x2556, 0x2555, 0x2563, 0x2551, 0x2557, 0x
  49:Middlewares/Third_Party/FatFs/src/option/ccsbcs.c **** 	0x2514, 0x2534, 0x252C, 0x251C, 0x2500, 0x253C, 0x255E, 0x255F, 0x255A, 0x2554, 0x2569, 0x2566, 0x
  50:Middlewares/Third_Party/FatFs/src/option/ccsbcs.c **** 	0x2568, 0x2564, 0x2565, 0x2559, 0x2558, 0x2552, 0x2553, 0x256B, 0x256A, 0x2518, 0x250C, 0x2588, 0x
  51:Middlewares/Third_Party/FatFs/src/option/ccsbcs.c **** 	0x0636, 0x0637, 0x0638, 0x0639, 0x063A, 0x0641, 0x00B5, 0x0642, 0x0643, 0x0644, 0x0645, 0x0646, 0x
  52:Middlewares/Third_Party/FatFs/src/option/ccsbcs.c **** 	0x2261, 0x064B, 0x064C, 0x064D, 0x064E, 0x064F, 0x0650, 0x2248, 0x00B0, 0x2219, 0x00B7, 0x221A, 0x
  53:Middlewares/Third_Party/FatFs/src/option/ccsbcs.c **** };
  54:Middlewares/Third_Party/FatFs/src/option/ccsbcs.c **** 
  55:Middlewares/Third_Party/FatFs/src/option/ccsbcs.c **** #elif _CODE_PAGE == 737
  56:Middlewares/Third_Party/FatFs/src/option/ccsbcs.c **** #define _TBLDEF 1
  57:Middlewares/Third_Party/FatFs/src/option/ccsbcs.c **** static
  58:Middlewares/Third_Party/FatFs/src/option/ccsbcs.c **** const WCHAR Tbl[] = {	/*  CP737(0x80-0xFF) to Unicode conversion table */
  59:Middlewares/Third_Party/FatFs/src/option/ccsbcs.c **** 	0x0391, 0x0392, 0x0393, 0x0394, 0x0395, 0x0396, 0x0397, 0x0398, 0x0399, 0x039A, 0x039B, 0x039C, 0x
  60:Middlewares/Third_Party/FatFs/src/option/ccsbcs.c **** 	0x03A1, 0x03A3, 0x03A4, 0x03A5, 0x03A6, 0x03A7, 0x03A8, 0x03A9, 0x03B1, 0x03B2, 0x03B3, 0x03B4, 0x
  61:Middlewares/Third_Party/FatFs/src/option/ccsbcs.c **** 	0x03B9, 0x03BA, 0x03BB, 0x03BC, 0x03BD, 0x03BE, 0x03BF, 0x03C0, 0x03C1, 0x03C3, 0x03C2, 0x03C4, 0x
  62:Middlewares/Third_Party/FatFs/src/option/ccsbcs.c **** 	0x2591, 0x2592, 0x2593, 0x2502, 0x2524, 0x2561, 0x2562, 0x2556, 0x2555, 0x2563, 0x2551, 0x2557, 0x
  63:Middlewares/Third_Party/FatFs/src/option/ccsbcs.c **** 	0x2514, 0x2534, 0x252C, 0x251C, 0x2500, 0x253C, 0x255E, 0x255F, 0x255A, 0x2554, 0x2569, 0x2566, 0x
  64:Middlewares/Third_Party/FatFs/src/option/ccsbcs.c **** 	0x2568, 0x2564, 0x2565, 0x2559, 0x2558, 0x2552, 0x2553, 0x256B, 0x256A, 0x2518, 0x250C, 0x2588, 0x
  65:Middlewares/Third_Party/FatFs/src/option/ccsbcs.c **** 	0x03C9, 0x03AC, 0x03AD, 0x03AE, 0x03CA, 0x03AF, 0x03CC, 0x03CD, 0x03CB, 0x03CE, 0x0386, 0x0388, 0x
  66:Middlewares/Third_Party/FatFs/src/option/ccsbcs.c **** 	0x038F, 0x00B1, 0x2265, 0x2264, 0x03AA, 0x03AB, 0x00F7, 0x2248, 0x00B0, 0x2219, 0x00B7, 0x221A, 0x
  67:Middlewares/Third_Party/FatFs/src/option/ccsbcs.c **** };
  68:Middlewares/Third_Party/FatFs/src/option/ccsbcs.c **** 
  69:Middlewares/Third_Party/FatFs/src/option/ccsbcs.c **** #elif _CODE_PAGE == 771
  70:Middlewares/Third_Party/FatFs/src/option/ccsbcs.c **** #define _TBLDEF 1
  71:Middlewares/Third_Party/FatFs/src/option/ccsbcs.c **** static
  72:Middlewares/Third_Party/FatFs/src/option/ccsbcs.c **** const WCHAR Tbl[] = {	/*  CP771(0x80-0xFF) to Unicode conversion table */
  73:Middlewares/Third_Party/FatFs/src/option/ccsbcs.c **** 	0x0410, 0x0411, 0x0412, 0x0413, 0x0414, 0x0415, 0x0416, 0x0417, 0x0418, 0x0419, 0x041A, 0x041B, 0x
  74:Middlewares/Third_Party/FatFs/src/option/ccsbcs.c **** 	0x0420, 0x0421, 0x0422, 0x0423, 0x0424, 0x0425, 0x0426, 0x0427, 0x0428, 0x0429, 0x042A, 0x042B, 0x
  75:Middlewares/Third_Party/FatFs/src/option/ccsbcs.c **** 	0x0430, 0x0431, 0x0432, 0x0433, 0x0434, 0x0435, 0x0436, 0x0437, 0x0438, 0x0439, 0x043A, 0x043B, 0x
  76:Middlewares/Third_Party/FatFs/src/option/ccsbcs.c **** 	0x2591, 0x2592, 0x2593, 0x2502, 0x2524, 0x2561, 0x2562, 0x2556, 0x2555, 0x2563, 0x2551, 0x2557, 0x
  77:Middlewares/Third_Party/FatFs/src/option/ccsbcs.c **** 	0x2514, 0x2534, 0x252C, 0x251C, 0x2500, 0x253C, 0x255E, 0x255F, 0x255A, 0x2554, 0x2569, 0x2566, 0x
  78:Middlewares/Third_Party/FatFs/src/option/ccsbcs.c **** 	0x2568, 0x2564, 0x2565, 0x2559, 0x2558, 0x2552, 0x2553, 0x256B, 0x256A, 0x2518, 0x250C, 0x2588, 0x
  79:Middlewares/Third_Party/FatFs/src/option/ccsbcs.c **** 	0x0440, 0x0441, 0x0442, 0x0443, 0x0444, 0x0445, 0x0446, 0x0447, 0x0448, 0x0449, 0x044A, 0x044B, 0x
  80:Middlewares/Third_Party/FatFs/src/option/ccsbcs.c **** 	0x0118, 0x0119, 0x0116, 0x0117, 0x012E, 0x012F, 0x0160, 0x0161, 0x0172, 0x0173, 0x016A, 0x016B, 0x
  81:Middlewares/Third_Party/FatFs/src/option/ccsbcs.c **** };
  82:Middlewares/Third_Party/FatFs/src/option/ccsbcs.c **** 
  83:Middlewares/Third_Party/FatFs/src/option/ccsbcs.c **** #elif _CODE_PAGE == 775
  84:Middlewares/Third_Party/FatFs/src/option/ccsbcs.c **** #define _TBLDEF 1
  85:Middlewares/Third_Party/FatFs/src/option/ccsbcs.c **** static
  86:Middlewares/Third_Party/FatFs/src/option/ccsbcs.c **** const WCHAR Tbl[] = {	/*  CP775(0x80-0xFF) to Unicode conversion table */
  87:Middlewares/Third_Party/FatFs/src/option/ccsbcs.c **** 	0x0106, 0x00FC, 0x00E9, 0x0101, 0x00E4, 0x0123, 0x00E5, 0x0107, 0x0142, 0x0113, 0x0156, 0x0157, 0x
ARM GAS  C:\Users\jason\AppData\Local\Temp\ccAK7ZzR.s 			page 3


  88:Middlewares/Third_Party/FatFs/src/option/ccsbcs.c **** 	0x00C9, 0x00E6, 0x00C6, 0x014D, 0x00F6, 0x0122, 0x00A2, 0x015A, 0x015B, 0x00D6, 0x00DC, 0x00F8, 0x
  89:Middlewares/Third_Party/FatFs/src/option/ccsbcs.c **** 	0x0100, 0x012A, 0x00F3, 0x017B, 0x017C, 0x017A, 0x201D, 0x00A6, 0x00A9, 0x00AE, 0x00AC, 0x00BD, 0x
  90:Middlewares/Third_Party/FatFs/src/option/ccsbcs.c **** 	0x2591, 0x2592, 0x2593, 0x2502, 0x2524, 0x0104, 0x010C, 0x0118, 0x0116, 0x2563, 0x2551, 0x2557, 0x
  91:Middlewares/Third_Party/FatFs/src/option/ccsbcs.c **** 	0x2514, 0x2534, 0x252C, 0x251C, 0x2500, 0x253C, 0x0172, 0x016A, 0x255A, 0x2554, 0x2569, 0x2566, 0x
  92:Middlewares/Third_Party/FatFs/src/option/ccsbcs.c **** 	0x0105, 0x010D, 0x0119, 0x0117, 0x012F, 0x0161, 0x0173, 0x016B, 0x017E, 0x2518, 0x250C, 0x2588, 0x
  93:Middlewares/Third_Party/FatFs/src/option/ccsbcs.c **** 	0x00D3, 0x00DF, 0x014C, 0x0143, 0x00F5, 0x00D5, 0x00B5, 0x0144, 0x0136, 0x0137, 0x013B, 0x013C, 0x
  94:Middlewares/Third_Party/FatFs/src/option/ccsbcs.c **** 	0x00AD, 0x00B1, 0x201C, 0x00BE, 0x00B6, 0x00A7, 0x00F7, 0x201E, 0x00B0, 0x2219, 0x00B7, 0x00B9, 0x
  95:Middlewares/Third_Party/FatFs/src/option/ccsbcs.c **** };
  96:Middlewares/Third_Party/FatFs/src/option/ccsbcs.c **** 
  97:Middlewares/Third_Party/FatFs/src/option/ccsbcs.c **** #elif _CODE_PAGE == 850
  98:Middlewares/Third_Party/FatFs/src/option/ccsbcs.c **** #define _TBLDEF 1
  99:Middlewares/Third_Party/FatFs/src/option/ccsbcs.c **** static
 100:Middlewares/Third_Party/FatFs/src/option/ccsbcs.c **** const WCHAR Tbl[] = {	/*  CP850(0x80-0xFF) to Unicode conversion table */
 101:Middlewares/Third_Party/FatFs/src/option/ccsbcs.c **** 	0x00C7, 0x00FC, 0x00E9, 0x00E2, 0x00E4, 0x00E0, 0x00E5, 0x00E7, 0x00EA, 0x00EB, 0x00E8, 0x00EF, 0x
 102:Middlewares/Third_Party/FatFs/src/option/ccsbcs.c **** 	0x00C9, 0x00E6, 0x00C6, 0x00F4, 0x00F6, 0x00F2, 0x00FB, 0x00F9, 0x00FF, 0x00D6, 0x00DC, 0x00F8, 0x
 103:Middlewares/Third_Party/FatFs/src/option/ccsbcs.c **** 	0x00E1, 0x00ED, 0x00F3, 0x00FA, 0x00F1, 0x00D1, 0x00AA, 0x00BA, 0x00BF, 0x00AE, 0x00AC, 0x00BD, 0x
 104:Middlewares/Third_Party/FatFs/src/option/ccsbcs.c **** 	0x2591, 0x2592, 0x2593, 0x2502, 0x2524, 0x00C1, 0x00C2, 0x00C0, 0x00A9, 0x2563, 0x2551, 0x2557, 0x
 105:Middlewares/Third_Party/FatFs/src/option/ccsbcs.c **** 	0x2514, 0x2534, 0x252C, 0x251C, 0x2500, 0x253C, 0x00E3, 0x00C3, 0x255A, 0x2554, 0x2569, 0x2566, 0x
 106:Middlewares/Third_Party/FatFs/src/option/ccsbcs.c **** 	0x00F0, 0x00D0, 0x00CA, 0x00CB, 0x00C8, 0x0131, 0x00CD, 0x00CE, 0x00CF, 0x2518, 0x250C, 0x2588, 0x
 107:Middlewares/Third_Party/FatFs/src/option/ccsbcs.c **** 	0x00D3, 0x00DF, 0x00D4, 0x00D2, 0x00F5, 0x00D5, 0x00B5, 0x00FE, 0x00DE, 0x00DA, 0x00DB, 0x00D9, 0x
 108:Middlewares/Third_Party/FatFs/src/option/ccsbcs.c **** 	0x00AD, 0x00B1, 0x2017, 0x00BE, 0x00B6, 0x00A7, 0x00F7, 0x00B8, 0x00B0, 0x00A8, 0x00B7, 0x00B9, 0x
 109:Middlewares/Third_Party/FatFs/src/option/ccsbcs.c **** };
 110:Middlewares/Third_Party/FatFs/src/option/ccsbcs.c **** 
 111:Middlewares/Third_Party/FatFs/src/option/ccsbcs.c **** #elif _CODE_PAGE == 852
 112:Middlewares/Third_Party/FatFs/src/option/ccsbcs.c **** #define _TBLDEF 1
 113:Middlewares/Third_Party/FatFs/src/option/ccsbcs.c **** static
 114:Middlewares/Third_Party/FatFs/src/option/ccsbcs.c **** const WCHAR Tbl[] = {	/*  CP852(0x80-0xFF) to Unicode conversion table */
 115:Middlewares/Third_Party/FatFs/src/option/ccsbcs.c **** 	0x00C7, 0x00FC, 0x00E9, 0x00E2, 0x00E4, 0x016F, 0x0107, 0x00E7, 0x0142, 0x00EB, 0x0150, 0x0151, 0x
 116:Middlewares/Third_Party/FatFs/src/option/ccsbcs.c **** 	0x00C9, 0x0139, 0x013A, 0x00F4, 0x00F6, 0x013D, 0x013E, 0x015A, 0x015B, 0x00D6, 0x00DC, 0x0164, 0x
 117:Middlewares/Third_Party/FatFs/src/option/ccsbcs.c **** 	0x00E1, 0x00ED, 0x00F3, 0x00FA, 0x0104, 0x0105, 0x017D, 0x017E, 0x0118, 0x0119, 0x00AC, 0x017A, 0x
 118:Middlewares/Third_Party/FatFs/src/option/ccsbcs.c **** 	0x2591, 0x2592, 0x2593, 0x2502, 0x2524, 0x00C1, 0x00C2, 0x011A, 0x015E, 0x2563, 0x2551, 0x2557, 0x
 119:Middlewares/Third_Party/FatFs/src/option/ccsbcs.c **** 	0x2514, 0x2534, 0x252C, 0x251C, 0x2500, 0x253C, 0x0102, 0x0103, 0x255A, 0x2554, 0x2569, 0x2566, 0x
 120:Middlewares/Third_Party/FatFs/src/option/ccsbcs.c **** 	0x0111, 0x0110, 0x010E, 0x00CB, 0x010F, 0x0147, 0x00CD, 0x00CE, 0x011B, 0x2518, 0x250C, 0x2588, 0x
 121:Middlewares/Third_Party/FatFs/src/option/ccsbcs.c **** 	0x00D3, 0x00DF, 0x00D4, 0x0143, 0x0144, 0x0148, 0x0160, 0x0161, 0x0154, 0x00DA, 0x0155, 0x0170, 0x
 122:Middlewares/Third_Party/FatFs/src/option/ccsbcs.c **** 	0x00AD, 0x02DD, 0x02DB, 0x02C7, 0x02D8, 0x00A7, 0x00F7, 0x00B8, 0x00B0, 0x00A8, 0x02D9, 0x0171, 0x
 123:Middlewares/Third_Party/FatFs/src/option/ccsbcs.c **** };
 124:Middlewares/Third_Party/FatFs/src/option/ccsbcs.c **** 
 125:Middlewares/Third_Party/FatFs/src/option/ccsbcs.c **** #elif _CODE_PAGE == 855
 126:Middlewares/Third_Party/FatFs/src/option/ccsbcs.c **** #define _TBLDEF 1
 127:Middlewares/Third_Party/FatFs/src/option/ccsbcs.c **** static
 128:Middlewares/Third_Party/FatFs/src/option/ccsbcs.c **** const WCHAR Tbl[] = {	/*  CP855(0x80-0xFF) to Unicode conversion table */
 129:Middlewares/Third_Party/FatFs/src/option/ccsbcs.c **** 	0x0452, 0x0402, 0x0453, 0x0403, 0x0451, 0x0401, 0x0454, 0x0404, 0x0455, 0x0405, 0x0456, 0x0406, 0x
 130:Middlewares/Third_Party/FatFs/src/option/ccsbcs.c **** 	0x0459, 0x0409, 0x045A, 0x040A, 0x045B, 0x040B, 0x045C, 0x040C, 0x045E, 0x040E, 0x045F, 0x040F, 0x
 131:Middlewares/Third_Party/FatFs/src/option/ccsbcs.c **** 	0x0430, 0x0410, 0x0431, 0x0411, 0x0446, 0x0426, 0x0434, 0x0414, 0x0435, 0x0415, 0x0444, 0x0424, 0x
 132:Middlewares/Third_Party/FatFs/src/option/ccsbcs.c **** 	0x2591, 0x2592, 0x2593, 0x2502, 0x2524, 0x0445, 0x0425, 0x0438, 0x0418, 0x2563, 0x2551, 0x2557, 0x
 133:Middlewares/Third_Party/FatFs/src/option/ccsbcs.c **** 	0x2514, 0x2534, 0x252C, 0x251C, 0x2500, 0x253C, 0x043A, 0x041A, 0x255A, 0x2554, 0x2569, 0x2566, 0x
 134:Middlewares/Third_Party/FatFs/src/option/ccsbcs.c **** 	0x043B, 0x041B, 0x043C, 0x041C, 0x043D, 0x041D, 0x043E, 0x041E, 0x043F, 0x2518, 0x250C, 0x2588, 0x
 135:Middlewares/Third_Party/FatFs/src/option/ccsbcs.c **** 	0x042F, 0x0440, 0x0420, 0x0441, 0x0421, 0x0442, 0x0422, 0x0443, 0x0423, 0x0436, 0x0416, 0x0432, 0x
 136:Middlewares/Third_Party/FatFs/src/option/ccsbcs.c **** 	0x00AD, 0x044B, 0x042B, 0x0437, 0x0417, 0x0448, 0x0428, 0x044D, 0x042D, 0x0449, 0x0429, 0x0447, 0x
 137:Middlewares/Third_Party/FatFs/src/option/ccsbcs.c **** };
 138:Middlewares/Third_Party/FatFs/src/option/ccsbcs.c **** 
 139:Middlewares/Third_Party/FatFs/src/option/ccsbcs.c **** #elif _CODE_PAGE == 857
 140:Middlewares/Third_Party/FatFs/src/option/ccsbcs.c **** #define _TBLDEF 1
 141:Middlewares/Third_Party/FatFs/src/option/ccsbcs.c **** static
 142:Middlewares/Third_Party/FatFs/src/option/ccsbcs.c **** const WCHAR Tbl[] = {	/*  CP857(0x80-0xFF) to Unicode conversion table */
 143:Middlewares/Third_Party/FatFs/src/option/ccsbcs.c **** 	0x00C7, 0x00FC, 0x00E9, 0x00E2, 0x00E4, 0x00E0, 0x00E5, 0x00E7, 0x00EA, 0x00EB, 0x00E8, 0x00EF, 0x
 144:Middlewares/Third_Party/FatFs/src/option/ccsbcs.c **** 	0x00C9, 0x00E6, 0x00C6, 0x00F4, 0x00F6, 0x00F2, 0x00FB, 0x00F9, 0x0130, 0x00D6, 0x00DC, 0x00F8, 0x
ARM GAS  C:\Users\jason\AppData\Local\Temp\ccAK7ZzR.s 			page 4


 145:Middlewares/Third_Party/FatFs/src/option/ccsbcs.c **** 	0x00E1, 0x00ED, 0x00F3, 0x00FA, 0x00F1, 0x00D1, 0x011E, 0x011F, 0x00BF, 0x00AE, 0x00AC, 0x00BD, 0x
 146:Middlewares/Third_Party/FatFs/src/option/ccsbcs.c **** 	0x2591, 0x2592, 0x2593, 0x2502, 0x2524, 0x00C1, 0x00C2, 0x00C0, 0x00A9, 0x2563, 0x2551, 0x2557, 0x
 147:Middlewares/Third_Party/FatFs/src/option/ccsbcs.c **** 	0x2514, 0x2534, 0x252C, 0x251C, 0x2500, 0x253C, 0x00E3, 0x00C3, 0x255A, 0x2554, 0x2569, 0x2566, 0x
 148:Middlewares/Third_Party/FatFs/src/option/ccsbcs.c **** 	0x00BA, 0x00AA, 0x00CA, 0x00CB, 0x00C8, 0x0000, 0x00CD, 0x00CE, 0x00CF, 0x2518, 0x250C, 0x2588, 0x
 149:Middlewares/Third_Party/FatFs/src/option/ccsbcs.c **** 	0x00D3, 0x00DF, 0x00D4, 0x00D2, 0x00F5, 0x00D5, 0x00B5, 0x0000, 0x00D7, 0x00DA, 0x00DB, 0x00D9, 0x
 150:Middlewares/Third_Party/FatFs/src/option/ccsbcs.c **** 	0x00AD, 0x00B1, 0x0000, 0x00BE, 0x00B6, 0x00A7, 0x00F7, 0x00B8, 0x00B0, 0x00A8, 0x00B7, 0x00B9, 0x
 151:Middlewares/Third_Party/FatFs/src/option/ccsbcs.c **** };
 152:Middlewares/Third_Party/FatFs/src/option/ccsbcs.c **** 
 153:Middlewares/Third_Party/FatFs/src/option/ccsbcs.c **** #elif _CODE_PAGE == 860
 154:Middlewares/Third_Party/FatFs/src/option/ccsbcs.c **** #define _TBLDEF 1
 155:Middlewares/Third_Party/FatFs/src/option/ccsbcs.c **** static
 156:Middlewares/Third_Party/FatFs/src/option/ccsbcs.c **** const WCHAR Tbl[] = {	/*  CP860(0x80-0xFF) to Unicode conversion table */
 157:Middlewares/Third_Party/FatFs/src/option/ccsbcs.c **** 	0x00C7, 0x00FC, 0x00E9, 0x00E2, 0x00E3, 0x00E0, 0x00C1, 0x00E7, 0x00EA, 0x00CA, 0x00E8, 0x00CD, 0x
 158:Middlewares/Third_Party/FatFs/src/option/ccsbcs.c **** 	0x00C9, 0x00C0, 0x00C8, 0x00F4, 0x00F5, 0x00F2, 0x00DA, 0x00F9, 0x00CC, 0x00D5, 0x00DC, 0x00A2, 0x
 159:Middlewares/Third_Party/FatFs/src/option/ccsbcs.c **** 	0x00E1, 0x00ED, 0x00F3, 0x00FA, 0x00F1, 0x00D1, 0x00AA, 0x00BA, 0x00BF, 0x00D2, 0x00AC, 0x00BD, 0x
 160:Middlewares/Third_Party/FatFs/src/option/ccsbcs.c **** 	0x2591, 0x2592, 0x2593, 0x2502, 0x2524, 0x2561, 0x2562, 0x2556, 0x2555, 0x2563, 0x2551, 0x2557, 0x
 161:Middlewares/Third_Party/FatFs/src/option/ccsbcs.c **** 	0x2514, 0x2534, 0x252C, 0x251C, 0x2500, 0x253C, 0x255E, 0x255F, 0x255A, 0x2554, 0x2569, 0x2566, 0x
 162:Middlewares/Third_Party/FatFs/src/option/ccsbcs.c **** 	0x2568, 0x2564, 0x2565, 0x2559, 0x2558, 0x2552, 0x2553, 0x256B, 0x256A, 0x2518, 0x250C, 0x2588, 0x
 163:Middlewares/Third_Party/FatFs/src/option/ccsbcs.c **** 	0x03B1, 0x00DF, 0x0393, 0x03C0, 0x03A3, 0x03C3, 0x00B5, 0x03C4, 0x03A6, 0x0398, 0x03A9, 0x03B4, 0x
 164:Middlewares/Third_Party/FatFs/src/option/ccsbcs.c **** 	0x2261, 0x00B1, 0x2265, 0x2264, 0x2320, 0x2321, 0x00F7, 0x2248, 0x00B0, 0x2219, 0x00B7, 0x221A, 0x
 165:Middlewares/Third_Party/FatFs/src/option/ccsbcs.c **** };
 166:Middlewares/Third_Party/FatFs/src/option/ccsbcs.c **** 
 167:Middlewares/Third_Party/FatFs/src/option/ccsbcs.c **** #elif _CODE_PAGE == 861
 168:Middlewares/Third_Party/FatFs/src/option/ccsbcs.c **** #define _TBLDEF 1
 169:Middlewares/Third_Party/FatFs/src/option/ccsbcs.c **** static
 170:Middlewares/Third_Party/FatFs/src/option/ccsbcs.c **** const WCHAR Tbl[] = {	/*  CP861(0x80-0xFF) to Unicode conversion table */
 171:Middlewares/Third_Party/FatFs/src/option/ccsbcs.c **** 	0x00C7, 0x00FC, 0x00E9, 0x00E2, 0x00E4, 0x00E0, 0x00E6, 0x00E7, 0x00EA, 0x00EB, 0x00E8, 0x00D0, 0x
 172:Middlewares/Third_Party/FatFs/src/option/ccsbcs.c **** 	0x00C9, 0x00E6, 0x00C6, 0x00F4, 0x00F6, 0x00FE, 0x00FB, 0x00DD, 0x00FD, 0x00D6, 0x00DC, 0x00F8, 0x
 173:Middlewares/Third_Party/FatFs/src/option/ccsbcs.c **** 	0x00E1, 0x00ED, 0x00F3, 0x00FA, 0x00C1, 0x00CD, 0x00D3, 0x00DA, 0x00BF, 0x2310, 0x00AC, 0x00BD, 0x
 174:Middlewares/Third_Party/FatFs/src/option/ccsbcs.c **** 	0x2591, 0x2592, 0x2593, 0x2502, 0x2524, 0x2561, 0x2562, 0x2556, 0x2555, 0x2563, 0x2551, 0x2557, 0x
 175:Middlewares/Third_Party/FatFs/src/option/ccsbcs.c **** 	0x2514, 0x2534, 0x252C, 0x251C, 0x2500, 0x253C, 0x255E, 0x255F, 0x255A, 0x2554, 0x2569, 0x2566, 0x
 176:Middlewares/Third_Party/FatFs/src/option/ccsbcs.c **** 	0x2568, 0x2564, 0x2565, 0x2559, 0x2558, 0x2552, 0x2553, 0x256B, 0x256A, 0x2518, 0x250C, 0x2588, 0x
 177:Middlewares/Third_Party/FatFs/src/option/ccsbcs.c **** 	0x03B1, 0x00DF, 0x0393, 0x03C0, 0x03A3, 0x03C3, 0x00B5, 0x03C4, 0x03A6, 0x0398, 0x03A9, 0x03B4, 0x
 178:Middlewares/Third_Party/FatFs/src/option/ccsbcs.c **** 	0x2261, 0x00B1, 0x2265, 0x2264, 0x2320, 0x2321, 0x00F7, 0x2248, 0x00B0, 0x2219, 0x00B7, 0x221A, 0x
 179:Middlewares/Third_Party/FatFs/src/option/ccsbcs.c **** };
 180:Middlewares/Third_Party/FatFs/src/option/ccsbcs.c **** 
 181:Middlewares/Third_Party/FatFs/src/option/ccsbcs.c **** #elif _CODE_PAGE == 862
 182:Middlewares/Third_Party/FatFs/src/option/ccsbcs.c **** #define _TBLDEF 1
 183:Middlewares/Third_Party/FatFs/src/option/ccsbcs.c **** static
 184:Middlewares/Third_Party/FatFs/src/option/ccsbcs.c **** const WCHAR Tbl[] = {	/*  CP862(0x80-0xFF) to Unicode conversion table */
 185:Middlewares/Third_Party/FatFs/src/option/ccsbcs.c **** 	0x05D0, 0x05D1, 0x05D2, 0x05D3, 0x05D4, 0x05D5, 0x05D6, 0x05D7, 0x05D8, 0x05D9, 0x05DA, 0x05DB, 0x
 186:Middlewares/Third_Party/FatFs/src/option/ccsbcs.c **** 	0x05E0, 0x05E1, 0x05E2, 0x05E3, 0x05E4, 0x05E5, 0x05E6, 0x05E7, 0x05E8, 0x05E9, 0x05EA, 0x00A2, 0x
 187:Middlewares/Third_Party/FatFs/src/option/ccsbcs.c **** 	0x00E1, 0x00ED, 0x00F3, 0x00FA, 0x00F1, 0x00D1, 0x00AA, 0x00BA, 0x00BF, 0x2310, 0x00AC, 0x00BD, 0x
 188:Middlewares/Third_Party/FatFs/src/option/ccsbcs.c **** 	0x2591, 0x2592, 0x2593, 0x2502, 0x2524, 0x2561, 0x2562, 0x2556, 0x2555, 0x2563, 0x2551, 0x2557, 0x
 189:Middlewares/Third_Party/FatFs/src/option/ccsbcs.c **** 	0x2514, 0x2534, 0x252C, 0x251C, 0x2500, 0x253C, 0x255E, 0x255F, 0x255A, 0x2554, 0x2569, 0x2566, 0x
 190:Middlewares/Third_Party/FatFs/src/option/ccsbcs.c **** 	0x2568, 0x2564, 0x2565, 0x2559, 0x2558, 0x2552, 0x2553, 0x256B, 0x256A, 0x2518, 0x250C, 0x2588, 0x
 191:Middlewares/Third_Party/FatFs/src/option/ccsbcs.c **** 	0x03B1, 0x00DF, 0x0393, 0x03C0, 0x03A3, 0x03C3, 0x00B5, 0x03C4, 0x03A6, 0x0398, 0x03A9, 0x03B4, 0x
 192:Middlewares/Third_Party/FatFs/src/option/ccsbcs.c **** 	0x2261, 0x00B1, 0x2265, 0x2264, 0x2320, 0x2321, 0x00F7, 0x2248, 0x00B0, 0x2219, 0x00B7, 0x221A, 0x
 193:Middlewares/Third_Party/FatFs/src/option/ccsbcs.c **** };
 194:Middlewares/Third_Party/FatFs/src/option/ccsbcs.c **** 
 195:Middlewares/Third_Party/FatFs/src/option/ccsbcs.c **** #elif _CODE_PAGE == 863
 196:Middlewares/Third_Party/FatFs/src/option/ccsbcs.c **** #define _TBLDEF 1
 197:Middlewares/Third_Party/FatFs/src/option/ccsbcs.c **** static
 198:Middlewares/Third_Party/FatFs/src/option/ccsbcs.c **** const WCHAR Tbl[] = {	/*  CP863(0x80-0xFF) to Unicode conversion table */
 199:Middlewares/Third_Party/FatFs/src/option/ccsbcs.c **** 	0x00C7, 0x00FC, 0x00E9, 0x00E2, 0x00C2, 0x00E0, 0x00B6, 0x00E7, 0x00EA, 0x00EB, 0x00E8, 0x00EF, 0x
 200:Middlewares/Third_Party/FatFs/src/option/ccsbcs.c **** 	0x00C9, 0x00C8, 0x00CA, 0x00F4, 0x00CB, 0x00CF, 0x00FB, 0x00F9, 0x00A4, 0x00D4, 0x00DC, 0x00A2, 0x
 201:Middlewares/Third_Party/FatFs/src/option/ccsbcs.c **** 	0x00A6, 0x00B4, 0x00F3, 0x00FA, 0x00A8, 0x00BB, 0x00B3, 0x00AF, 0x00CE, 0x3210, 0x00AC, 0x00BD, 0x
ARM GAS  C:\Users\jason\AppData\Local\Temp\ccAK7ZzR.s 			page 5


 202:Middlewares/Third_Party/FatFs/src/option/ccsbcs.c **** 	0x2591, 0x2592, 0x2593, 0x2502, 0x2524, 0x2561, 0x2562, 0x2556, 0x2555, 0x2563, 0x2551, 0x2557, 0x
 203:Middlewares/Third_Party/FatFs/src/option/ccsbcs.c **** 	0x2514, 0x2534, 0x252C, 0x251C, 0x2500, 0x253C, 0x255E, 0x255F, 0x255A, 0x2554, 0x2569, 0x2566, 0x
 204:Middlewares/Third_Party/FatFs/src/option/ccsbcs.c **** 	0x2568, 0x2564, 0x2565, 0x2559, 0x2558, 0x2552, 0x2553, 0x256B, 0x256A, 0x2518, 0x250C, 0x2588, 0x
 205:Middlewares/Third_Party/FatFs/src/option/ccsbcs.c **** 	0x03B1, 0x00DF, 0x0393, 0x03C0, 0x03A3, 0x03C3, 0x00B5, 0x03C4, 0x03A6, 0x0398, 0x03A9, 0x03B4, 0x
 206:Middlewares/Third_Party/FatFs/src/option/ccsbcs.c **** 	0x2261, 0x00B1, 0x2265, 0x2264, 0x2320, 0x2321, 0x00F7, 0x2248, 0x00B0, 0x2219, 0x00B7, 0x221A, 0x
 207:Middlewares/Third_Party/FatFs/src/option/ccsbcs.c **** };
 208:Middlewares/Third_Party/FatFs/src/option/ccsbcs.c **** 
 209:Middlewares/Third_Party/FatFs/src/option/ccsbcs.c **** #elif _CODE_PAGE == 864
 210:Middlewares/Third_Party/FatFs/src/option/ccsbcs.c **** #define _TBLDEF 1
 211:Middlewares/Third_Party/FatFs/src/option/ccsbcs.c **** static
 212:Middlewares/Third_Party/FatFs/src/option/ccsbcs.c **** const WCHAR Tbl[] = {	/*  CP864(0x80-0xFF) to Unicode conversion table */
 213:Middlewares/Third_Party/FatFs/src/option/ccsbcs.c **** 	0x00B0, 0x00B7, 0x2219, 0x221A, 0x2592, 0x2500, 0x2502, 0x253C, 0x2524, 0x252C, 0x251C, 0x2534, 0x
 214:Middlewares/Third_Party/FatFs/src/option/ccsbcs.c **** 	0x03B2, 0x221E, 0x03C6, 0x00B1, 0x00BD, 0x00BC, 0x2248, 0x00AB, 0x00BB, 0xFEF7, 0xFEF8, 0x0000, 0x
 215:Middlewares/Third_Party/FatFs/src/option/ccsbcs.c **** 	0x00A0, 0x00AD, 0xFE82, 0x00A3, 0x00A4, 0xFE84, 0x0000, 0x20AC, 0xFE8E, 0xFE8F, 0xFE95, 0xFE99, 0x
 216:Middlewares/Third_Party/FatFs/src/option/ccsbcs.c **** 	0x0660, 0x0661, 0x0662, 0x0663, 0x0664, 0x0665, 0x0666, 0x0667, 0x0668, 0x0669, 0xFED1, 0x061B, 0x
 217:Middlewares/Third_Party/FatFs/src/option/ccsbcs.c **** 	0x00A2, 0xFE80, 0xFE81, 0xFE83, 0xFE85, 0xFECA, 0xFE8B, 0xFE8D, 0xFE91, 0xFE93, 0xFE97, 0xFE9B, 0x
 218:Middlewares/Third_Party/FatFs/src/option/ccsbcs.c **** 	0xFEAB, 0xFEAD, 0xFEAF, 0xFEB3, 0xFEB7, 0xFEBB, 0xFEBF, 0xFEC1, 0xFEC5, 0xFECB, 0xFECF, 0x00A6, 0x
 219:Middlewares/Third_Party/FatFs/src/option/ccsbcs.c **** 	0x0640, 0xFED3, 0xFED7, 0xFEDB, 0xFEDF, 0xFEE3, 0xFEE7, 0xFEEB, 0xFEED, 0xFEEF, 0xFEF3, 0xFEBD, 0x
 220:Middlewares/Third_Party/FatFs/src/option/ccsbcs.c **** 	0xFE7D, 0x0651, 0xFEE5, 0xFEE9, 0xFEEC, 0xFEF0, 0xFEF2, 0xFED0, 0xFED5, 0xFEF5, 0xFEF6, 0xFEDD, 0x
 221:Middlewares/Third_Party/FatFs/src/option/ccsbcs.c **** };
 222:Middlewares/Third_Party/FatFs/src/option/ccsbcs.c **** 
 223:Middlewares/Third_Party/FatFs/src/option/ccsbcs.c **** #elif _CODE_PAGE == 865
 224:Middlewares/Third_Party/FatFs/src/option/ccsbcs.c **** #define _TBLDEF 1
 225:Middlewares/Third_Party/FatFs/src/option/ccsbcs.c **** static
 226:Middlewares/Third_Party/FatFs/src/option/ccsbcs.c **** const WCHAR Tbl[] = {	/*  CP865(0x80-0xFF) to Unicode conversion table */
 227:Middlewares/Third_Party/FatFs/src/option/ccsbcs.c **** 	0x00C7, 0x00FC, 0x00E9, 0x00E2, 0x00E4, 0x00E0, 0x00E5, 0x00E7, 0x00EA, 0x00EB, 0x00E8, 0x00EF, 0x
 228:Middlewares/Third_Party/FatFs/src/option/ccsbcs.c **** 	0x00C5, 0x00E6, 0x00C6, 0x00F4, 0x00F6, 0x00F2, 0x00FB, 0x00F9, 0x00FF, 0x00D6, 0x00DC, 0x00F8, 0x
 229:Middlewares/Third_Party/FatFs/src/option/ccsbcs.c **** 	0x00E1, 0x00ED, 0x00F3, 0x00FA, 0x00F1, 0x00D1, 0x00AA, 0x00BA, 0x00BF, 0x2310, 0x00AC, 0x00BD, 0x
 230:Middlewares/Third_Party/FatFs/src/option/ccsbcs.c **** 	0x2591, 0x2592, 0x2593, 0x2502, 0x2524, 0x2561, 0x2562, 0x2556, 0x2555, 0x2563, 0x2551, 0x2557, 0x
 231:Middlewares/Third_Party/FatFs/src/option/ccsbcs.c **** 	0x2514, 0x2534, 0x252C, 0x251C, 0x2500, 0x253C, 0x255E, 0x255F, 0x255A, 0x2554, 0x2569, 0x2566, 0x
 232:Middlewares/Third_Party/FatFs/src/option/ccsbcs.c **** 	0x2568, 0x2564, 0x2565, 0x2559, 0x2558, 0x2552, 0x2553, 0x256B, 0x256A, 0x2518, 0x250C, 0x2588, 0x
 233:Middlewares/Third_Party/FatFs/src/option/ccsbcs.c **** 	0x03B1, 0x00DF, 0x0393, 0x03C0, 0x03A3, 0x03C3, 0x00B5, 0x03C4, 0x03A6, 0x0398, 0x03A9, 0x03B4, 0x
 234:Middlewares/Third_Party/FatFs/src/option/ccsbcs.c **** 	0x2261, 0x00B1, 0x2265, 0x2264, 0x2320, 0x2321, 0x00F7, 0x2248, 0x00B0, 0x2219, 0x00B7, 0x221A, 0x
 235:Middlewares/Third_Party/FatFs/src/option/ccsbcs.c **** };
 236:Middlewares/Third_Party/FatFs/src/option/ccsbcs.c **** 
 237:Middlewares/Third_Party/FatFs/src/option/ccsbcs.c **** #elif _CODE_PAGE == 866
 238:Middlewares/Third_Party/FatFs/src/option/ccsbcs.c **** #define _TBLDEF 1
 239:Middlewares/Third_Party/FatFs/src/option/ccsbcs.c **** static
 240:Middlewares/Third_Party/FatFs/src/option/ccsbcs.c **** const WCHAR Tbl[] = {	/*  CP866(0x80-0xFF) to Unicode conversion table */
 241:Middlewares/Third_Party/FatFs/src/option/ccsbcs.c **** 	0x0410, 0x0411, 0x0412, 0x0413, 0x0414, 0x0415, 0x0416, 0x0417, 0x0418, 0x0419, 0x041A, 0x041B, 0x
 242:Middlewares/Third_Party/FatFs/src/option/ccsbcs.c **** 	0x0420, 0x0421, 0x0422, 0x0423, 0x0424, 0x0425, 0x0426, 0x0427, 0x0428, 0x0429, 0x042A, 0x042B, 0x
 243:Middlewares/Third_Party/FatFs/src/option/ccsbcs.c **** 	0x0430, 0x0431, 0x0432, 0x0433, 0x0434, 0x0435, 0x0436, 0x0437, 0x0438, 0x0439, 0x043A, 0x043B, 0x
 244:Middlewares/Third_Party/FatFs/src/option/ccsbcs.c **** 	0x2591, 0x2592, 0x2593, 0x2502, 0x2524, 0x2561, 0x2562, 0x2556, 0x2555, 0x2563, 0x2551, 0x2557, 0x
 245:Middlewares/Third_Party/FatFs/src/option/ccsbcs.c **** 	0x2514, 0x2534, 0x252C, 0x251C, 0x2500, 0x253C, 0x255E, 0x255F, 0x255A, 0x2554, 0x2569, 0x2566, 0x
 246:Middlewares/Third_Party/FatFs/src/option/ccsbcs.c **** 	0x2568, 0x2564, 0x2565, 0x2559, 0x2558, 0x2552, 0x2553, 0x256B, 0x256A, 0x2518, 0x250C, 0x2588, 0x
 247:Middlewares/Third_Party/FatFs/src/option/ccsbcs.c **** 	0x0440, 0x0441, 0x0442, 0x0443, 0x0444, 0x0445, 0x0446, 0x0447, 0x0448, 0x0449, 0x044A, 0x044B, 0x
 248:Middlewares/Third_Party/FatFs/src/option/ccsbcs.c **** 	0x0401, 0x0451, 0x0404, 0x0454, 0x0407, 0x0457, 0x040E, 0x045E, 0x00B0, 0x2219, 0x00B7, 0x221A, 0x
 249:Middlewares/Third_Party/FatFs/src/option/ccsbcs.c **** };
 250:Middlewares/Third_Party/FatFs/src/option/ccsbcs.c **** 
 251:Middlewares/Third_Party/FatFs/src/option/ccsbcs.c **** #elif _CODE_PAGE == 869
 252:Middlewares/Third_Party/FatFs/src/option/ccsbcs.c **** #define _TBLDEF 1
 253:Middlewares/Third_Party/FatFs/src/option/ccsbcs.c **** static
 254:Middlewares/Third_Party/FatFs/src/option/ccsbcs.c **** const WCHAR Tbl[] = {	/*  CP869(0x80-0xFF) to Unicode conversion table */
 255:Middlewares/Third_Party/FatFs/src/option/ccsbcs.c **** 	0x00B7, 0x00B7, 0x00B7, 0x00B7, 0x00B7, 0x00B7, 0x0386, 0x00B7, 0x00B7, 0x00AC, 0x00A6, 0x2018, 0x
 256:Middlewares/Third_Party/FatFs/src/option/ccsbcs.c **** 	0x038A, 0x03AA, 0x038C, 0x00B7, 0x00B7, 0x038E, 0x03AB, 0x00A9, 0x038F, 0x00B2, 0x00B3, 0x03AC, 0x
 257:Middlewares/Third_Party/FatFs/src/option/ccsbcs.c **** 	0x03CA, 0x0390, 0x03CC, 0x03CD, 0x0391, 0x0392, 0x0393, 0x0394, 0x0395, 0x0396, 0x0397, 0x00BD, 0x
 258:Middlewares/Third_Party/FatFs/src/option/ccsbcs.c **** 	0x2591, 0x2592, 0x2593, 0x2502, 0x2524, 0x039A, 0x039B, 0x039C, 0x039D, 0x2563, 0x2551, 0x2557, 0x
ARM GAS  C:\Users\jason\AppData\Local\Temp\ccAK7ZzR.s 			page 6


 259:Middlewares/Third_Party/FatFs/src/option/ccsbcs.c **** 	0x2514, 0x2534, 0x252C, 0x251C, 0x2500, 0x253C, 0x0A30, 0x03A1, 0x255A, 0x2554, 0x2569, 0x2566, 0x
 260:Middlewares/Third_Party/FatFs/src/option/ccsbcs.c **** 	0x03A4, 0x03A5, 0x03A6, 0x03A7, 0x03A8, 0x03A9, 0x03B1, 0x03B2, 0x03B3, 0x2518, 0x250C, 0x2588, 0x
 261:Middlewares/Third_Party/FatFs/src/option/ccsbcs.c **** 	0x03B6, 0x03B7, 0x03B8, 0x03B9, 0x03BA, 0x03BB, 0x03BC, 0x03BD, 0x03BE, 0x03BF, 0x03C0, 0x03C1, 0x
 262:Middlewares/Third_Party/FatFs/src/option/ccsbcs.c **** 	0x00AD, 0x00B1, 0x03C5, 0x03C6, 0x03C7, 0x00A7, 0x03C8, 0x0385, 0x00B0, 0x00A8, 0x03C9, 0x03CB, 0x
 263:Middlewares/Third_Party/FatFs/src/option/ccsbcs.c **** };
 264:Middlewares/Third_Party/FatFs/src/option/ccsbcs.c **** 
 265:Middlewares/Third_Party/FatFs/src/option/ccsbcs.c **** #endif
 266:Middlewares/Third_Party/FatFs/src/option/ccsbcs.c **** 
 267:Middlewares/Third_Party/FatFs/src/option/ccsbcs.c **** 
 268:Middlewares/Third_Party/FatFs/src/option/ccsbcs.c **** #if !_TBLDEF || !_USE_LFN
 269:Middlewares/Third_Party/FatFs/src/option/ccsbcs.c **** #error This file is not needed at current configuration. Remove from the project.
 270:Middlewares/Third_Party/FatFs/src/option/ccsbcs.c **** #endif
 271:Middlewares/Third_Party/FatFs/src/option/ccsbcs.c **** 
 272:Middlewares/Third_Party/FatFs/src/option/ccsbcs.c **** 
 273:Middlewares/Third_Party/FatFs/src/option/ccsbcs.c **** 
 274:Middlewares/Third_Party/FatFs/src/option/ccsbcs.c **** 
 275:Middlewares/Third_Party/FatFs/src/option/ccsbcs.c **** WCHAR ff_convert (	/* Converted character, Returns zero on error */
 276:Middlewares/Third_Party/FatFs/src/option/ccsbcs.c **** 	WCHAR	chr,	/* Character code to be converted */
 277:Middlewares/Third_Party/FatFs/src/option/ccsbcs.c **** 	UINT	dir		/* 0: Unicode to OEM code, 1: OEM code to Unicode */
 278:Middlewares/Third_Party/FatFs/src/option/ccsbcs.c **** )
 279:Middlewares/Third_Party/FatFs/src/option/ccsbcs.c **** {
  29              		.loc 1 279 1 view -0
  30              		.cfi_startproc
  31              		@ args = 0, pretend = 0, frame = 0
  32              		@ frame_needed = 0, uses_anonymous_args = 0
  33              		@ link register save eliminated.
 280:Middlewares/Third_Party/FatFs/src/option/ccsbcs.c **** 	WCHAR c;
  34              		.loc 1 280 2 view .LVU1
 281:Middlewares/Third_Party/FatFs/src/option/ccsbcs.c **** 
 282:Middlewares/Third_Party/FatFs/src/option/ccsbcs.c **** 
 283:Middlewares/Third_Party/FatFs/src/option/ccsbcs.c **** 	if (chr < 0x80) {	/* ASCII */
  35              		.loc 1 283 2 view .LVU2
  36              		.loc 1 283 5 is_stmt 0 view .LVU3
  37 0000 7F28     		cmp	r0, #127
  38 0002 17D9     		bls	.L2
 284:Middlewares/Third_Party/FatFs/src/option/ccsbcs.c **** 		c = chr;
 285:Middlewares/Third_Party/FatFs/src/option/ccsbcs.c **** 
 286:Middlewares/Third_Party/FatFs/src/option/ccsbcs.c **** 	} else {
 287:Middlewares/Third_Party/FatFs/src/option/ccsbcs.c **** 		if (dir) {		/* OEM code to Unicode */
  39              		.loc 1 287 3 is_stmt 1 view .LVU4
  40              		.loc 1 287 6 is_stmt 0 view .LVU5
  41 0004 31B1     		cbz	r1, .L6
 288:Middlewares/Third_Party/FatFs/src/option/ccsbcs.c **** 			c = (chr >= 0x100) ? 0 : Tbl[chr - 0x80];
  42              		.loc 1 288 4 is_stmt 1 view .LVU6
  43              		.loc 1 288 6 is_stmt 0 view .LVU7
  44 0006 FF28     		cmp	r0, #255
  45 0008 13D8     		bhi	.L7
  46              		.loc 1 288 37 discriminator 1 view .LVU8
  47 000a 8038     		subs	r0, r0, #128
  48              	.LVL1:
  49              		.loc 1 288 6 discriminator 1 view .LVU9
  50 000c 0A4B     		ldr	r3, .L8
  51 000e 33F81000 		ldrh	r0, [r3, r0, lsl #1]
  52              	.LVL2:
  53              		.loc 1 288 6 discriminator 1 view .LVU10
  54 0012 7047     		bx	lr
  55              	.LVL3:
ARM GAS  C:\Users\jason\AppData\Local\Temp\ccAK7ZzR.s 			page 7


  56              	.L6:
 289:Middlewares/Third_Party/FatFs/src/option/ccsbcs.c **** 
 290:Middlewares/Third_Party/FatFs/src/option/ccsbcs.c **** 		} else {		/* Unicode to OEM code */
 291:Middlewares/Third_Party/FatFs/src/option/ccsbcs.c **** 			for (c = 0; c < 0x80; c++) {
  57              		.loc 1 291 11 view .LVU11
  58 0014 0B46     		mov	r3, r1
  59              	.L3:
  60              	.LVL4:
  61              		.loc 1 291 18 is_stmt 1 discriminator 1 view .LVU12
  62 0016 7F2B     		cmp	r3, #127
  63 0018 07D8     		bhi	.L4
 292:Middlewares/Third_Party/FatFs/src/option/ccsbcs.c **** 				if (chr == Tbl[c]) break;
  64              		.loc 1 292 5 view .LVU13
  65              		.loc 1 292 19 is_stmt 0 view .LVU14
  66 001a 074A     		ldr	r2, .L8
  67 001c 32F81320 		ldrh	r2, [r2, r3, lsl #1]
  68              		.loc 1 292 8 view .LVU15
  69 0020 8242     		cmp	r2, r0
  70 0022 02D0     		beq	.L4
 291:Middlewares/Third_Party/FatFs/src/option/ccsbcs.c **** 				if (chr == Tbl[c]) break;
  71              		.loc 1 291 27 is_stmt 1 discriminator 2 view .LVU16
  72 0024 0133     		adds	r3, r3, #1
  73              	.LVL5:
 291:Middlewares/Third_Party/FatFs/src/option/ccsbcs.c **** 				if (chr == Tbl[c]) break;
  74              		.loc 1 291 27 is_stmt 0 discriminator 2 view .LVU17
  75 0026 9BB2     		uxth	r3, r3
  76              	.LVL6:
 291:Middlewares/Third_Party/FatFs/src/option/ccsbcs.c **** 				if (chr == Tbl[c]) break;
  77              		.loc 1 291 27 discriminator 2 view .LVU18
  78 0028 F5E7     		b	.L3
  79              	.L4:
 293:Middlewares/Third_Party/FatFs/src/option/ccsbcs.c **** 			}
 294:Middlewares/Third_Party/FatFs/src/option/ccsbcs.c **** 			c = (c + 0x80) & 0xFF;
  80              		.loc 1 294 4 is_stmt 1 view .LVU19
  81              		.loc 1 294 11 is_stmt 0 view .LVU20
  82 002a 03F18000 		add	r0, r3, #128
  83              	.LVL7:
  84              		.loc 1 294 6 view .LVU21
  85 002e C0B2     		uxtb	r0, r0
  86              	.LVL8:
  87              		.loc 1 294 6 view .LVU22
  88 0030 7047     		bx	lr
  89              	.LVL9:
  90              	.L7:
 288:Middlewares/Third_Party/FatFs/src/option/ccsbcs.c **** 
  91              		.loc 1 288 6 discriminator 2 view .LVU23
  92 0032 0020     		movs	r0, #0
  93              	.LVL10:
  94              	.L2:
 295:Middlewares/Third_Party/FatFs/src/option/ccsbcs.c **** 		}
 296:Middlewares/Third_Party/FatFs/src/option/ccsbcs.c **** 	}
 297:Middlewares/Third_Party/FatFs/src/option/ccsbcs.c **** 
 298:Middlewares/Third_Party/FatFs/src/option/ccsbcs.c **** 	return c;
  95              		.loc 1 298 2 is_stmt 1 view .LVU24
 299:Middlewares/Third_Party/FatFs/src/option/ccsbcs.c **** }
  96              		.loc 1 299 1 is_stmt 0 view .LVU25
  97 0034 7047     		bx	lr
ARM GAS  C:\Users\jason\AppData\Local\Temp\ccAK7ZzR.s 			page 8


  98              	.L9:
  99 0036 00BF     		.align	2
 100              	.L8:
 101 0038 00000000 		.word	Tbl
 102              		.cfi_endproc
 103              	.LFE148:
 105              		.section	.text.ff_wtoupper,"ax",%progbits
 106              		.align	1
 107              		.global	ff_wtoupper
 108              		.syntax unified
 109              		.thumb
 110              		.thumb_func
 112              	ff_wtoupper:
 113              	.LVL11:
 114              	.LFB149:
 300:Middlewares/Third_Party/FatFs/src/option/ccsbcs.c **** 
 301:Middlewares/Third_Party/FatFs/src/option/ccsbcs.c **** 
 302:Middlewares/Third_Party/FatFs/src/option/ccsbcs.c **** 
 303:Middlewares/Third_Party/FatFs/src/option/ccsbcs.c **** WCHAR ff_wtoupper (	/* Returns upper converted character */
 304:Middlewares/Third_Party/FatFs/src/option/ccsbcs.c **** 	WCHAR chr		/* Unicode character to be upper converted (BMP only) */
 305:Middlewares/Third_Party/FatFs/src/option/ccsbcs.c **** )
 306:Middlewares/Third_Party/FatFs/src/option/ccsbcs.c **** {
 115              		.loc 1 306 1 is_stmt 1 view -0
 116              		.cfi_startproc
 117              		@ args = 0, pretend = 0, frame = 0
 118              		@ frame_needed = 0, uses_anonymous_args = 0
 307:Middlewares/Third_Party/FatFs/src/option/ccsbcs.c **** 	/* Compressed upper conversion table */
 308:Middlewares/Third_Party/FatFs/src/option/ccsbcs.c **** 	static const WCHAR cvt1[] = {	/* U+0000 - U+0FFF */
 119              		.loc 1 308 2 view .LVU27
 309:Middlewares/Third_Party/FatFs/src/option/ccsbcs.c **** 		/* Basic Latin */
 310:Middlewares/Third_Party/FatFs/src/option/ccsbcs.c **** 		0x0061,0x031A,
 311:Middlewares/Third_Party/FatFs/src/option/ccsbcs.c **** 		/* Latin-1 Supplement */
 312:Middlewares/Third_Party/FatFs/src/option/ccsbcs.c **** 		0x00E0,0x0317,  0x00F8,0x0307,  0x00FF,0x0001,0x0178,
 313:Middlewares/Third_Party/FatFs/src/option/ccsbcs.c **** 		/* Latin Extended-A */
 314:Middlewares/Third_Party/FatFs/src/option/ccsbcs.c **** 		0x0100,0x0130,  0x0132,0x0106,  0x0139,0x0110,  0x014A,0x012E,  0x0179,0x0106,
 315:Middlewares/Third_Party/FatFs/src/option/ccsbcs.c **** 		/* Latin Extended-B */
 316:Middlewares/Third_Party/FatFs/src/option/ccsbcs.c **** 		0x0180,0x004D,0x0243,0x0181,0x0182,0x0182,0x0184,0x0184,0x0186,0x0187,0x0187,0x0189,0x018A,0x018B
 317:Middlewares/Third_Party/FatFs/src/option/ccsbcs.c **** 		0x01CD,0x0110,  0x01DD,0x0001,0x018E,  0x01DE,0x0112,  0x01F3,0x0003,0x01F1,0x01F4,0x01F4,  0x01F
 318:Middlewares/Third_Party/FatFs/src/option/ccsbcs.c **** 		0x0222,0x0112,  0x023A,0x0009,0x2C65,0x023B,0x023B,0x023D,0x2C66,0x023F,0x0240,0x0241,0x0241,  0x
 319:Middlewares/Third_Party/FatFs/src/option/ccsbcs.c **** 		/* IPA Extensions */
 320:Middlewares/Third_Party/FatFs/src/option/ccsbcs.c **** 		0x0253,0x0040,0x0181,0x0186,0x0255,0x0189,0x018A,0x0258,0x018F,0x025A,0x0190,0x025C,0x025D,0x025E
 321:Middlewares/Third_Party/FatFs/src/option/ccsbcs.c **** 		/* Greek, Coptic */
 322:Middlewares/Third_Party/FatFs/src/option/ccsbcs.c **** 		0x037B,0x0003,0x03FD,0x03FE,0x03FF,  0x03AC,0x0004,0x0386,0x0388,0x0389,0x038A,  0x03B1,0x0311,
 323:Middlewares/Third_Party/FatFs/src/option/ccsbcs.c **** 		0x03C2,0x0002,0x03A3,0x03A3,  0x03C4,0x0308,  0x03CC,0x0003,0x038C,0x038E,0x038F,  0x03D8,0x0118,
 324:Middlewares/Third_Party/FatFs/src/option/ccsbcs.c **** 		0x03F2,0x000A,0x03F9,0x03F3,0x03F4,0x03F5,0x03F6,0x03F7,0x03F7,0x03F9,0x03FA,0x03FA,
 325:Middlewares/Third_Party/FatFs/src/option/ccsbcs.c **** 		/* Cyrillic */
 326:Middlewares/Third_Party/FatFs/src/option/ccsbcs.c **** 		0x0430,0x0320,  0x0450,0x0710,  0x0460,0x0122,  0x048A,0x0136,  0x04C1,0x010E,  0x04CF,0x0001,0x0
 327:Middlewares/Third_Party/FatFs/src/option/ccsbcs.c **** 		/* Armenian */
 328:Middlewares/Third_Party/FatFs/src/option/ccsbcs.c **** 		0x0561,0x0426,
 329:Middlewares/Third_Party/FatFs/src/option/ccsbcs.c **** 
 330:Middlewares/Third_Party/FatFs/src/option/ccsbcs.c **** 		0x0000
 331:Middlewares/Third_Party/FatFs/src/option/ccsbcs.c **** 	};
 332:Middlewares/Third_Party/FatFs/src/option/ccsbcs.c **** 	static const WCHAR cvt2[] = {	/* U+1000 - U+FFFF */
 120              		.loc 1 332 2 view .LVU28
 333:Middlewares/Third_Party/FatFs/src/option/ccsbcs.c **** 		/* Phonetic Extensions */
 334:Middlewares/Third_Party/FatFs/src/option/ccsbcs.c **** 		0x1D7D,0x0001,0x2C63,
 335:Middlewares/Third_Party/FatFs/src/option/ccsbcs.c **** 		/* Latin Extended Additional */
ARM GAS  C:\Users\jason\AppData\Local\Temp\ccAK7ZzR.s 			page 9


 336:Middlewares/Third_Party/FatFs/src/option/ccsbcs.c **** 		0x1E00,0x0196,  0x1EA0,0x015A,
 337:Middlewares/Third_Party/FatFs/src/option/ccsbcs.c **** 		/* Greek Extended */
 338:Middlewares/Third_Party/FatFs/src/option/ccsbcs.c **** 		0x1F00,0x0608,  0x1F10,0x0606,  0x1F20,0x0608,  0x1F30,0x0608,  0x1F40,0x0606,
 339:Middlewares/Third_Party/FatFs/src/option/ccsbcs.c **** 		0x1F51,0x0007,0x1F59,0x1F52,0x1F5B,0x1F54,0x1F5D,0x1F56,0x1F5F,  0x1F60,0x0608,
 340:Middlewares/Third_Party/FatFs/src/option/ccsbcs.c **** 		0x1F70,0x000E,0x1FBA,0x1FBB,0x1FC8,0x1FC9,0x1FCA,0x1FCB,0x1FDA,0x1FDB,0x1FF8,0x1FF9,0x1FEA,0x1FEB
 341:Middlewares/Third_Party/FatFs/src/option/ccsbcs.c **** 		0x1F80,0x0608,  0x1F90,0x0608,  0x1FA0,0x0608,  0x1FB0,0x0004,0x1FB8,0x1FB9,0x1FB2,0x1FBC,
 342:Middlewares/Third_Party/FatFs/src/option/ccsbcs.c **** 		0x1FCC,0x0001,0x1FC3,  0x1FD0,0x0602,  0x1FE0,0x0602,  0x1FE5,0x0001,0x1FEC,  0x1FF2,0x0001,0x1FF
 343:Middlewares/Third_Party/FatFs/src/option/ccsbcs.c **** 		/* Letterlike Symbols */
 344:Middlewares/Third_Party/FatFs/src/option/ccsbcs.c **** 		0x214E,0x0001,0x2132,
 345:Middlewares/Third_Party/FatFs/src/option/ccsbcs.c **** 		/* Number forms */
 346:Middlewares/Third_Party/FatFs/src/option/ccsbcs.c **** 		0x2170,0x0210,  0x2184,0x0001,0x2183,
 347:Middlewares/Third_Party/FatFs/src/option/ccsbcs.c **** 		/* Enclosed Alphanumerics */
 348:Middlewares/Third_Party/FatFs/src/option/ccsbcs.c **** 		0x24D0,0x051A,  0x2C30,0x042F,
 349:Middlewares/Third_Party/FatFs/src/option/ccsbcs.c **** 		/* Latin Extended-C */
 350:Middlewares/Third_Party/FatFs/src/option/ccsbcs.c **** 		0x2C60,0x0102,  0x2C67,0x0106, 0x2C75,0x0102,
 351:Middlewares/Third_Party/FatFs/src/option/ccsbcs.c **** 		/* Coptic */
 352:Middlewares/Third_Party/FatFs/src/option/ccsbcs.c **** 		0x2C80,0x0164,
 353:Middlewares/Third_Party/FatFs/src/option/ccsbcs.c **** 		/* Georgian Supplement */
 354:Middlewares/Third_Party/FatFs/src/option/ccsbcs.c **** 		0x2D00,0x0826,
 355:Middlewares/Third_Party/FatFs/src/option/ccsbcs.c **** 		/* Full-width */
 356:Middlewares/Third_Party/FatFs/src/option/ccsbcs.c **** 		0xFF41,0x031A,
 357:Middlewares/Third_Party/FatFs/src/option/ccsbcs.c **** 
 358:Middlewares/Third_Party/FatFs/src/option/ccsbcs.c **** 		0x0000
 359:Middlewares/Third_Party/FatFs/src/option/ccsbcs.c **** 	};
 360:Middlewares/Third_Party/FatFs/src/option/ccsbcs.c **** 	const WCHAR *p;
 121              		.loc 1 360 2 view .LVU29
 361:Middlewares/Third_Party/FatFs/src/option/ccsbcs.c **** 	WCHAR bc, nc, cmd;
 122              		.loc 1 361 2 view .LVU30
 362:Middlewares/Third_Party/FatFs/src/option/ccsbcs.c **** 
 363:Middlewares/Third_Party/FatFs/src/option/ccsbcs.c **** 
 364:Middlewares/Third_Party/FatFs/src/option/ccsbcs.c **** 	p = chr < 0x1000 ? cvt1 : cvt2;
 123              		.loc 1 364 2 view .LVU31
 124              		.loc 1 364 26 is_stmt 0 view .LVU32
 125 0000 B0F5805F 		cmp	r0, #4096
 126 0004 07D2     		bcs	.L28
 127              		.loc 1 364 4 discriminator 1 view .LVU33
 128 0006 294B     		ldr	r3, .L38
 129              	.L31:
 365:Middlewares/Third_Party/FatFs/src/option/ccsbcs.c **** 	for (;;) {
 130              		.loc 1 365 2 is_stmt 1 view .LVU34
 366:Middlewares/Third_Party/FatFs/src/option/ccsbcs.c **** 		bc = *p++;								/* Get block base */
 131              		.loc 1 366 3 view .LVU35
 132              	.LVL12:
 133              		.loc 1 366 6 is_stmt 0 view .LVU36
 134 0008 1988     		ldrh	r1, [r3]
 135              	.LVL13:
 367:Middlewares/Third_Party/FatFs/src/option/ccsbcs.c **** 		if (!bc || chr < bc) break;
 136              		.loc 1 367 3 is_stmt 1 view .LVU37
 137              		.loc 1 367 6 is_stmt 0 view .LVU38
 138 000a 4A1E     		subs	r2, r1, #1
 139 000c 92B2     		uxth	r2, r2
 140 000e 9042     		cmp	r0, r2
 141 0010 4BD9     		bls	.L35
 306:Middlewares/Third_Party/FatFs/src/option/ccsbcs.c **** 	/* Compressed upper conversion table */
 142              		.loc 1 306 1 view .LVU39
 143 0012 10B5     		push	{r4, lr}
 144              		.cfi_def_cfa_offset 8
ARM GAS  C:\Users\jason\AppData\Local\Temp\ccAK7ZzR.s 			page 10


 145              		.cfi_offset 4, -8
 146              		.cfi_offset 14, -4
 147 0014 07E0     		b	.L33
 148              	.LVL14:
 149              	.L28:
 150              		.cfi_def_cfa_offset 0
 151              		.cfi_restore 4
 152              		.cfi_restore 14
 364:Middlewares/Third_Party/FatFs/src/option/ccsbcs.c **** 	for (;;) {
 153              		.loc 1 364 4 discriminator 2 view .LVU40
 154 0016 264B     		ldr	r3, .L38+4
 155 0018 F6E7     		b	.L31
 156              	.LVL15:
 157              	.L29:
 158              		.cfi_def_cfa_offset 8
 159              		.cfi_offset 4, -8
 160              		.cfi_offset 14, -4
 368:Middlewares/Third_Party/FatFs/src/option/ccsbcs.c **** 		nc = *p++; cmd = nc >> 8; nc &= 0xFF;	/* Get processing command and block size */
 161              		.loc 1 368 10 view .LVU41
 162 001a 7346     		mov	r3, lr
 163              	.LVL16:
 164              	.L26:
 365:Middlewares/Third_Party/FatFs/src/option/ccsbcs.c **** 		bc = *p++;								/* Get block base */
 165              		.loc 1 365 2 is_stmt 1 view .LVU42
 366:Middlewares/Third_Party/FatFs/src/option/ccsbcs.c **** 		if (!bc || chr < bc) break;
 166              		.loc 1 366 3 view .LVU43
 366:Middlewares/Third_Party/FatFs/src/option/ccsbcs.c **** 		if (!bc || chr < bc) break;
 167              		.loc 1 366 6 is_stmt 0 view .LVU44
 168 001c 1988     		ldrh	r1, [r3]
 169              	.LVL17:
 367:Middlewares/Third_Party/FatFs/src/option/ccsbcs.c **** 		nc = *p++; cmd = nc >> 8; nc &= 0xFF;	/* Get processing command and block size */
 170              		.loc 1 367 3 is_stmt 1 view .LVU45
 367:Middlewares/Third_Party/FatFs/src/option/ccsbcs.c **** 		nc = *p++; cmd = nc >> 8; nc &= 0xFF;	/* Get processing command and block size */
 171              		.loc 1 367 6 is_stmt 0 view .LVU46
 172 001e 4A1E     		subs	r2, r1, #1
 173              	.LVL18:
 367:Middlewares/Third_Party/FatFs/src/option/ccsbcs.c **** 		nc = *p++; cmd = nc >> 8; nc &= 0xFF;	/* Get processing command and block size */
 174              		.loc 1 367 6 view .LVU47
 175 0020 92B2     		uxth	r2, r2
 176 0022 9042     		cmp	r0, r2
 177 0024 34D9     		bls	.L12
 178              	.LVL19:
 179              	.L33:
 180              		.loc 1 368 3 is_stmt 1 view .LVU48
 181              		.loc 1 368 10 is_stmt 0 view .LVU49
 182 0026 03F1040E 		add	lr, r3, #4
 183              	.LVL20:
 184              		.loc 1 368 6 view .LVU50
 185 002a 5B88     		ldrh	r3, [r3, #2]
 186              	.LVL21:
 187              		.loc 1 368 14 is_stmt 1 view .LVU51
 188              		.loc 1 368 18 is_stmt 0 view .LVU52
 189 002c 1A0A     		lsrs	r2, r3, #8
 190              	.LVL22:
 191              		.loc 1 368 29 is_stmt 1 view .LVU53
 192              		.loc 1 368 32 is_stmt 0 view .LVU54
 193 002e DBB2     		uxtb	r3, r3
ARM GAS  C:\Users\jason\AppData\Local\Temp\ccAK7ZzR.s 			page 11


 194              	.LVL23:
 369:Middlewares/Third_Party/FatFs/src/option/ccsbcs.c **** 		if (chr < bc + nc) {	/* In the block? */
 195              		.loc 1 369 3 is_stmt 1 view .LVU55
 196              		.loc 1 369 16 is_stmt 0 view .LVU56
 197 0030 03EB010C 		add	ip, r3, r1
 198              		.loc 1 369 6 view .LVU57
 199 0034 6045     		cmp	r0, ip
 200 0036 04DB     		blt	.L36
 370:Middlewares/Third_Party/FatFs/src/option/ccsbcs.c **** 			switch (cmd) {
 371:Middlewares/Third_Party/FatFs/src/option/ccsbcs.c **** 			case 0:	chr = p[chr - bc]; break;		/* Table conversion */
 372:Middlewares/Third_Party/FatFs/src/option/ccsbcs.c **** 			case 1:	chr -= (chr - bc) & 1; break;	/* Case pairs */
 373:Middlewares/Third_Party/FatFs/src/option/ccsbcs.c **** 			case 2: chr -= 16; break;				/* Shift -16 */
 374:Middlewares/Third_Party/FatFs/src/option/ccsbcs.c **** 			case 3:	chr -= 32; break;				/* Shift -32 */
 375:Middlewares/Third_Party/FatFs/src/option/ccsbcs.c **** 			case 4:	chr -= 48; break;				/* Shift -48 */
 376:Middlewares/Third_Party/FatFs/src/option/ccsbcs.c **** 			case 5:	chr -= 26; break;				/* Shift -26 */
 377:Middlewares/Third_Party/FatFs/src/option/ccsbcs.c **** 			case 6:	chr += 8; break;				/* Shift +8 */
 378:Middlewares/Third_Party/FatFs/src/option/ccsbcs.c **** 			case 7: chr -= 80; break;				/* Shift -80 */
 379:Middlewares/Third_Party/FatFs/src/option/ccsbcs.c **** 			case 8:	chr -= 0x1C60; break;			/* Shift -0x1C60 */
 380:Middlewares/Third_Party/FatFs/src/option/ccsbcs.c **** 			}
 381:Middlewares/Third_Party/FatFs/src/option/ccsbcs.c **** 			break;
 382:Middlewares/Third_Party/FatFs/src/option/ccsbcs.c **** 		}
 383:Middlewares/Third_Party/FatFs/src/option/ccsbcs.c **** 		if (!cmd) p += nc;
 201              		.loc 1 383 3 is_stmt 1 view .LVU58
 202              		.loc 1 383 6 is_stmt 0 view .LVU59
 203 0038 002A     		cmp	r2, #0
 204 003a EED1     		bne	.L29
 205              		.loc 1 383 13 is_stmt 1 discriminator 1 view .LVU60
 206              		.loc 1 383 15 is_stmt 0 discriminator 1 view .LVU61
 207 003c 0EEB4303 		add	r3, lr, r3, lsl #1
 208              	.LVL24:
 209              		.loc 1 383 15 discriminator 1 view .LVU62
 210 0040 ECE7     		b	.L26
 211              	.LVL25:
 212              	.L36:
 370:Middlewares/Third_Party/FatFs/src/option/ccsbcs.c **** 			switch (cmd) {
 213              		.loc 1 370 4 is_stmt 1 view .LVU63
 214 0042 042A     		cmp	r2, #4
 215 0044 28D0     		beq	.L14
 216 0046 09D9     		bls	.L37
 217 0048 072A     		cmp	r2, #7
 218 004a 2BD0     		beq	.L21
 219 004c 17D8     		bhi	.L22
 220 004e 052A     		cmp	r2, #5
 221 0050 25D0     		beq	.L23
 222 0052 062A     		cmp	r2, #6
 223 0054 1CD1     		bne	.L12
 377:Middlewares/Third_Party/FatFs/src/option/ccsbcs.c **** 			case 7: chr -= 80; break;				/* Shift -80 */
 224              		.loc 1 377 12 view .LVU64
 377:Middlewares/Third_Party/FatFs/src/option/ccsbcs.c **** 			case 7: chr -= 80; break;				/* Shift -80 */
 225              		.loc 1 377 16 is_stmt 0 view .LVU65
 226 0056 0830     		adds	r0, r0, #8
 227              	.LVL26:
 377:Middlewares/Third_Party/FatFs/src/option/ccsbcs.c **** 			case 7: chr -= 80; break;				/* Shift -80 */
 228              		.loc 1 377 16 view .LVU66
 229 0058 80B2     		uxth	r0, r0
 230              	.LVL27:
 377:Middlewares/Third_Party/FatFs/src/option/ccsbcs.c **** 			case 7: chr -= 80; break;				/* Shift -80 */
ARM GAS  C:\Users\jason\AppData\Local\Temp\ccAK7ZzR.s 			page 12


 231              		.loc 1 377 22 is_stmt 1 view .LVU67
 232 005a 19E0     		b	.L12
 233              	.L37:
 370:Middlewares/Third_Party/FatFs/src/option/ccsbcs.c **** 			switch (cmd) {
 234              		.loc 1 370 4 is_stmt 0 view .LVU68
 235 005c 022A     		cmp	r2, #2
 236 005e 18D0     		beq	.L16
 237 0060 08D8     		bhi	.L17
 238 0062 92B1     		cbz	r2, .L18
 239 0064 012A     		cmp	r2, #1
 240 0066 13D1     		bne	.L12
 372:Middlewares/Third_Party/FatFs/src/option/ccsbcs.c **** 			case 2: chr -= 16; break;				/* Shift -16 */
 241              		.loc 1 372 12 is_stmt 1 view .LVU69
 372:Middlewares/Third_Party/FatFs/src/option/ccsbcs.c **** 			case 2: chr -= 16; break;				/* Shift -16 */
 242              		.loc 1 372 30 is_stmt 0 view .LVU70
 243 0068 431A     		subs	r3, r0, r1
 244              	.LVL28:
 372:Middlewares/Third_Party/FatFs/src/option/ccsbcs.c **** 			case 2: chr -= 16; break;				/* Shift -16 */
 245              		.loc 1 372 30 view .LVU71
 246 006a 03F00103 		and	r3, r3, #1
 372:Middlewares/Third_Party/FatFs/src/option/ccsbcs.c **** 			case 2: chr -= 16; break;				/* Shift -16 */
 247              		.loc 1 372 16 view .LVU72
 248 006e C01A     		subs	r0, r0, r3
 249              	.LVL29:
 372:Middlewares/Third_Party/FatFs/src/option/ccsbcs.c **** 			case 2: chr -= 16; break;				/* Shift -16 */
 250              		.loc 1 372 16 view .LVU73
 251 0070 80B2     		uxth	r0, r0
 252              	.LVL30:
 372:Middlewares/Third_Party/FatFs/src/option/ccsbcs.c **** 			case 2: chr -= 16; break;				/* Shift -16 */
 253              		.loc 1 372 35 is_stmt 1 view .LVU74
 254 0072 0DE0     		b	.L12
 255              	.LVL31:
 256              	.L17:
 370:Middlewares/Third_Party/FatFs/src/option/ccsbcs.c **** 			switch (cmd) {
 257              		.loc 1 370 4 is_stmt 0 view .LVU75
 258 0074 032A     		cmp	r2, #3
 259 0076 0BD1     		bne	.L12
 374:Middlewares/Third_Party/FatFs/src/option/ccsbcs.c **** 			case 4:	chr -= 48; break;				/* Shift -48 */
 260              		.loc 1 374 12 is_stmt 1 view .LVU76
 374:Middlewares/Third_Party/FatFs/src/option/ccsbcs.c **** 			case 4:	chr -= 48; break;				/* Shift -48 */
 261              		.loc 1 374 16 is_stmt 0 view .LVU77
 262 0078 2038     		subs	r0, r0, #32
 263              	.LVL32:
 374:Middlewares/Third_Party/FatFs/src/option/ccsbcs.c **** 			case 4:	chr -= 48; break;				/* Shift -48 */
 264              		.loc 1 374 16 view .LVU78
 265 007a 80B2     		uxth	r0, r0
 266              	.LVL33:
 374:Middlewares/Third_Party/FatFs/src/option/ccsbcs.c **** 			case 4:	chr -= 48; break;				/* Shift -48 */
 267              		.loc 1 374 23 is_stmt 1 view .LVU79
 268 007c 08E0     		b	.L12
 269              	.L22:
 370:Middlewares/Third_Party/FatFs/src/option/ccsbcs.c **** 			case 0:	chr = p[chr - bc]; break;		/* Table conversion */
 270              		.loc 1 370 4 is_stmt 0 view .LVU80
 271 007e 082A     		cmp	r2, #8
 272 0080 06D1     		bne	.L12
 379:Middlewares/Third_Party/FatFs/src/option/ccsbcs.c **** 			}
 273              		.loc 1 379 12 is_stmt 1 view .LVU81
ARM GAS  C:\Users\jason\AppData\Local\Temp\ccAK7ZzR.s 			page 13


 379:Middlewares/Third_Party/FatFs/src/option/ccsbcs.c **** 			}
 274              		.loc 1 379 16 is_stmt 0 view .LVU82
 275 0082 A0F5E350 		sub	r0, r0, #7264
 276              	.LVL34:
 379:Middlewares/Third_Party/FatFs/src/option/ccsbcs.c **** 			}
 277              		.loc 1 379 16 view .LVU83
 278 0086 80B2     		uxth	r0, r0
 279              	.LVL35:
 379:Middlewares/Third_Party/FatFs/src/option/ccsbcs.c **** 			}
 280              		.loc 1 379 27 is_stmt 1 view .LVU84
 281 0088 02E0     		b	.L12
 282              	.L18:
 371:Middlewares/Third_Party/FatFs/src/option/ccsbcs.c **** 			case 1:	chr -= (chr - bc) & 1; break;	/* Case pairs */
 283              		.loc 1 371 12 view .LVU85
 371:Middlewares/Third_Party/FatFs/src/option/ccsbcs.c **** 			case 1:	chr -= (chr - bc) & 1; break;	/* Case pairs */
 284              		.loc 1 371 24 is_stmt 0 view .LVU86
 285 008a 431A     		subs	r3, r0, r1
 286              	.LVL36:
 371:Middlewares/Third_Party/FatFs/src/option/ccsbcs.c **** 			case 1:	chr -= (chr - bc) & 1; break;	/* Case pairs */
 287              		.loc 1 371 16 view .LVU87
 288 008c 3EF81300 		ldrh	r0, [lr, r3, lsl #1]
 289              	.LVL37:
 371:Middlewares/Third_Party/FatFs/src/option/ccsbcs.c **** 			case 1:	chr -= (chr - bc) & 1; break;	/* Case pairs */
 290              		.loc 1 371 31 is_stmt 1 view .LVU88
 291              	.L12:
 384:Middlewares/Third_Party/FatFs/src/option/ccsbcs.c **** 	}
 385:Middlewares/Third_Party/FatFs/src/option/ccsbcs.c **** 
 386:Middlewares/Third_Party/FatFs/src/option/ccsbcs.c **** 	return chr;
 292              		.loc 1 386 2 view .LVU89
 387:Middlewares/Third_Party/FatFs/src/option/ccsbcs.c **** }
 293              		.loc 1 387 1 is_stmt 0 view .LVU90
 294 0090 10BD     		pop	{r4, pc}
 295              	.LVL38:
 296              	.L16:
 373:Middlewares/Third_Party/FatFs/src/option/ccsbcs.c **** 			case 3:	chr -= 32; break;				/* Shift -32 */
 297              		.loc 1 373 12 is_stmt 1 view .LVU91
 373:Middlewares/Third_Party/FatFs/src/option/ccsbcs.c **** 			case 3:	chr -= 32; break;				/* Shift -32 */
 298              		.loc 1 373 16 is_stmt 0 view .LVU92
 299 0092 1038     		subs	r0, r0, #16
 300              	.LVL39:
 373:Middlewares/Third_Party/FatFs/src/option/ccsbcs.c **** 			case 3:	chr -= 32; break;				/* Shift -32 */
 301              		.loc 1 373 16 view .LVU93
 302 0094 80B2     		uxth	r0, r0
 303              	.LVL40:
 373:Middlewares/Third_Party/FatFs/src/option/ccsbcs.c **** 			case 3:	chr -= 32; break;				/* Shift -32 */
 304              		.loc 1 373 23 is_stmt 1 view .LVU94
 305 0096 FBE7     		b	.L12
 306              	.L14:
 375:Middlewares/Third_Party/FatFs/src/option/ccsbcs.c **** 			case 5:	chr -= 26; break;				/* Shift -26 */
 307              		.loc 1 375 12 view .LVU95
 375:Middlewares/Third_Party/FatFs/src/option/ccsbcs.c **** 			case 5:	chr -= 26; break;				/* Shift -26 */
 308              		.loc 1 375 16 is_stmt 0 view .LVU96
 309 0098 3038     		subs	r0, r0, #48
 310              	.LVL41:
 375:Middlewares/Third_Party/FatFs/src/option/ccsbcs.c **** 			case 5:	chr -= 26; break;				/* Shift -26 */
 311              		.loc 1 375 16 view .LVU97
 312 009a 80B2     		uxth	r0, r0
ARM GAS  C:\Users\jason\AppData\Local\Temp\ccAK7ZzR.s 			page 14


 313              	.LVL42:
 375:Middlewares/Third_Party/FatFs/src/option/ccsbcs.c **** 			case 5:	chr -= 26; break;				/* Shift -26 */
 314              		.loc 1 375 23 is_stmt 1 view .LVU98
 315 009c F8E7     		b	.L12
 316              	.L23:
 376:Middlewares/Third_Party/FatFs/src/option/ccsbcs.c **** 			case 6:	chr += 8; break;				/* Shift +8 */
 317              		.loc 1 376 12 view .LVU99
 376:Middlewares/Third_Party/FatFs/src/option/ccsbcs.c **** 			case 6:	chr += 8; break;				/* Shift +8 */
 318              		.loc 1 376 16 is_stmt 0 view .LVU100
 319 009e 1A38     		subs	r0, r0, #26
 320              	.LVL43:
 376:Middlewares/Third_Party/FatFs/src/option/ccsbcs.c **** 			case 6:	chr += 8; break;				/* Shift +8 */
 321              		.loc 1 376 16 view .LVU101
 322 00a0 80B2     		uxth	r0, r0
 323              	.LVL44:
 376:Middlewares/Third_Party/FatFs/src/option/ccsbcs.c **** 			case 6:	chr += 8; break;				/* Shift +8 */
 324              		.loc 1 376 23 is_stmt 1 view .LVU102
 325 00a2 F5E7     		b	.L12
 326              	.L21:
 378:Middlewares/Third_Party/FatFs/src/option/ccsbcs.c **** 			case 8:	chr -= 0x1C60; break;			/* Shift -0x1C60 */
 327              		.loc 1 378 12 view .LVU103
 378:Middlewares/Third_Party/FatFs/src/option/ccsbcs.c **** 			case 8:	chr -= 0x1C60; break;			/* Shift -0x1C60 */
 328              		.loc 1 378 16 is_stmt 0 view .LVU104
 329 00a4 5038     		subs	r0, r0, #80
 330              	.LVL45:
 378:Middlewares/Third_Party/FatFs/src/option/ccsbcs.c **** 			case 8:	chr -= 0x1C60; break;			/* Shift -0x1C60 */
 331              		.loc 1 378 16 view .LVU105
 332 00a6 80B2     		uxth	r0, r0
 333              	.LVL46:
 378:Middlewares/Third_Party/FatFs/src/option/ccsbcs.c **** 			case 8:	chr -= 0x1C60; break;			/* Shift -0x1C60 */
 334              		.loc 1 378 23 is_stmt 1 view .LVU106
 335 00a8 F2E7     		b	.L12
 336              	.LVL47:
 337              	.L35:
 338              		.cfi_def_cfa_offset 0
 339              		.cfi_restore 4
 340              		.cfi_restore 14
 386:Middlewares/Third_Party/FatFs/src/option/ccsbcs.c **** }
 341              		.loc 1 386 2 view .LVU107
 342              		.loc 1 387 1 is_stmt 0 view .LVU108
 343 00aa 7047     		bx	lr
 344              	.L39:
 345              		.align	2
 346              	.L38:
 347 00ac 00000000 		.word	cvt1.1
 348 00b0 00000000 		.word	cvt2.0
 349              		.cfi_endproc
 350              	.LFE149:
 352              		.section	.rodata.cvt2.0,"a"
 353              		.align	2
 356              	cvt2.0:
 357 0000 7D1D     		.short	7549
 358 0002 0100     		.short	1
 359 0004 632C     		.short	11363
 360 0006 001E     		.short	7680
 361 0008 9601     		.short	406
 362 000a A01E     		.short	7840
ARM GAS  C:\Users\jason\AppData\Local\Temp\ccAK7ZzR.s 			page 15


 363 000c 5A01     		.short	346
 364 000e 001F     		.short	7936
 365 0010 0806     		.short	1544
 366 0012 101F     		.short	7952
 367 0014 0606     		.short	1542
 368 0016 201F     		.short	7968
 369 0018 0806     		.short	1544
 370 001a 301F     		.short	7984
 371 001c 0806     		.short	1544
 372 001e 401F     		.short	8000
 373 0020 0606     		.short	1542
 374 0022 511F     		.short	8017
 375 0024 0700     		.short	7
 376 0026 591F     		.short	8025
 377 0028 521F     		.short	8018
 378 002a 5B1F     		.short	8027
 379 002c 541F     		.short	8020
 380 002e 5D1F     		.short	8029
 381 0030 561F     		.short	8022
 382 0032 5F1F     		.short	8031
 383 0034 601F     		.short	8032
 384 0036 0806     		.short	1544
 385 0038 701F     		.short	8048
 386 003a 0E00     		.short	14
 387 003c BA1F     		.short	8122
 388 003e BB1F     		.short	8123
 389 0040 C81F     		.short	8136
 390 0042 C91F     		.short	8137
 391 0044 CA1F     		.short	8138
 392 0046 CB1F     		.short	8139
 393 0048 DA1F     		.short	8154
 394 004a DB1F     		.short	8155
 395 004c F81F     		.short	8184
 396 004e F91F     		.short	8185
 397 0050 EA1F     		.short	8170
 398 0052 EB1F     		.short	8171
 399 0054 FA1F     		.short	8186
 400 0056 FB1F     		.short	8187
 401 0058 801F     		.short	8064
 402 005a 0806     		.short	1544
 403 005c 901F     		.short	8080
 404 005e 0806     		.short	1544
 405 0060 A01F     		.short	8096
 406 0062 0806     		.short	1544
 407 0064 B01F     		.short	8112
 408 0066 0400     		.short	4
 409 0068 B81F     		.short	8120
 410 006a B91F     		.short	8121
 411 006c B21F     		.short	8114
 412 006e BC1F     		.short	8124
 413 0070 CC1F     		.short	8140
 414 0072 0100     		.short	1
 415 0074 C31F     		.short	8131
 416 0076 D01F     		.short	8144
 417 0078 0206     		.short	1538
 418 007a E01F     		.short	8160
 419 007c 0206     		.short	1538
ARM GAS  C:\Users\jason\AppData\Local\Temp\ccAK7ZzR.s 			page 16


 420 007e E51F     		.short	8165
 421 0080 0100     		.short	1
 422 0082 EC1F     		.short	8172
 423 0084 F21F     		.short	8178
 424 0086 0100     		.short	1
 425 0088 FC1F     		.short	8188
 426 008a 4E21     		.short	8526
 427 008c 0100     		.short	1
 428 008e 3221     		.short	8498
 429 0090 7021     		.short	8560
 430 0092 1002     		.short	528
 431 0094 8421     		.short	8580
 432 0096 0100     		.short	1
 433 0098 8321     		.short	8579
 434 009a D024     		.short	9424
 435 009c 1A05     		.short	1306
 436 009e 302C     		.short	11312
 437 00a0 2F04     		.short	1071
 438 00a2 602C     		.short	11360
 439 00a4 0201     		.short	258
 440 00a6 672C     		.short	11367
 441 00a8 0601     		.short	262
 442 00aa 752C     		.short	11381
 443 00ac 0201     		.short	258
 444 00ae 802C     		.short	11392
 445 00b0 6401     		.short	356
 446 00b2 002D     		.short	11520
 447 00b4 2608     		.short	2086
 448 00b6 41FF     		.short	-191
 449 00b8 1A03     		.short	794
 450 00ba 0000     		.short	0
 451              		.section	.rodata.cvt1.1,"a"
 452              		.align	2
 455              	cvt1.1:
 456 0000 6100     		.short	97
 457 0002 1A03     		.short	794
 458 0004 E000     		.short	224
 459 0006 1703     		.short	791
 460 0008 F800     		.short	248
 461 000a 0703     		.short	775
 462 000c FF00     		.short	255
 463 000e 0100     		.short	1
 464 0010 7801     		.short	376
 465 0012 0001     		.short	256
 466 0014 3001     		.short	304
 467 0016 3201     		.short	306
 468 0018 0601     		.short	262
 469 001a 3901     		.short	313
 470 001c 1001     		.short	272
 471 001e 4A01     		.short	330
 472 0020 2E01     		.short	302
 473 0022 7901     		.short	377
 474 0024 0601     		.short	262
 475 0026 8001     		.short	384
 476 0028 4D00     		.short	77
 477 002a 4302     		.short	579
 478 002c 8101     		.short	385
ARM GAS  C:\Users\jason\AppData\Local\Temp\ccAK7ZzR.s 			page 17


 479 002e 8201     		.short	386
 480 0030 8201     		.short	386
 481 0032 8401     		.short	388
 482 0034 8401     		.short	388
 483 0036 8601     		.short	390
 484 0038 8701     		.short	391
 485 003a 8701     		.short	391
 486 003c 8901     		.short	393
 487 003e 8A01     		.short	394
 488 0040 8B01     		.short	395
 489 0042 8B01     		.short	395
 490 0044 8D01     		.short	397
 491 0046 8E01     		.short	398
 492 0048 8F01     		.short	399
 493 004a 9001     		.short	400
 494 004c 9101     		.short	401
 495 004e 9101     		.short	401
 496 0050 9301     		.short	403
 497 0052 9401     		.short	404
 498 0054 F601     		.short	502
 499 0056 9601     		.short	406
 500 0058 9701     		.short	407
 501 005a 9801     		.short	408
 502 005c 9801     		.short	408
 503 005e 3D02     		.short	573
 504 0060 9B01     		.short	411
 505 0062 9C01     		.short	412
 506 0064 9D01     		.short	413
 507 0066 2002     		.short	544
 508 0068 9F01     		.short	415
 509 006a A001     		.short	416
 510 006c A001     		.short	416
 511 006e A201     		.short	418
 512 0070 A201     		.short	418
 513 0072 A401     		.short	420
 514 0074 A401     		.short	420
 515 0076 A601     		.short	422
 516 0078 A701     		.short	423
 517 007a A701     		.short	423
 518 007c A901     		.short	425
 519 007e AA01     		.short	426
 520 0080 AB01     		.short	427
 521 0082 AC01     		.short	428
 522 0084 AC01     		.short	428
 523 0086 AE01     		.short	430
 524 0088 AF01     		.short	431
 525 008a AF01     		.short	431
 526 008c B101     		.short	433
 527 008e B201     		.short	434
 528 0090 B301     		.short	435
 529 0092 B301     		.short	435
 530 0094 B501     		.short	437
 531 0096 B501     		.short	437
 532 0098 B701     		.short	439
 533 009a B801     		.short	440
 534 009c B801     		.short	440
 535 009e BA01     		.short	442
ARM GAS  C:\Users\jason\AppData\Local\Temp\ccAK7ZzR.s 			page 18


 536 00a0 BB01     		.short	443
 537 00a2 BC01     		.short	444
 538 00a4 BC01     		.short	444
 539 00a6 BE01     		.short	446
 540 00a8 F701     		.short	503
 541 00aa C001     		.short	448
 542 00ac C101     		.short	449
 543 00ae C201     		.short	450
 544 00b0 C301     		.short	451
 545 00b2 C401     		.short	452
 546 00b4 C501     		.short	453
 547 00b6 C401     		.short	452
 548 00b8 C701     		.short	455
 549 00ba C801     		.short	456
 550 00bc C701     		.short	455
 551 00be CA01     		.short	458
 552 00c0 CB01     		.short	459
 553 00c2 CA01     		.short	458
 554 00c4 CD01     		.short	461
 555 00c6 1001     		.short	272
 556 00c8 DD01     		.short	477
 557 00ca 0100     		.short	1
 558 00cc 8E01     		.short	398
 559 00ce DE01     		.short	478
 560 00d0 1201     		.short	274
 561 00d2 F301     		.short	499
 562 00d4 0300     		.short	3
 563 00d6 F101     		.short	497
 564 00d8 F401     		.short	500
 565 00da F401     		.short	500
 566 00dc F801     		.short	504
 567 00de 2801     		.short	296
 568 00e0 2202     		.short	546
 569 00e2 1201     		.short	274
 570 00e4 3A02     		.short	570
 571 00e6 0900     		.short	9
 572 00e8 652C     		.short	11365
 573 00ea 3B02     		.short	571
 574 00ec 3B02     		.short	571
 575 00ee 3D02     		.short	573
 576 00f0 662C     		.short	11366
 577 00f2 3F02     		.short	575
 578 00f4 4002     		.short	576
 579 00f6 4102     		.short	577
 580 00f8 4102     		.short	577
 581 00fa 4602     		.short	582
 582 00fc 0A01     		.short	266
 583 00fe 5302     		.short	595
 584 0100 4000     		.short	64
 585 0102 8101     		.short	385
 586 0104 8601     		.short	390
 587 0106 5502     		.short	597
 588 0108 8901     		.short	393
 589 010a 8A01     		.short	394
 590 010c 5802     		.short	600
 591 010e 8F01     		.short	399
 592 0110 5A02     		.short	602
ARM GAS  C:\Users\jason\AppData\Local\Temp\ccAK7ZzR.s 			page 19


 593 0112 9001     		.short	400
 594 0114 5C02     		.short	604
 595 0116 5D02     		.short	605
 596 0118 5E02     		.short	606
 597 011a 5F02     		.short	607
 598 011c 9301     		.short	403
 599 011e 6102     		.short	609
 600 0120 6202     		.short	610
 601 0122 9401     		.short	404
 602 0124 6402     		.short	612
 603 0126 6502     		.short	613
 604 0128 6602     		.short	614
 605 012a 6702     		.short	615
 606 012c 9701     		.short	407
 607 012e 9601     		.short	406
 608 0130 6A02     		.short	618
 609 0132 622C     		.short	11362
 610 0134 6C02     		.short	620
 611 0136 6D02     		.short	621
 612 0138 6E02     		.short	622
 613 013a 9C01     		.short	412
 614 013c 7002     		.short	624
 615 013e 7102     		.short	625
 616 0140 9D01     		.short	413
 617 0142 7302     		.short	627
 618 0144 7402     		.short	628
 619 0146 9F01     		.short	415
 620 0148 7602     		.short	630
 621 014a 7702     		.short	631
 622 014c 7802     		.short	632
 623 014e 7902     		.short	633
 624 0150 7A02     		.short	634
 625 0152 7B02     		.short	635
 626 0154 7C02     		.short	636
 627 0156 642C     		.short	11364
 628 0158 7E02     		.short	638
 629 015a 7F02     		.short	639
 630 015c A601     		.short	422
 631 015e 8102     		.short	641
 632 0160 8202     		.short	642
 633 0162 A901     		.short	425
 634 0164 8402     		.short	644
 635 0166 8502     		.short	645
 636 0168 8602     		.short	646
 637 016a 8702     		.short	647
 638 016c AE01     		.short	430
 639 016e 4402     		.short	580
 640 0170 B101     		.short	433
 641 0172 B201     		.short	434
 642 0174 4502     		.short	581
 643 0176 8D02     		.short	653
 644 0178 8E02     		.short	654
 645 017a 8F02     		.short	655
 646 017c 9002     		.short	656
 647 017e 9102     		.short	657
 648 0180 B701     		.short	439
 649 0182 7B03     		.short	891
ARM GAS  C:\Users\jason\AppData\Local\Temp\ccAK7ZzR.s 			page 20


 650 0184 0300     		.short	3
 651 0186 FD03     		.short	1021
 652 0188 FE03     		.short	1022
 653 018a FF03     		.short	1023
 654 018c AC03     		.short	940
 655 018e 0400     		.short	4
 656 0190 8603     		.short	902
 657 0192 8803     		.short	904
 658 0194 8903     		.short	905
 659 0196 8A03     		.short	906
 660 0198 B103     		.short	945
 661 019a 1103     		.short	785
 662 019c C203     		.short	962
 663 019e 0200     		.short	2
 664 01a0 A303     		.short	931
 665 01a2 A303     		.short	931
 666 01a4 C403     		.short	964
 667 01a6 0803     		.short	776
 668 01a8 CC03     		.short	972
 669 01aa 0300     		.short	3
 670 01ac 8C03     		.short	908
 671 01ae 8E03     		.short	910
 672 01b0 8F03     		.short	911
 673 01b2 D803     		.short	984
 674 01b4 1801     		.short	280
 675 01b6 F203     		.short	1010
 676 01b8 0A00     		.short	10
 677 01ba F903     		.short	1017
 678 01bc F303     		.short	1011
 679 01be F403     		.short	1012
 680 01c0 F503     		.short	1013
 681 01c2 F603     		.short	1014
 682 01c4 F703     		.short	1015
 683 01c6 F703     		.short	1015
 684 01c8 F903     		.short	1017
 685 01ca FA03     		.short	1018
 686 01cc FA03     		.short	1018
 687 01ce 3004     		.short	1072
 688 01d0 2003     		.short	800
 689 01d2 5004     		.short	1104
 690 01d4 1007     		.short	1808
 691 01d6 6004     		.short	1120
 692 01d8 2201     		.short	290
 693 01da 8A04     		.short	1162
 694 01dc 3601     		.short	310
 695 01de C104     		.short	1217
 696 01e0 0E01     		.short	270
 697 01e2 CF04     		.short	1231
 698 01e4 0100     		.short	1
 699 01e6 C004     		.short	1216
 700 01e8 D004     		.short	1232
 701 01ea 4401     		.short	324
 702 01ec 6105     		.short	1377
 703 01ee 2604     		.short	1062
 704 01f0 0000     		.short	0
 705              		.section	.rodata.Tbl,"a"
 706              		.align	2
ARM GAS  C:\Users\jason\AppData\Local\Temp\ccAK7ZzR.s 			page 21


 709              	Tbl:
 710 0000 C700     		.short	199
 711 0002 FC00     		.short	252
 712 0004 E900     		.short	233
 713 0006 E200     		.short	226
 714 0008 E400     		.short	228
 715 000a E000     		.short	224
 716 000c E500     		.short	229
 717 000e E700     		.short	231
 718 0010 EA00     		.short	234
 719 0012 EB00     		.short	235
 720 0014 E800     		.short	232
 721 0016 EF00     		.short	239
 722 0018 EE00     		.short	238
 723 001a EC00     		.short	236
 724 001c C400     		.short	196
 725 001e C500     		.short	197
 726 0020 C900     		.short	201
 727 0022 E600     		.short	230
 728 0024 C600     		.short	198
 729 0026 F400     		.short	244
 730 0028 F600     		.short	246
 731 002a F200     		.short	242
 732 002c FB00     		.short	251
 733 002e F900     		.short	249
 734 0030 FF00     		.short	255
 735 0032 D600     		.short	214
 736 0034 DC00     		.short	220
 737 0036 F800     		.short	248
 738 0038 A300     		.short	163
 739 003a D800     		.short	216
 740 003c D700     		.short	215
 741 003e 9201     		.short	402
 742 0040 E100     		.short	225
 743 0042 ED00     		.short	237
 744 0044 F300     		.short	243
 745 0046 FA00     		.short	250
 746 0048 F100     		.short	241
 747 004a D100     		.short	209
 748 004c AA00     		.short	170
 749 004e BA00     		.short	186
 750 0050 BF00     		.short	191
 751 0052 AE00     		.short	174
 752 0054 AC00     		.short	172
 753 0056 BD00     		.short	189
 754 0058 BC00     		.short	188
 755 005a A100     		.short	161
 756 005c AB00     		.short	171
 757 005e BB00     		.short	187
 758 0060 9125     		.short	9617
 759 0062 9225     		.short	9618
 760 0064 9325     		.short	9619
 761 0066 0225     		.short	9474
 762 0068 2425     		.short	9508
 763 006a C100     		.short	193
 764 006c C200     		.short	194
 765 006e C000     		.short	192
ARM GAS  C:\Users\jason\AppData\Local\Temp\ccAK7ZzR.s 			page 22


 766 0070 A900     		.short	169
 767 0072 6325     		.short	9571
 768 0074 5125     		.short	9553
 769 0076 5725     		.short	9559
 770 0078 5D25     		.short	9565
 771 007a A200     		.short	162
 772 007c A500     		.short	165
 773 007e 1025     		.short	9488
 774 0080 1425     		.short	9492
 775 0082 3425     		.short	9524
 776 0084 2C25     		.short	9516
 777 0086 1C25     		.short	9500
 778 0088 0025     		.short	9472
 779 008a 3C25     		.short	9532
 780 008c E300     		.short	227
 781 008e C300     		.short	195
 782 0090 5A25     		.short	9562
 783 0092 5425     		.short	9556
 784 0094 6925     		.short	9577
 785 0096 6625     		.short	9574
 786 0098 6025     		.short	9568
 787 009a 5025     		.short	9552
 788 009c 6C25     		.short	9580
 789 009e A400     		.short	164
 790 00a0 F000     		.short	240
 791 00a2 D000     		.short	208
 792 00a4 CA00     		.short	202
 793 00a6 CB00     		.short	203
 794 00a8 C800     		.short	200
 795 00aa 3101     		.short	305
 796 00ac CD00     		.short	205
 797 00ae CE00     		.short	206
 798 00b0 CF00     		.short	207
 799 00b2 1825     		.short	9496
 800 00b4 0C25     		.short	9484
 801 00b6 8825     		.short	9608
 802 00b8 8425     		.short	9604
 803 00ba A600     		.short	166
 804 00bc CC00     		.short	204
 805 00be 8025     		.short	9600
 806 00c0 D300     		.short	211
 807 00c2 DF00     		.short	223
 808 00c4 D400     		.short	212
 809 00c6 D200     		.short	210
 810 00c8 F500     		.short	245
 811 00ca D500     		.short	213
 812 00cc B500     		.short	181
 813 00ce FE00     		.short	254
 814 00d0 DE00     		.short	222
 815 00d2 DA00     		.short	218
 816 00d4 DB00     		.short	219
 817 00d6 D900     		.short	217
 818 00d8 FD00     		.short	253
 819 00da DD00     		.short	221
 820 00dc AF00     		.short	175
 821 00de B400     		.short	180
 822 00e0 AD00     		.short	173
ARM GAS  C:\Users\jason\AppData\Local\Temp\ccAK7ZzR.s 			page 23


 823 00e2 B100     		.short	177
 824 00e4 1720     		.short	8215
 825 00e6 BE00     		.short	190
 826 00e8 B600     		.short	182
 827 00ea A700     		.short	167
 828 00ec F700     		.short	247
 829 00ee B800     		.short	184
 830 00f0 B000     		.short	176
 831 00f2 A800     		.short	168
 832 00f4 B700     		.short	183
 833 00f6 B900     		.short	185
 834 00f8 B300     		.short	179
 835 00fa B200     		.short	178
 836 00fc A025     		.short	9632
 837 00fe A000     		.short	160
 838              		.text
 839              	.Letext0:
 840              		.file 2 "Middlewares/Third_Party/FatFs/src/option/../integer.h"
 841              		.file 3 "C:/Users/jason/AppData/Roaming/Code/User/globalStorage/bmd.stm32-for-vscode/@xpack-dev-to
 842              		.file 4 "C:/Users/jason/AppData/Roaming/Code/User/globalStorage/bmd.stm32-for-vscode/@xpack-dev-to
ARM GAS  C:\Users\jason\AppData\Local\Temp\ccAK7ZzR.s 			page 24


DEFINED SYMBOLS
                            *ABS*:00000000 ccsbcs.c
C:\Users\jason\AppData\Local\Temp\ccAK7ZzR.s:20     .text.ff_convert:00000000 $t
C:\Users\jason\AppData\Local\Temp\ccAK7ZzR.s:26     .text.ff_convert:00000000 ff_convert
C:\Users\jason\AppData\Local\Temp\ccAK7ZzR.s:101    .text.ff_convert:00000038 $d
C:\Users\jason\AppData\Local\Temp\ccAK7ZzR.s:709    .rodata.Tbl:00000000 Tbl
C:\Users\jason\AppData\Local\Temp\ccAK7ZzR.s:106    .text.ff_wtoupper:00000000 $t
C:\Users\jason\AppData\Local\Temp\ccAK7ZzR.s:112    .text.ff_wtoupper:00000000 ff_wtoupper
C:\Users\jason\AppData\Local\Temp\ccAK7ZzR.s:347    .text.ff_wtoupper:000000ac $d
C:\Users\jason\AppData\Local\Temp\ccAK7ZzR.s:455    .rodata.cvt1.1:00000000 cvt1.1
C:\Users\jason\AppData\Local\Temp\ccAK7ZzR.s:356    .rodata.cvt2.0:00000000 cvt2.0
C:\Users\jason\AppData\Local\Temp\ccAK7ZzR.s:353    .rodata.cvt2.0:00000000 $d
C:\Users\jason\AppData\Local\Temp\ccAK7ZzR.s:452    .rodata.cvt1.1:00000000 $d
C:\Users\jason\AppData\Local\Temp\ccAK7ZzR.s:706    .rodata.Tbl:00000000 $d

NO UNDEFINED SYMBOLS
