ARM GAS  C:\Users\jason\AppData\Local\Temp\ccNagYfQ.s 			page 1


   1              		.cpu cortex-m7
   2              		.arch armv7e-m
   3              		.fpu fpv5-d16
   4              		.eabi_attribute 28, 1
   5              		.eabi_attribute 20, 1
   6              		.eabi_attribute 21, 1
   7              		.eabi_attribute 23, 3
   8              		.eabi_attribute 24, 1
   9              		.eabi_attribute 25, 1
  10              		.eabi_attribute 26, 1
  11              		.eabi_attribute 30, 1
  12              		.eabi_attribute 34, 1
  13              		.eabi_attribute 18, 4
  14              		.file	"fatfs_platform.c"
  15              		.text
  16              	.Ltext0:
  17              		.cfi_sections	.debug_frame
  18              		.file 1 "FATFS/Target/fatfs_platform.c"
  19              		.section	.text.BSP_PlatformIsDetected,"ax",%progbits
  20              		.align	1
  21              		.global	BSP_PlatformIsDetected
  22              		.syntax unified
  23              		.thumb
  24              		.thumb_func
  26              	BSP_PlatformIsDetected:
  27              	.LFB144:
   1:FATFS/Target/fatfs_platform.c **** /* USER CODE BEGIN Header */
   2:FATFS/Target/fatfs_platform.c **** /**
   3:FATFS/Target/fatfs_platform.c ****   ******************************************************************************
   4:FATFS/Target/fatfs_platform.c ****   * @file           : fatfs_platform.c
   5:FATFS/Target/fatfs_platform.c ****   * @brief          : fatfs_platform source file
   6:FATFS/Target/fatfs_platform.c ****   ******************************************************************************
   7:FATFS/Target/fatfs_platform.c ****   * @attention
   8:FATFS/Target/fatfs_platform.c ****   *
   9:FATFS/Target/fatfs_platform.c ****   * Copyright (c) 2026 STMicroelectronics.
  10:FATFS/Target/fatfs_platform.c ****   * All rights reserved.
  11:FATFS/Target/fatfs_platform.c ****   *
  12:FATFS/Target/fatfs_platform.c ****   * This software is licensed under terms that can be found in the LICENSE file
  13:FATFS/Target/fatfs_platform.c ****   * in the root directory of this software component.
  14:FATFS/Target/fatfs_platform.c ****   * If no LICENSE file comes with this software, it is provided AS-IS.
  15:FATFS/Target/fatfs_platform.c ****   *
  16:FATFS/Target/fatfs_platform.c ****   ******************************************************************************
  17:FATFS/Target/fatfs_platform.c **** */
  18:FATFS/Target/fatfs_platform.c **** /* USER CODE END Header */
  19:FATFS/Target/fatfs_platform.c **** #include "fatfs_platform.h"
  20:FATFS/Target/fatfs_platform.c **** 
  21:FATFS/Target/fatfs_platform.c **** uint8_t	BSP_PlatformIsDetected(void) {
  28              		.loc 1 21 38 view -0
  29              		.cfi_startproc
  30              		@ args = 0, pretend = 0, frame = 0
  31              		@ frame_needed = 0, uses_anonymous_args = 0
  32 0000 08B5     		push	{r3, lr}
  33              		.cfi_def_cfa_offset 8
  34              		.cfi_offset 3, -8
  35              		.cfi_offset 14, -4
  22:FATFS/Target/fatfs_platform.c ****     uint8_t status = SD_PRESENT;
  36              		.loc 1 22 5 view .LVU1
ARM GAS  C:\Users\jason\AppData\Local\Temp\ccNagYfQ.s 			page 2


  37              	.LVL0:
  23:FATFS/Target/fatfs_platform.c ****     /* Check SD card detect pin */
  24:FATFS/Target/fatfs_platform.c ****     if(HAL_GPIO_ReadPin(SD_DETECT_GPIO_PORT, SD_DETECT_PIN) != GPIO_PIN_RESET)
  38              		.loc 1 24 5 view .LVU2
  39              		.loc 1 24 8 is_stmt 0 view .LVU3
  40 0002 2021     		movs	r1, #32
  41 0004 0348     		ldr	r0, .L5
  42 0006 FFF7FEFF 		bl	HAL_GPIO_ReadPin
  43              	.LVL1:
  44              		.loc 1 24 7 discriminator 1 view .LVU4
  45 000a 08B9     		cbnz	r0, .L3
  22:FATFS/Target/fatfs_platform.c ****     uint8_t status = SD_PRESENT;
  46              		.loc 1 22 13 view .LVU5
  47 000c 0120     		movs	r0, #1
  48              	.L2:
  49              	.LVL2:
  25:FATFS/Target/fatfs_platform.c ****     {
  26:FATFS/Target/fatfs_platform.c ****         status = SD_NOT_PRESENT;
  27:FATFS/Target/fatfs_platform.c ****     }
  28:FATFS/Target/fatfs_platform.c ****     /* USER CODE BEGIN 1 */
  29:FATFS/Target/fatfs_platform.c ****     /* user code can be inserted here */
  30:FATFS/Target/fatfs_platform.c ****     /* USER CODE END 1 */
  31:FATFS/Target/fatfs_platform.c ****     return status;
  50              		.loc 1 31 5 is_stmt 1 view .LVU6
  32:FATFS/Target/fatfs_platform.c **** }
  51              		.loc 1 32 1 is_stmt 0 view .LVU7
  52 000e 08BD     		pop	{r3, pc}
  53              	.LVL3:
  54              	.L3:
  26:FATFS/Target/fatfs_platform.c ****     }
  55              		.loc 1 26 16 view .LVU8
  56 0010 0020     		movs	r0, #0
  57 0012 FCE7     		b	.L2
  58              	.L6:
  59              		.align	2
  60              	.L5:
  61 0014 00100258 		.word	1476530176
  62              		.cfi_endproc
  63              	.LFE144:
  65              		.text
  66              	.Letext0:
  67              		.file 2 "C:/Users/jason/AppData/Roaming/Code/User/globalStorage/bmd.stm32-for-vscode/@xpack-dev-to
  68              		.file 3 "C:/Users/jason/AppData/Roaming/Code/User/globalStorage/bmd.stm32-for-vscode/@xpack-dev-to
  69              		.file 4 "Drivers/CMSIS/Device/ST/STM32H7xx/Include/stm32h750xx.h"
  70              		.file 5 "Drivers/STM32H7xx_HAL_Driver/Inc/stm32h7xx_hal_gpio.h"
ARM GAS  C:\Users\jason\AppData\Local\Temp\ccNagYfQ.s 			page 3


DEFINED SYMBOLS
                            *ABS*:00000000 fatfs_platform.c
C:\Users\jason\AppData\Local\Temp\ccNagYfQ.s:20     .text.BSP_PlatformIsDetected:00000000 $t
C:\Users\jason\AppData\Local\Temp\ccNagYfQ.s:26     .text.BSP_PlatformIsDetected:00000000 BSP_PlatformIsDetected
C:\Users\jason\AppData\Local\Temp\ccNagYfQ.s:61     .text.BSP_PlatformIsDetected:00000014 $d

UNDEFINED SYMBOLS
HAL_GPIO_ReadPin
