ARM GAS  C:\Users\jason\AppData\Local\Temp\ccQKuefa.s 			page 1


   1              		.cpu cortex-m7
   2              		.arch armv7e-m
   3              		.fpu fpv5-d16
   4              		.eabi_attribute 28, 1
   5              		.eabi_attribute 20, 1
   6              		.eabi_attribute 21, 1
   7              		.eabi_attribute 23, 3
   8              		.eabi_attribute 24, 1
   9              		.eabi_attribute 25, 1
  10              		.eabi_attribute 26, 1
  11              		.eabi_attribute 30, 1
  12              		.eabi_attribute 34, 1
  13              		.eabi_attribute 18, 4
  14              		.file	"sphinx_io.c"
  15              		.text
  16              	.Ltext0:
  17              		.cfi_sections	.debug_frame
  18              		.file 1 "Core/Src/io/sphinx_io.c"
  19              		.section	.text.sphinx_io_init,"ax",%progbits
  20              		.align	1
  21              		.global	sphinx_io_init
  22              		.syntax unified
  23              		.thumb
  24              		.thumb_func
  26              	sphinx_io_init:
  27              	.LFB0:
   1:Core/Src/io/sphinx_io.c **** #include "sphinx_io.h"
   2:Core/Src/io/sphinx_io.c **** 
   3:Core/Src/io/sphinx_io.c **** #include "bmp5_drv.h"
   4:Core/Src/io/sphinx_io.c **** 
   5:Core/Src/io/sphinx_io.c **** // TODO: fill in once we get implementations
   6:Core/Src/io/sphinx_io.c **** SphinxIO sphinx_io_real = {
   7:Core/Src/io/sphinx_io.c ****     .altimeter_init = bmp5_config,
   8:Core/Src/io/sphinx_io.c ****     .altimeter_read = bmp5_read_altitude
   9:Core/Src/io/sphinx_io.c **** }; 
  10:Core/Src/io/sphinx_io.c **** 
  11:Core/Src/io/sphinx_io.c **** SphinxIO sphinx_io_sim = {}; 
  12:Core/Src/io/sphinx_io.c **** 
  13:Core/Src/io/sphinx_io.c **** SphinxIO* sphinx_io_inst = &sphinx_io_real; 
  14:Core/Src/io/sphinx_io.c **** 
  15:Core/Src/io/sphinx_io.c **** void sphinx_io_init() {
  28              		.loc 1 15 23 view -0
  29              		.cfi_startproc
  30              		@ args = 0, pretend = 0, frame = 0
  31              		@ frame_needed = 0, uses_anonymous_args = 0
  32 0000 08B5     		push	{r3, lr}
  33              		.cfi_def_cfa_offset 8
  34              		.cfi_offset 3, -8
  35              		.cfi_offset 14, -4
  16:Core/Src/io/sphinx_io.c ****     // TODO: add hot swapping based on which io to use
  17:Core/Src/io/sphinx_io.c **** 
  18:Core/Src/io/sphinx_io.c **** 
  19:Core/Src/io/sphinx_io.c ****     sphinx_io_inst->altimeter_init(); 
  36              		.loc 1 19 5 view .LVU1
  37              		.loc 1 19 19 is_stmt 0 view .LVU2
  38 0002 024B     		ldr	r3, .L3
  39 0004 1B68     		ldr	r3, [r3]
ARM GAS  C:\Users\jason\AppData\Local\Temp\ccQKuefa.s 			page 2


  40 0006 1B68     		ldr	r3, [r3]
  41              		.loc 1 19 5 view .LVU3
  42 0008 9847     		blx	r3
  43              	.LVL0:
  20:Core/Src/io/sphinx_io.c **** }...
  44              		.loc 1 20 1 view .LVU4
  45 000a 08BD     		pop	{r3, pc}
  46              	.L4:
  47              		.align	2
  48              	.L3:
  49 000c 00000000 		.word	sphinx_io_inst
  50              		.cfi_endproc
  51              	.LFE0:
  53              		.global	sphinx_io_inst
  54              		.section	.data.sphinx_io_inst,"aw"
  55              		.align	2
  58              	sphinx_io_inst:
  59 0000 00000000 		.word	sphinx_io_real
  60              		.global	sphinx_io_sim
  61              		.section	.bss.sphinx_io_sim,"aw",%nobits
  62              		.align	2
  65              	sphinx_io_sim:
  66 0000 00000000 		.space	8
  66      00000000 
  67              		.global	sphinx_io_real
  68              		.section	.data.sphinx_io_real,"aw"
  69              		.align	2
  72              	sphinx_io_real:
  73 0000 00000000 		.word	bmp5_config
  74 0004 00000000 		.word	bmp5_read_altitude
  75              		.text
  76              	.Letext0:
  77              		.file 2 "C:/Users/jason/AppData/Roaming/Code/User/globalStorage/bmd.stm32-for-vscode/@xpack-dev-to
  78              		.file 3 "C:/Users/jason/AppData/Roaming/Code/User/globalStorage/bmd.stm32-for-vscode/@xpack-dev-to
  79              		.file 4 "Core/Inc/io/sphinx_io.h"
  80              		.file 5 "Core/Inc/bmp5/bmp5_drv.h"
ARM GAS  C:\Users\jason\AppData\Local\Temp\ccQKuefa.s 			page 3


DEFINED SYMBOLS
                            *ABS*:00000000 sphinx_io.c
C:\Users\jason\AppData\Local\Temp\ccQKuefa.s:20     .text.sphinx_io_init:00000000 $t
C:\Users\jason\AppData\Local\Temp\ccQKuefa.s:26     .text.sphinx_io_init:00000000 sphinx_io_init
C:\Users\jason\AppData\Local\Temp\ccQKuefa.s:49     .text.sphinx_io_init:0000000c $d
C:\Users\jason\AppData\Local\Temp\ccQKuefa.s:58     .data.sphinx_io_inst:00000000 sphinx_io_inst
C:\Users\jason\AppData\Local\Temp\ccQKuefa.s:55     .data.sphinx_io_inst:00000000 $d
C:\Users\jason\AppData\Local\Temp\ccQKuefa.s:72     .data.sphinx_io_real:00000000 sphinx_io_real
C:\Users\jason\AppData\Local\Temp\ccQKuefa.s:65     .bss.sphinx_io_sim:00000000 sphinx_io_sim
C:\Users\jason\AppData\Local\Temp\ccQKuefa.s:62     .bss.sphinx_io_sim:00000000 $d
C:\Users\jason\AppData\Local\Temp\ccQKuefa.s:69     .data.sphinx_io_real:00000000 $d

UNDEFINED SYMBOLS
bmp5_config
bmp5_read_altitude
