ARM GAS  C:\Users\jason\AppData\Local\Temp\cceBt3ac.s 			page 1


   1              		.cpu cortex-m7
   2              		.arch armv7e-m
   3              		.fpu fpv5-d16
   4              		.eabi_attribute 28, 1
   5              		.eabi_attribute 20, 1
   6              		.eabi_attribute 21, 1
   7              		.eabi_attribute 23, 3
   8              		.eabi_attribute 24, 1
   9              		.eabi_attribute 25, 1
  10              		.eabi_attribute 26, 1
  11              		.eabi_attribute 30, 1
  12              		.eabi_attribute 34, 1
  13              		.eabi_attribute 18, 4
  14              		.file	"state_machine.c"
  15              		.text
  16              	.Ltext0:
  17              		.cfi_sections	.debug_frame
  18              		.file 1 "Core/Src/state_machine.c"
  19              		.section	.text.state_machine_thread,"ax",%progbits
  20              		.align	1
  21              		.global	state_machine_thread
  22              		.syntax unified
  23              		.thumb
  24              		.thumb_func
  26              	state_machine_thread:
  27              	.LVL0:
  28              	.LFB4:
   1:Core/Src/state_machine.c **** #include "state_machine.h"
   2:Core/Src/state_machine.c **** #include "FreeRTOS.h"
   3:Core/Src/state_machine.c **** 
   4:Core/Src/state_machine.c **** StateMachineContext state_machine_ctx; 
   5:Core/Src/state_machine.c **** 
   6:Core/Src/state_machine.c **** StateMachineThreadConfig thread_20hz = {
   7:Core/Src/state_machine.c ****     .ctx = &state_machine_ctx,
   8:Core/Src/state_machine.c ****     .thread_idx = 0,
   9:Core/Src/state_machine.c ****     .period_ms = 50
  10:Core/Src/state_machine.c **** };
  11:Core/Src/state_machine.c **** 
  12:Core/Src/state_machine.c **** StateMachineThreadConfig thread_30hz = {
  13:Core/Src/state_machine.c ****     .ctx = &state_machine_ctx,
  14:Core/Src/state_machine.c ****     .thread_idx = 1,
  15:Core/Src/state_machine.c ****     .period_ms = 33
  16:Core/Src/state_machine.c **** };
  17:Core/Src/state_machine.c **** 
  18:Core/Src/state_machine.c **** StateMachineThreadConfig thread_100hz = {
  19:Core/Src/state_machine.c ****     .ctx = &state_machine_ctx,
  20:Core/Src/state_machine.c ****     .thread_idx = 2,
  21:Core/Src/state_machine.c ****     .period_ms = 10
  22:Core/Src/state_machine.c **** };
  23:Core/Src/state_machine.c **** 
  24:Core/Src/state_machine.c **** void state_machine_thread(void *argument)
  25:Core/Src/state_machine.c **** {
  29              		.loc 1 25 1 view -0
  30              		.cfi_startproc
  31              		@ args = 0, pretend = 0, frame = 0
  32              		@ frame_needed = 0, uses_anonymous_args = 0
  33              		.loc 1 25 1 is_stmt 0 view .LVU1
ARM GAS  C:\Users\jason\AppData\Local\Temp\cceBt3ac.s 			page 2


  34 0000 70B5     		push	{r4, r5, r6, lr}
  35              		.cfi_def_cfa_offset 16
  36              		.cfi_offset 4, -16
  37              		.cfi_offset 5, -12
  38              		.cfi_offset 6, -8
  39              		.cfi_offset 14, -4
  40 0002 0446     		mov	r4, r0
  26:Core/Src/state_machine.c ****     StateMachineThreadConfig *config =
  41              		.loc 1 26 5 is_stmt 1 view .LVU2
  42              	.LVL1:
  27:Core/Src/state_machine.c ****         (StateMachineThreadConfig *)argument;
  28:Core/Src/state_machine.c **** 
  29:Core/Src/state_machine.c ****     TickType_t period = pdMS_TO_TICKS(config->period_ms);
  43              		.loc 1 29 5 view .LVU3
  44              		.loc 1 29 25 is_stmt 0 view .LVU4
  45 0004 8368     		ldr	r3, [r0, #8]
  46 0006 4FF47A72 		mov	r2, #1000
  47 000a 02FB03F5 		mul	r5, r2, r3
  48              		.loc 1 29 16 view .LVU5
  49 000e 074B     		ldr	r3, .L4
  50 0010 A3FB0535 		umull	r3, r5, r3, r5
  51 0014 AD09     		lsrs	r5, r5, #6
  52              	.LVL2:
  30:Core/Src/state_machine.c ****     TickType_t last_wake = osKernelGetTickCount();
  53              		.loc 1 30 5 is_stmt 1 view .LVU6
  54              		.loc 1 30 28 is_stmt 0 view .LVU7
  55 0016 FFF7FEFF 		bl	osKernelGetTickCount
  56              	.LVL3:
  57              		.loc 1 30 28 view .LVU8
  58 001a 0646     		mov	r6, r0
  59              	.LVL4:
  60              	.L2:
  31:Core/Src/state_machine.c **** 
  32:Core/Src/state_machine.c ****     while (1) {
  61              		.loc 1 32 5 is_stmt 1 view .LVU9
  33:Core/Src/state_machine.c **** 
  34:Core/Src/state_machine.c ****         loop_state_machine_thread(
  62              		.loc 1 34 9 view .LVU10
  63 001c 2168     		ldr	r1, [r4]
  64 001e 2079     		ldrb	r0, [r4, #4]	@ zero_extendqisi2
  65 0020 FFF7FEFF 		bl	loop_state_machine_thread
  66              	.LVL5:
  35:Core/Src/state_machine.c ****             config->thread_idx,
  36:Core/Src/state_machine.c ****             config->ctx
  37:Core/Src/state_machine.c ****         );
  38:Core/Src/state_machine.c **** 
  39:Core/Src/state_machine.c ****         osDelayUntil(last_wake + period);
  67              		.loc 1 39 9 discriminator 2 view .LVU11
  68 0024 A819     		adds	r0, r5, r6
  69 0026 FFF7FEFF 		bl	osDelayUntil
  70              	.LVL6:
  32:Core/Src/state_machine.c **** 
  71              		.loc 1 32 11 view .LVU12
  72 002a F7E7     		b	.L2
  73              	.L5:
  74              		.align	2
  75              	.L4:
ARM GAS  C:\Users\jason\AppData\Local\Temp\cceBt3ac.s 			page 3


  76 002c D34D6210 		.word	274877907
  77              		.cfi_endproc
  78              	.LFE4:
  80              		.section	.text.state_machine_master_thread,"ax",%progbits
  81              		.align	1
  82              		.global	state_machine_master_thread
  83              		.syntax unified
  84              		.thumb
  85              		.thumb_func
  87              	state_machine_master_thread:
  88              	.LVL7:
  89              	.LFB5:
  40:Core/Src/state_machine.c ****     }
  41:Core/Src/state_machine.c **** }
  42:Core/Src/state_machine.c **** 
  43:Core/Src/state_machine.c **** void state_machine_master_thread(void *argument)
  44:Core/Src/state_machine.c **** {
  90              		.loc 1 44 1 view -0
  91              		.cfi_startproc
  92              		@ args = 0, pretend = 0, frame = 0
  93              		@ frame_needed = 0, uses_anonymous_args = 0
  94              		.loc 1 44 1 is_stmt 0 view .LVU14
  95 0000 38B5     		push	{r3, r4, r5, lr}
  96              		.cfi_def_cfa_offset 16
  97              		.cfi_offset 3, -16
  98              		.cfi_offset 4, -12
  99              		.cfi_offset 5, -8
 100              		.cfi_offset 14, -4
 101 0002 0546     		mov	r5, r0
  45:Core/Src/state_machine.c ****     StateMachineContext *ctx = argument;
 102              		.loc 1 45 5 is_stmt 1 view .LVU15
 103              	.LVL8:
  46:Core/Src/state_machine.c **** 
  47:Core/Src/state_machine.c ****     const TickType_t period = pdMS_TO_TICKS(10); // 100 Hz
 104              		.loc 1 47 5 view .LVU16
  48:Core/Src/state_machine.c ****     TickType_t last_wake = osKernelGetTickCount();
 105              		.loc 1 48 5 view .LVU17
 106              		.loc 1 48 28 is_stmt 0 view .LVU18
 107 0004 FFF7FEFF 		bl	osKernelGetTickCount
 108              	.LVL9:
 109              		.loc 1 48 28 view .LVU19
 110 0008 0446     		mov	r4, r0
 111              	.LVL10:
 112              	.L7:
  49:Core/Src/state_machine.c **** 
  50:Core/Src/state_machine.c ****     while (1) {
 113              		.loc 1 50 5 is_stmt 1 view .LVU20
  51:Core/Src/state_machine.c **** 
  52:Core/Src/state_machine.c ****         loop_state_machine_master(ctx);
 114              		.loc 1 52 9 view .LVU21
 115 000a 2846     		mov	r0, r5
 116 000c FFF7FEFF 		bl	loop_state_machine_master
 117              	.LVL11:
  53:Core/Src/state_machine.c **** 
  54:Core/Src/state_machine.c ****         osDelayUntil(last_wake + period);
 118              		.loc 1 54 9 discriminator 2 view .LVU22
 119 0010 04F10A00 		add	r0, r4, #10
ARM GAS  C:\Users\jason\AppData\Local\Temp\cceBt3ac.s 			page 4


 120 0014 FFF7FEFF 		bl	osDelayUntil
 121              	.LVL12:
  50:Core/Src/state_machine.c **** 
 122              		.loc 1 50 11 view .LVU23
 123 0018 F7E7     		b	.L7
 124              		.cfi_endproc
 125              	.LFE5:
 127              		.section	.text.init_state_machine,"ax",%progbits
 128              		.align	1
 129              		.global	init_state_machine
 130              		.syntax unified
 131              		.thumb
 132              		.thumb_func
 134              	init_state_machine:
 135              	.LVL13:
 136              	.LFB6:
  55:Core/Src/state_machine.c ****     }
  56:Core/Src/state_machine.c **** }
  57:Core/Src/state_machine.c **** 
  58:Core/Src/state_machine.c **** void init_state_machine(State* starting_state) {
 137              		.loc 1 58 48 view -0
 138              		.cfi_startproc
 139              		@ args = 0, pretend = 0, frame = 0
 140              		@ frame_needed = 0, uses_anonymous_args = 0
 141              		.loc 1 58 48 is_stmt 0 view .LVU25
 142 0000 38B5     		push	{r3, r4, r5, lr}
 143              		.cfi_def_cfa_offset 16
 144              		.cfi_offset 3, -16
 145              		.cfi_offset 4, -12
 146              		.cfi_offset 5, -8
 147              		.cfi_offset 14, -4
 148 0002 0546     		mov	r5, r0
  59:Core/Src/state_machine.c ****     state_machine_init(&state_machine_ctx); 
 149              		.loc 1 59 5 is_stmt 1 view .LVU26
 150 0004 0E4C     		ldr	r4, .L11
 151 0006 2046     		mov	r0, r4
 152              	.LVL14:
 153              		.loc 1 59 5 is_stmt 0 view .LVU27
 154 0008 FFF7FEFF 		bl	state_machine_init
 155              	.LVL15:
  60:Core/Src/state_machine.c **** 
  61:Core/Src/state_machine.c ****     state_machine_request_transition(
 156              		.loc 1 61 5 is_stmt 1 view .LVU28
 157 000c 2946     		mov	r1, r5
 158 000e 2046     		mov	r0, r4
 159 0010 FFF7FEFF 		bl	state_machine_request_transition
 160              	.LVL16:
  62:Core/Src/state_machine.c ****         &state_machine_ctx,
  63:Core/Src/state_machine.c ****         starting_state
  64:Core/Src/state_machine.c ****     );
  65:Core/Src/state_machine.c ****     
  66:Core/Src/state_machine.c ****     // master
  67:Core/Src/state_machine.c ****     osThreadNew(
 161              		.loc 1 67 5 view .LVU29
 162 0014 0022     		movs	r2, #0
 163 0016 2146     		mov	r1, r4
 164 0018 0A48     		ldr	r0, .L11+4
ARM GAS  C:\Users\jason\AppData\Local\Temp\cceBt3ac.s 			page 5


 165 001a FFF7FEFF 		bl	osThreadNew
 166              	.LVL17:
  68:Core/Src/state_machine.c ****         state_machine_master_thread, 
  69:Core/Src/state_machine.c ****         &state_machine_ctx, 
  70:Core/Src/state_machine.c ****         NULL
  71:Core/Src/state_machine.c ****     );
  72:Core/Src/state_machine.c **** 
  73:Core/Src/state_machine.c ****     // workers
  74:Core/Src/state_machine.c ****     osThreadNew(
 167              		.loc 1 74 5 view .LVU30
 168 001e 0A4C     		ldr	r4, .L11+8
 169 0020 0022     		movs	r2, #0
 170 0022 0A49     		ldr	r1, .L11+12
 171 0024 2046     		mov	r0, r4
 172 0026 FFF7FEFF 		bl	osThreadNew
 173              	.LVL18:
  75:Core/Src/state_machine.c ****         state_machine_thread,
  76:Core/Src/state_machine.c ****         &thread_20hz,
  77:Core/Src/state_machine.c ****         NULL
  78:Core/Src/state_machine.c ****     );
  79:Core/Src/state_machine.c **** 
  80:Core/Src/state_machine.c ****     osThreadNew(
 174              		.loc 1 80 5 view .LVU31
 175 002a 0022     		movs	r2, #0
 176 002c 0849     		ldr	r1, .L11+16
 177 002e 2046     		mov	r0, r4
 178 0030 FFF7FEFF 		bl	osThreadNew
 179              	.LVL19:
  81:Core/Src/state_machine.c ****         state_machine_thread,
  82:Core/Src/state_machine.c ****         &thread_30hz,
  83:Core/Src/state_machine.c ****         NULL
  84:Core/Src/state_machine.c ****     );
  85:Core/Src/state_machine.c **** 
  86:Core/Src/state_machine.c ****     osThreadNew(
 180              		.loc 1 86 5 view .LVU32
 181 0034 0022     		movs	r2, #0
 182 0036 0749     		ldr	r1, .L11+20
 183 0038 2046     		mov	r0, r4
 184 003a FFF7FEFF 		bl	osThreadNew
 185              	.LVL20:
  87:Core/Src/state_machine.c ****         state_machine_thread,
  88:Core/Src/state_machine.c ****         &thread_100hz,
  89:Core/Src/state_machine.c ****         NULL
  90:Core/Src/state_machine.c ****     );
  91:Core/Src/state_machine.c **** }...
 186              		.loc 1 91 1 is_stmt 0 view .LVU33
 187 003e 38BD     		pop	{r3, r4, r5, pc}
 188              	.LVL21:
 189              	.L12:
 190              		.loc 1 91 1 view .LVU34
 191              		.align	2
 192              	.L11:
 193 0040 00000000 		.word	state_machine_ctx
 194 0044 00000000 		.word	state_machine_master_thread
 195 0048 00000000 		.word	state_machine_thread
 196 004c 00000000 		.word	thread_20hz
 197 0050 00000000 		.word	thread_30hz
ARM GAS  C:\Users\jason\AppData\Local\Temp\cceBt3ac.s 			page 6


 198 0054 00000000 		.word	thread_100hz
 199              		.cfi_endproc
 200              	.LFE6:
 202              		.global	thread_100hz
 203              		.section	.data.thread_100hz,"aw"
 204              		.align	2
 207              	thread_100hz:
 208 0000 00000000 		.word	state_machine_ctx
 209 0004 02       		.byte	2
 210 0005 000000   		.space	3
 211 0008 0A000000 		.word	10
 212              		.global	thread_30hz
 213              		.section	.data.thread_30hz,"aw"
 214              		.align	2
 217              	thread_30hz:
 218 0000 00000000 		.word	state_machine_ctx
 219 0004 01       		.byte	1
 220 0005 000000   		.space	3
 221 0008 21000000 		.word	33
 222              		.global	thread_20hz
 223              		.section	.data.thread_20hz,"aw"
 224              		.align	2
 227              	thread_20hz:
 228 0000 00000000 		.word	state_machine_ctx
 229 0004 00       		.byte	0
 230 0005 000000   		.space	3
 231 0008 32000000 		.word	50
 232              		.global	state_machine_ctx
 233              		.section	.bss.state_machine_ctx,"aw",%nobits
 234              		.align	2
 237              	state_machine_ctx:
 238 0000 00000000 		.space	20
 238      00000000 
 238      00000000 
 238      00000000 
 238      00000000 
 239              		.text
 240              	.Letext0:
 241              		.file 2 "C:/Users/jason/AppData/Roaming/Code/User/globalStorage/bmd.stm32-for-vscode/@xpack-dev-to
 242              		.file 3 "C:/Users/jason/AppData/Roaming/Code/User/globalStorage/bmd.stm32-for-vscode/@xpack-dev-to
 243              		.file 4 "Algorithms/Inc/algorithm.h"
 244              		.file 5 "C:/Users/jason/AppData/Roaming/Code/User/globalStorage/bmd.stm32-for-vscode/@xpack-dev-to
 245              		.file 6 "Middlewares/Third_Party/FreeRTOS/Source/CMSIS_RTOS_V2/cmsis_os2.h"
 246              		.file 7 "Algorithms/Inc/state.h"
 247              		.file 8 "Core/Inc/state_machine.h"
 248              		.file 9 "Middlewares/Third_Party/FreeRTOS/Source/portable/GCC/ARM_CM4F/portmacro.h"
ARM GAS  C:\Users\jason\AppData\Local\Temp\cceBt3ac.s 			page 7


DEFINED SYMBOLS
                            *ABS*:00000000 state_machine.c
C:\Users\jason\AppData\Local\Temp\cceBt3ac.s:20     .text.state_machine_thread:00000000 $t
C:\Users\jason\AppData\Local\Temp\cceBt3ac.s:26     .text.state_machine_thread:00000000 state_machine_thread
C:\Users\jason\AppData\Local\Temp\cceBt3ac.s:76     .text.state_machine_thread:0000002c $d
C:\Users\jason\AppData\Local\Temp\cceBt3ac.s:81     .text.state_machine_master_thread:00000000 $t
C:\Users\jason\AppData\Local\Temp\cceBt3ac.s:87     .text.state_machine_master_thread:00000000 state_machine_master_thread
C:\Users\jason\AppData\Local\Temp\cceBt3ac.s:128    .text.init_state_machine:00000000 $t
C:\Users\jason\AppData\Local\Temp\cceBt3ac.s:134    .text.init_state_machine:00000000 init_state_machine
C:\Users\jason\AppData\Local\Temp\cceBt3ac.s:193    .text.init_state_machine:00000040 $d
C:\Users\jason\AppData\Local\Temp\cceBt3ac.s:237    .bss.state_machine_ctx:00000000 state_machine_ctx
C:\Users\jason\AppData\Local\Temp\cceBt3ac.s:227    .data.thread_20hz:00000000 thread_20hz
C:\Users\jason\AppData\Local\Temp\cceBt3ac.s:217    .data.thread_30hz:00000000 thread_30hz
C:\Users\jason\AppData\Local\Temp\cceBt3ac.s:207    .data.thread_100hz:00000000 thread_100hz
C:\Users\jason\AppData\Local\Temp\cceBt3ac.s:204    .data.thread_100hz:00000000 $d
C:\Users\jason\AppData\Local\Temp\cceBt3ac.s:214    .data.thread_30hz:00000000 $d
C:\Users\jason\AppData\Local\Temp\cceBt3ac.s:224    .data.thread_20hz:00000000 $d
C:\Users\jason\AppData\Local\Temp\cceBt3ac.s:234    .bss.state_machine_ctx:00000000 $d

UNDEFINED SYMBOLS
osKernelGetTickCount
loop_state_machine_thread
osDelayUntil
loop_state_machine_master
state_machine_init
state_machine_request_transition
osThreadNew
