ARM GAS  C:\Users\jason\AppData\Local\Temp\cc2mqW4T.s 			page 1


   1              		.cpu cortex-m7
   2              		.arch armv7e-m
   3              		.fpu fpv5-d16
   4              		.eabi_attribute 28, 1
   5              		.eabi_attribute 20, 1
   6              		.eabi_attribute 21, 1
   7              		.eabi_attribute 23, 3
   8              		.eabi_attribute 24, 1
   9              		.eabi_attribute 25, 1
  10              		.eabi_attribute 26, 1
  11              		.eabi_attribute 30, 1
  12              		.eabi_attribute 34, 1
  13              		.eabi_attribute 18, 4
  14              		.file	"state.c"
  15              		.text
  16              	.Ltext0:
  17              		.cfi_sections	.debug_frame
  18              		.file 1 "Algorithms/Src/state.c"
  19              		.section	.text.state_alg_set_enabled,"ax",%progbits
  20              		.align	1
  21              		.global	state_alg_set_enabled
  22              		.syntax unified
  23              		.thumb
  24              		.thumb_func
  26              	state_alg_set_enabled:
  27              	.LVL0:
  28              	.LFB0:
   1:Algorithms/Src/state.c **** #include "state.h"
   2:Algorithms/Src/state.c **** 
   3:Algorithms/Src/state.c **** 
   4:Algorithms/Src/state.c **** // state helpers
   5:Algorithms/Src/state.c **** void state_alg_set_enabled(State* state, uint8_t idx, bool enabled) {
  29              		.loc 1 5 69 view -0
  30              		.cfi_startproc
  31              		@ args = 0, pretend = 0, frame = 0
  32              		@ frame_needed = 0, uses_anonymous_args = 0
  33              		@ link register save eliminated.
   6:Algorithms/Src/state.c ****     if (enabled) {
  34              		.loc 1 6 5 view .LVU1
  35              		.loc 1 6 8 is_stmt 0 view .LVU2
  36 0000 3AB1     		cbz	r2, .L2
   7:Algorithms/Src/state.c ****         state->alg_enabled |= ((uint16_t) 0x01) << idx; 
  37              		.loc 1 7 9 is_stmt 1 view .LVU3
  38              		.loc 1 7 14 is_stmt 0 view .LVU4
  39 0002 B0F84430 		ldrh	r3, [r0, #68]
  40              		.loc 1 7 49 view .LVU5
  41 0006 0122     		movs	r2, #1
  42              	.LVL1:
  43              		.loc 1 7 49 view .LVU6
  44 0008 8A40     		lsls	r2, r2, r1
  45              		.loc 1 7 28 view .LVU7
  46 000a 1343     		orrs	r3, r3, r2
  47 000c A0F84430 		strh	r3, [r0, #68]	@ movhi
  48 0010 7047     		bx	lr
  49              	.LVL2:
  50              	.L2:
   8:Algorithms/Src/state.c ****     } else {
ARM GAS  C:\Users\jason\AppData\Local\Temp\cc2mqW4T.s 			page 2


   9:Algorithms/Src/state.c ****         state->alg_enabled &= ~(((uint16_t) 0x01) << idx); 
  51              		.loc 1 9 9 is_stmt 1 view .LVU8
  52              		.loc 1 9 14 is_stmt 0 view .LVU9
  53 0012 B0F84420 		ldrh	r2, [r0, #68]
  54              	.LVL3:
  55              		.loc 1 9 51 view .LVU10
  56 0016 0123     		movs	r3, #1
  57 0018 8B40     		lsls	r3, r3, r1
  58              		.loc 1 9 28 view .LVU11
  59 001a DB43     		mvns	r3, r3
  60 001c 1BB2     		sxth	r3, r3
  61 001e 1340     		ands	r3, r3, r2
  62 0020 A0F84430 		strh	r3, [r0, #68]	@ movhi
  10:Algorithms/Src/state.c ****     }
  11:Algorithms/Src/state.c **** }
  63              		.loc 1 11 1 view .LVU12
  64 0024 7047     		bx	lr
  65              		.cfi_endproc
  66              	.LFE0:
  68              		.section	.text.state_alg_get_enabled,"ax",%progbits
  69              		.align	1
  70              		.global	state_alg_get_enabled
  71              		.syntax unified
  72              		.thumb
  73              		.thumb_func
  75              	state_alg_get_enabled:
  76              	.LVL4:
  77              	.LFB1:
  12:Algorithms/Src/state.c **** 
  13:Algorithms/Src/state.c **** bool state_alg_get_enabled(State* state, uint8_t idx) {
  78              		.loc 1 13 55 is_stmt 1 view -0
  79              		.cfi_startproc
  80              		@ args = 0, pretend = 0, frame = 0
  81              		@ frame_needed = 0, uses_anonymous_args = 0
  82              		@ link register save eliminated.
  14:Algorithms/Src/state.c ****     return (state->alg_enabled >> idx) & 0x01; 
  83              		.loc 1 14 5 view .LVU14
  84              		.loc 1 14 18 is_stmt 0 view .LVU15
  85 0000 B0F84400 		ldrh	r0, [r0, #68]
  86              	.LVL5:
  87              		.loc 1 14 32 view .LVU16
  88 0004 0841     		asrs	r0, r0, r1
  15:Algorithms/Src/state.c **** }
  89              		.loc 1 15 1 view .LVU17
  90 0006 00F00100 		and	r0, r0, #1
  91 000a 7047     		bx	lr
  92              		.cfi_endproc
  93              	.LFE1:
  95              		.section	.text.state_machine_init,"ax",%progbits
  96              		.align	1
  97              		.global	state_machine_init
  98              		.syntax unified
  99              		.thumb
 100              		.thumb_func
 102              	state_machine_init:
 103              	.LVL6:
 104              	.LFB2:
ARM GAS  C:\Users\jason\AppData\Local\Temp\cc2mqW4T.s 			page 3


  16:Algorithms/Src/state.c **** 
  17:Algorithms/Src/state.c **** // state machine helpers
  18:Algorithms/Src/state.c **** void state_machine_init(StateMachineContext *ctx) {
 105              		.loc 1 18 51 is_stmt 1 view -0
 106              		.cfi_startproc
 107              		@ args = 0, pretend = 0, frame = 0
 108              		@ frame_needed = 0, uses_anonymous_args = 0
 109              		.loc 1 18 51 is_stmt 0 view .LVU19
 110 0000 10B5     		push	{r4, lr}
 111              		.cfi_def_cfa_offset 8
 112              		.cfi_offset 4, -8
 113              		.cfi_offset 14, -4
 114 0002 0446     		mov	r4, r0
  19:Algorithms/Src/state.c ****     ctx->current_state = NULL;
 115              		.loc 1 19 5 is_stmt 1 view .LVU20
 116              		.loc 1 19 24 is_stmt 0 view .LVU21
 117 0004 0020     		movs	r0, #0
 118              	.LVL7:
 119              		.loc 1 19 24 view .LVU22
 120 0006 2060     		str	r0, [r4]
  20:Algorithms/Src/state.c ****     ctx->next_state = NULL;
 121              		.loc 1 20 5 is_stmt 1 view .LVU23
 122              		.loc 1 20 21 is_stmt 0 view .LVU24
 123 0008 6060     		str	r0, [r4, #4]
  21:Algorithms/Src/state.c **** 
  22:Algorithms/Src/state.c ****     ctx->active_workers = 0;
 124              		.loc 1 22 5 is_stmt 1 view .LVU25
 125              		.loc 1 22 25 is_stmt 0 view .LVU26
 126 000a E060     		str	r0, [r4, #12]
  23:Algorithms/Src/state.c ****     ctx->transitioning = false;
 127              		.loc 1 23 5 is_stmt 1 view .LVU27
 128              		.loc 1 23 24 is_stmt 0 view .LVU28
 129 000c 2074     		strb	r0, [r4, #16]
  24:Algorithms/Src/state.c **** 
  25:Algorithms/Src/state.c ****     ctx->state_mutex = osMutexNew(NULL);
 130              		.loc 1 25 5 is_stmt 1 view .LVU29
 131              		.loc 1 25 24 is_stmt 0 view .LVU30
 132 000e FFF7FEFF 		bl	osMutexNew
 133              	.LVL8:
 134              		.loc 1 25 22 discriminator 1 view .LVU31
 135 0012 A060     		str	r0, [r4, #8]
  26:Algorithms/Src/state.c **** }
 136              		.loc 1 26 1 view .LVU32
 137 0014 10BD     		pop	{r4, pc}
 138              		.loc 1 26 1 view .LVU33
 139              		.cfi_endproc
 140              	.LFE2:
 142              		.section	.text.state_start,"ax",%progbits
 143              		.align	1
 144              		.global	state_start
 145              		.syntax unified
 146              		.thumb
 147              		.thumb_func
 149              	state_start:
 150              	.LVL9:
 151              	.LFB3:
  27:Algorithms/Src/state.c **** 
ARM GAS  C:\Users\jason\AppData\Local\Temp\cc2mqW4T.s 			page 4


  28:Algorithms/Src/state.c **** // state lifecycles
  29:Algorithms/Src/state.c **** void state_start(State *state) {
 152              		.loc 1 29 32 is_stmt 1 view -0
 153              		.cfi_startproc
 154              		@ args = 0, pretend = 0, frame = 0
 155              		@ frame_needed = 0, uses_anonymous_args = 0
 156              		.loc 1 29 32 is_stmt 0 view .LVU35
 157 0000 70B5     		push	{r4, r5, r6, lr}
 158              		.cfi_def_cfa_offset 16
 159              		.cfi_offset 4, -16
 160              		.cfi_offset 5, -12
 161              		.cfi_offset 6, -8
 162              		.cfi_offset 14, -4
 163 0002 0546     		mov	r5, r0
  30:Algorithms/Src/state.c ****     for (size_t i = 0; i < state->algorithm_count; i++) {
 164              		.loc 1 30 5 is_stmt 1 view .LVU36
 165              	.LBB2:
 166              		.loc 1 30 10 view .LVU37
 167              	.LVL10:
 168              		.loc 1 30 17 is_stmt 0 view .LVU38
 169 0004 0024     		movs	r4, #0
 170              		.loc 1 30 5 view .LVU39
 171 0006 00E0     		b	.L8
 172              	.LVL11:
 173              	.L9:
 174              		.loc 1 30 53 is_stmt 1 discriminator 2 view .LVU40
 175 0008 0134     		adds	r4, r4, #1
 176              	.LVL12:
 177              	.L8:
 178              		.loc 1 30 26 discriminator 1 view .LVU41
 179              		.loc 1 30 33 is_stmt 0 discriminator 1 view .LVU42
 180 000a 2B6C     		ldr	r3, [r5, #64]
 181              		.loc 1 30 26 discriminator 1 view .LVU43
 182 000c A342     		cmp	r3, r4
 183 000e 0DD9     		bls	.L12
 184              	.LBB3:
  31:Algorithms/Src/state.c ****         Algorithm *alg = state->algorithms[i];
 185              		.loc 1 31 9 is_stmt 1 view .LVU44
 186              		.loc 1 31 20 is_stmt 0 view .LVU45
 187 0010 55F82460 		ldr	r6, [r5, r4, lsl #2]
 188              	.LVL13:
  32:Algorithms/Src/state.c **** 
  33:Algorithms/Src/state.c ****         // NOTE: these are a couple wasted cycles :/
  34:Algorithms/Src/state.c ****         // if (alg->thread_idx != thread_idx) continue; // make sure algs only run on their designa
  35:Algorithms/Src/state.c ****         if (!state_alg_get_enabled(state, i)) continue; // make sure only enabled algs run
 189              		.loc 1 35 9 is_stmt 1 view .LVU46
 190              		.loc 1 35 14 is_stmt 0 view .LVU47
 191 0014 E1B2     		uxtb	r1, r4
 192 0016 2846     		mov	r0, r5
 193 0018 FFF7FEFF 		bl	state_alg_get_enabled
 194              	.LVL14:
 195              		.loc 1 35 12 discriminator 1 view .LVU48
 196 001c 0028     		cmp	r0, #0
 197 001e F3D0     		beq	.L9
  36:Algorithms/Src/state.c **** 
  37:Algorithms/Src/state.c ****         if (alg->start) alg->start(alg);
 198              		.loc 1 37 9 is_stmt 1 view .LVU49
ARM GAS  C:\Users\jason\AppData\Local\Temp\cc2mqW4T.s 			page 5


 199              		.loc 1 37 16 is_stmt 0 view .LVU50
 200 0020 3368     		ldr	r3, [r6]
 201              		.loc 1 37 12 view .LVU51
 202 0022 002B     		cmp	r3, #0
 203 0024 F0D0     		beq	.L9
 204              		.loc 1 37 25 is_stmt 1 discriminator 1 view .LVU52
 205 0026 3046     		mov	r0, r6
 206 0028 9847     		blx	r3
 207              	.LVL15:
 208 002a EDE7     		b	.L9
 209              	.LVL16:
 210              	.L12:
 211              		.loc 1 37 25 is_stmt 0 discriminator 1 view .LVU53
 212              	.LBE3:
 213              	.LBE2:
  38:Algorithms/Src/state.c ****     }
  39:Algorithms/Src/state.c **** }
 214              		.loc 1 39 1 view .LVU54
 215 002c 70BD     		pop	{r4, r5, r6, pc}
 216              		.loc 1 39 1 view .LVU55
 217              		.cfi_endproc
 218              	.LFE3:
 220              		.section	.text.state_loop,"ax",%progbits
 221              		.align	1
 222              		.global	state_loop
 223              		.syntax unified
 224              		.thumb
 225              		.thumb_func
 227              	state_loop:
 228              	.LVL17:
 229              	.LFB4:
  40:Algorithms/Src/state.c **** 
  41:Algorithms/Src/state.c **** void state_loop(uint8_t thread_idx, State *state) {
 230              		.loc 1 41 51 is_stmt 1 view -0
 231              		.cfi_startproc
 232              		@ args = 0, pretend = 0, frame = 0
 233              		@ frame_needed = 0, uses_anonymous_args = 0
 234              		.loc 1 41 51 is_stmt 0 view .LVU57
 235 0000 F8B5     		push	{r3, r4, r5, r6, r7, lr}
 236              		.cfi_def_cfa_offset 24
 237              		.cfi_offset 3, -24
 238              		.cfi_offset 4, -20
 239              		.cfi_offset 5, -16
 240              		.cfi_offset 6, -12
 241              		.cfi_offset 7, -8
 242              		.cfi_offset 14, -4
 243 0002 0746     		mov	r7, r0
 244 0004 0D46     		mov	r5, r1
  42:Algorithms/Src/state.c ****     for (size_t i = 0; i < state->algorithm_count; i++) {
 245              		.loc 1 42 5 is_stmt 1 view .LVU58
 246              	.LBB4:
 247              		.loc 1 42 10 view .LVU59
 248              	.LVL18:
 249              		.loc 1 42 17 is_stmt 0 view .LVU60
 250 0006 0024     		movs	r4, #0
 251              		.loc 1 42 5 view .LVU61
 252 0008 00E0     		b	.L14
ARM GAS  C:\Users\jason\AppData\Local\Temp\cc2mqW4T.s 			page 6


 253              	.LVL19:
 254              	.L15:
 255              		.loc 1 42 53 is_stmt 1 discriminator 2 view .LVU62
 256 000a 0134     		adds	r4, r4, #1
 257              	.LVL20:
 258              	.L14:
 259              		.loc 1 42 26 discriminator 1 view .LVU63
 260              		.loc 1 42 33 is_stmt 0 discriminator 1 view .LVU64
 261 000c 2B6C     		ldr	r3, [r5, #64]
 262              		.loc 1 42 26 discriminator 1 view .LVU65
 263 000e A342     		cmp	r3, r4
 264 0010 10D9     		bls	.L18
 265              	.LBB5:
  43:Algorithms/Src/state.c ****         Algorithm *alg = state->algorithms[i];
 266              		.loc 1 43 9 is_stmt 1 view .LVU66
 267              		.loc 1 43 20 is_stmt 0 view .LVU67
 268 0012 55F82460 		ldr	r6, [r5, r4, lsl #2]
 269              	.LVL21:
  44:Algorithms/Src/state.c **** 
  45:Algorithms/Src/state.c ****         if (alg->thread_idx != thread_idx) continue; // make sure algs only run on their designated
 270              		.loc 1 45 9 is_stmt 1 view .LVU68
 271              		.loc 1 45 16 is_stmt 0 view .LVU69
 272 0016 337C     		ldrb	r3, [r6, #16]	@ zero_extendqisi2
 273              		.loc 1 45 12 view .LVU70
 274 0018 BB42     		cmp	r3, r7
 275 001a F6D1     		bne	.L15
  46:Algorithms/Src/state.c ****         if (!state_alg_get_enabled(state, i)) continue; 
 276              		.loc 1 46 9 is_stmt 1 view .LVU71
 277              		.loc 1 46 14 is_stmt 0 view .LVU72
 278 001c E1B2     		uxtb	r1, r4
 279 001e 2846     		mov	r0, r5
 280 0020 FFF7FEFF 		bl	state_alg_get_enabled
 281              	.LVL22:
 282              		.loc 1 46 12 discriminator 1 view .LVU73
 283 0024 0028     		cmp	r0, #0
 284 0026 F0D0     		beq	.L15
  47:Algorithms/Src/state.c **** 
  48:Algorithms/Src/state.c ****         if (alg->loop) alg->loop(alg);
 285              		.loc 1 48 9 is_stmt 1 view .LVU74
 286              		.loc 1 48 16 is_stmt 0 view .LVU75
 287 0028 7368     		ldr	r3, [r6, #4]
 288              		.loc 1 48 12 view .LVU76
 289 002a 002B     		cmp	r3, #0
 290 002c EDD0     		beq	.L15
 291              		.loc 1 48 24 is_stmt 1 discriminator 1 view .LVU77
 292 002e 3046     		mov	r0, r6
 293 0030 9847     		blx	r3
 294              	.LVL23:
 295 0032 EAE7     		b	.L15
 296              	.LVL24:
 297              	.L18:
 298              		.loc 1 48 24 is_stmt 0 discriminator 1 view .LVU78
 299              	.LBE5:
 300              	.LBE4:
  49:Algorithms/Src/state.c ****     }
  50:Algorithms/Src/state.c **** }
 301              		.loc 1 50 1 view .LVU79
ARM GAS  C:\Users\jason\AppData\Local\Temp\cc2mqW4T.s 			page 7


 302 0034 F8BD     		pop	{r3, r4, r5, r6, r7, pc}
 303              		.loc 1 50 1 view .LVU80
 304              		.cfi_endproc
 305              	.LFE4:
 307              		.section	.text.state_stop,"ax",%progbits
 308              		.align	1
 309              		.global	state_stop
 310              		.syntax unified
 311              		.thumb
 312              		.thumb_func
 314              	state_stop:
 315              	.LVL25:
 316              	.LFB5:
  51:Algorithms/Src/state.c **** 
  52:Algorithms/Src/state.c **** void state_stop(State *state) {
 317              		.loc 1 52 31 is_stmt 1 view -0
 318              		.cfi_startproc
 319              		@ args = 0, pretend = 0, frame = 0
 320              		@ frame_needed = 0, uses_anonymous_args = 0
 321              		.loc 1 52 31 is_stmt 0 view .LVU82
 322 0000 70B5     		push	{r4, r5, r6, lr}
 323              		.cfi_def_cfa_offset 16
 324              		.cfi_offset 4, -16
 325              		.cfi_offset 5, -12
 326              		.cfi_offset 6, -8
 327              		.cfi_offset 14, -4
 328 0002 0546     		mov	r5, r0
  53:Algorithms/Src/state.c ****     for (size_t i = 0; i < state->algorithm_count; i++) {
 329              		.loc 1 53 5 is_stmt 1 view .LVU83
 330              	.LBB6:
 331              		.loc 1 53 10 view .LVU84
 332              	.LVL26:
 333              		.loc 1 53 17 is_stmt 0 view .LVU85
 334 0004 0024     		movs	r4, #0
 335              		.loc 1 53 5 view .LVU86
 336 0006 00E0     		b	.L20
 337              	.LVL27:
 338              	.L21:
 339              		.loc 1 53 53 is_stmt 1 discriminator 2 view .LVU87
 340 0008 0134     		adds	r4, r4, #1
 341              	.LVL28:
 342              	.L20:
 343              		.loc 1 53 26 discriminator 1 view .LVU88
 344              		.loc 1 53 33 is_stmt 0 discriminator 1 view .LVU89
 345 000a 2B6C     		ldr	r3, [r5, #64]
 346              		.loc 1 53 26 discriminator 1 view .LVU90
 347 000c A342     		cmp	r3, r4
 348 000e 0DD9     		bls	.L24
 349              	.LBB7:
  54:Algorithms/Src/state.c ****         Algorithm *alg = state->algorithms[i];
 350              		.loc 1 54 9 is_stmt 1 view .LVU91
 351              		.loc 1 54 20 is_stmt 0 view .LVU92
 352 0010 55F82460 		ldr	r6, [r5, r4, lsl #2]
 353              	.LVL29:
  55:Algorithms/Src/state.c **** 
  56:Algorithms/Src/state.c ****         // if (alg->thread_idx != thread_idx) continue; 
  57:Algorithms/Src/state.c ****         if (!state_alg_get_enabled(state, i)) continue; 
ARM GAS  C:\Users\jason\AppData\Local\Temp\cc2mqW4T.s 			page 8


 354              		.loc 1 57 9 is_stmt 1 view .LVU93
 355              		.loc 1 57 14 is_stmt 0 view .LVU94
 356 0014 E1B2     		uxtb	r1, r4
 357 0016 2846     		mov	r0, r5
 358 0018 FFF7FEFF 		bl	state_alg_get_enabled
 359              	.LVL30:
 360              		.loc 1 57 12 discriminator 1 view .LVU95
 361 001c 0028     		cmp	r0, #0
 362 001e F3D0     		beq	.L21
  58:Algorithms/Src/state.c **** 
  59:Algorithms/Src/state.c **** 
  60:Algorithms/Src/state.c ****         if (alg->stop) alg->stop(alg);
 363              		.loc 1 60 9 is_stmt 1 view .LVU96
 364              		.loc 1 60 16 is_stmt 0 view .LVU97
 365 0020 B368     		ldr	r3, [r6, #8]
 366              		.loc 1 60 12 view .LVU98
 367 0022 002B     		cmp	r3, #0
 368 0024 F0D0     		beq	.L21
 369              		.loc 1 60 24 is_stmt 1 discriminator 1 view .LVU99
 370 0026 3046     		mov	r0, r6
 371 0028 9847     		blx	r3
 372              	.LVL31:
 373 002a EDE7     		b	.L21
 374              	.LVL32:
 375              	.L24:
 376              		.loc 1 60 24 is_stmt 0 discriminator 1 view .LVU100
 377              	.LBE7:
 378              	.LBE6:
  61:Algorithms/Src/state.c ****     }
  62:Algorithms/Src/state.c **** }
 379              		.loc 1 62 1 view .LVU101
 380 002c 70BD     		pop	{r4, r5, r6, pc}
 381              		.loc 1 62 1 view .LVU102
 382              		.cfi_endproc
 383              	.LFE5:
 385              		.section	.text.state_machine_request_transition,"ax",%progbits
 386              		.align	1
 387              		.global	state_machine_request_transition
 388              		.syntax unified
 389              		.thumb
 390              		.thumb_func
 392              	state_machine_request_transition:
 393              	.LVL33:
 394              	.LFB6:
  63:Algorithms/Src/state.c **** 
  64:Algorithms/Src/state.c **** 
  65:Algorithms/Src/state.c **** 
  66:Algorithms/Src/state.c **** 
  67:Algorithms/Src/state.c **** // state machine lifecycle
  68:Algorithms/Src/state.c **** 
  69:Algorithms/Src/state.c **** // for any thread to set the next state transition
  70:Algorithms/Src/state.c **** void state_machine_request_transition(
  71:Algorithms/Src/state.c ****     StateMachineContext *ctx,
  72:Algorithms/Src/state.c ****     State *next
  73:Algorithms/Src/state.c **** )
  74:Algorithms/Src/state.c **** {
 395              		.loc 1 74 1 is_stmt 1 view -0
ARM GAS  C:\Users\jason\AppData\Local\Temp\cc2mqW4T.s 			page 9


 396              		.cfi_startproc
 397              		@ args = 0, pretend = 0, frame = 0
 398              		@ frame_needed = 0, uses_anonymous_args = 0
 399              		.loc 1 74 1 is_stmt 0 view .LVU104
 400 0000 38B5     		push	{r3, r4, r5, lr}
 401              		.cfi_def_cfa_offset 16
 402              		.cfi_offset 3, -16
 403              		.cfi_offset 4, -12
 404              		.cfi_offset 5, -8
 405              		.cfi_offset 14, -4
 406 0002 0546     		mov	r5, r0
 407 0004 0C46     		mov	r4, r1
  75:Algorithms/Src/state.c ****     // TODO: see if this is fine :/
  76:Algorithms/Src/state.c ****     osKernelLock(); 
 408              		.loc 1 76 5 is_stmt 1 view .LVU105
 409 0006 FFF7FEFF 		bl	osKernelLock
 410              	.LVL34:
  77:Algorithms/Src/state.c ****     ctx->next_state = next;
 411              		.loc 1 77 5 view .LVU106
 412              		.loc 1 77 21 is_stmt 0 view .LVU107
 413 000a 6C60     		str	r4, [r5, #4]
  78:Algorithms/Src/state.c ****     osKernelUnlock(); 
 414              		.loc 1 78 5 is_stmt 1 view .LVU108
 415 000c FFF7FEFF 		bl	osKernelUnlock
 416              	.LVL35:
  79:Algorithms/Src/state.c **** }
 417              		.loc 1 79 1 is_stmt 0 view .LVU109
 418 0010 38BD     		pop	{r3, r4, r5, pc}
 419              		.loc 1 79 1 view .LVU110
 420              		.cfi_endproc
 421              	.LFE6:
 423              		.section	.text.loop_state_machine_master,"ax",%progbits
 424              		.align	1
 425              		.global	loop_state_machine_master
 426              		.syntax unified
 427              		.thumb
 428              		.thumb_func
 430              	loop_state_machine_master:
 431              	.LVL36:
 432              	.LFB7:
  80:Algorithms/Src/state.c **** 
  81:Algorithms/Src/state.c **** 
  82:Algorithms/Src/state.c **** // loop function for the master thread
  83:Algorithms/Src/state.c **** void loop_state_machine_master(StateMachineContext *ctx)
  84:Algorithms/Src/state.c **** {
 433              		.loc 1 84 1 is_stmt 1 view -0
 434              		.cfi_startproc
 435              		@ args = 0, pretend = 0, frame = 0
 436              		@ frame_needed = 0, uses_anonymous_args = 0
 437              		.loc 1 84 1 is_stmt 0 view .LVU112
 438 0000 70B5     		push	{r4, r5, r6, lr}
 439              		.cfi_def_cfa_offset 16
 440              		.cfi_offset 4, -16
 441              		.cfi_offset 5, -12
 442              		.cfi_offset 6, -8
 443              		.cfi_offset 14, -4
 444 0002 0446     		mov	r4, r0
ARM GAS  C:\Users\jason\AppData\Local\Temp\cc2mqW4T.s 			page 10


  85:Algorithms/Src/state.c ****     State *next;
 445              		.loc 1 85 5 is_stmt 1 view .LVU113
  86:Algorithms/Src/state.c **** 
  87:Algorithms/Src/state.c ****     osMutexAcquire(ctx->state_mutex, osWaitForever);
 446              		.loc 1 87 5 view .LVU114
 447 0004 4FF0FF31 		mov	r1, #-1
 448 0008 8068     		ldr	r0, [r0, #8]
 449              	.LVL37:
 450              		.loc 1 87 5 is_stmt 0 view .LVU115
 451 000a FFF7FEFF 		bl	osMutexAcquire
 452              	.LVL38:
  88:Algorithms/Src/state.c **** 
  89:Algorithms/Src/state.c ****     next = ctx->next_state;
 453              		.loc 1 89 5 is_stmt 1 view .LVU116
 454              		.loc 1 89 10 is_stmt 0 view .LVU117
 455 000e 6668     		ldr	r6, [r4, #4]
 456              	.LVL39:
  90:Algorithms/Src/state.c **** 
  91:Algorithms/Src/state.c ****     if (next == NULL) {
 457              		.loc 1 91 5 is_stmt 1 view .LVU118
 458              		.loc 1 91 8 is_stmt 0 view .LVU119
 459 0010 9EB1     		cbz	r6, .L34
  92:Algorithms/Src/state.c ****         osMutexRelease(ctx->state_mutex);
  93:Algorithms/Src/state.c ****         return;
  94:Algorithms/Src/state.c ****     }
  95:Algorithms/Src/state.c **** 
  96:Algorithms/Src/state.c ****     ctx->next_state = NULL;
 460              		.loc 1 96 5 is_stmt 1 view .LVU120
 461              		.loc 1 96 21 is_stmt 0 view .LVU121
 462 0012 0023     		movs	r3, #0
 463 0014 6360     		str	r3, [r4, #4]
  97:Algorithms/Src/state.c ****     ctx->transitioning = true;
 464              		.loc 1 97 5 is_stmt 1 view .LVU122
 465              		.loc 1 97 24 is_stmt 0 view .LVU123
 466 0016 0123     		movs	r3, #1
 467 0018 2374     		strb	r3, [r4, #16]
  98:Algorithms/Src/state.c **** 
  99:Algorithms/Src/state.c ****     osMutexRelease(ctx->state_mutex);
 468              		.loc 1 99 5 is_stmt 1 view .LVU124
 469 001a A068     		ldr	r0, [r4, #8]
 470 001c FFF7FEFF 		bl	osMutexRelease
 471              	.LVL40:
 472              	.L31:
 100:Algorithms/Src/state.c **** 
 101:Algorithms/Src/state.c ****     // Wait for existing workers to finish
 102:Algorithms/Src/state.c ****     while (1) {
 473              		.loc 1 102 5 view .LVU125
 474              	.LBB8:
 103:Algorithms/Src/state.c **** 
 104:Algorithms/Src/state.c ****         osMutexAcquire(ctx->state_mutex, osWaitForever);
 475              		.loc 1 104 9 view .LVU126
 476 0020 4FF0FF31 		mov	r1, #-1
 477 0024 A068     		ldr	r0, [r4, #8]
 478 0026 FFF7FEFF 		bl	osMutexAcquire
 479              	.LVL41:
 105:Algorithms/Src/state.c **** 
 106:Algorithms/Src/state.c ****         bool done = (ctx->active_workers == 0);
ARM GAS  C:\Users\jason\AppData\Local\Temp\cc2mqW4T.s 			page 11


 480              		.loc 1 106 9 view .LVU127
 481              		.loc 1 106 25 is_stmt 0 view .LVU128
 482 002a E568     		ldr	r5, [r4, #12]
 483              	.LVL42:
 107:Algorithms/Src/state.c **** 
 108:Algorithms/Src/state.c ****         osMutexRelease(ctx->state_mutex);
 484              		.loc 1 108 9 is_stmt 1 view .LVU129
 485 002c A068     		ldr	r0, [r4, #8]
 486 002e FFF7FEFF 		bl	osMutexRelease
 487              	.LVL43:
 109:Algorithms/Src/state.c **** 
 110:Algorithms/Src/state.c ****         if (done)
 488              		.loc 1 110 9 view .LVU130
 489              		.loc 1 110 12 is_stmt 0 view .LVU131
 490 0032 35B1     		cbz	r5, .L30
 111:Algorithms/Src/state.c ****             break;
 112:Algorithms/Src/state.c **** 
 113:Algorithms/Src/state.c ****         osThreadYield();
 491              		.loc 1 113 9 is_stmt 1 view .LVU132
 492 0034 FFF7FEFF 		bl	osThreadYield
 493              	.LVL44:
 494              	.LBE8:
 102:Algorithms/Src/state.c **** 
 495              		.loc 1 102 11 view .LVU133
 102:Algorithms/Src/state.c **** 
 496              		.loc 1 102 15 is_stmt 0 view .LVU134
 497 0038 F2E7     		b	.L31
 498              	.LVL45:
 499              	.L34:
  92:Algorithms/Src/state.c ****         return;
 500              		.loc 1 92 9 is_stmt 1 view .LVU135
 501 003a A068     		ldr	r0, [r4, #8]
 502 003c FFF7FEFF 		bl	osMutexRelease
 503              	.LVL46:
  93:Algorithms/Src/state.c ****     }
 504              		.loc 1 93 9 view .LVU136
 505 0040 11E0     		b	.L27
 506              	.LVL47:
 507              	.L30:
 114:Algorithms/Src/state.c ****     }
 115:Algorithms/Src/state.c **** 
 116:Algorithms/Src/state.c ****     // Nobody can be inside state_loop() now
 117:Algorithms/Src/state.c ****     if (ctx->current_state)
 508              		.loc 1 117 5 view .LVU137
 509              		.loc 1 117 12 is_stmt 0 view .LVU138
 510 0042 2068     		ldr	r0, [r4]
 511              		.loc 1 117 8 view .LVU139
 512 0044 08B1     		cbz	r0, .L32
 118:Algorithms/Src/state.c ****         state_stop(ctx->current_state);
 513              		.loc 1 118 9 is_stmt 1 view .LVU140
 514 0046 FFF7FEFF 		bl	state_stop
 515              	.LVL48:
 516              	.L32:
 119:Algorithms/Src/state.c **** 
 120:Algorithms/Src/state.c ****     ctx->current_state = next;
 517              		.loc 1 120 5 view .LVU141
 518              		.loc 1 120 24 is_stmt 0 view .LVU142
ARM GAS  C:\Users\jason\AppData\Local\Temp\cc2mqW4T.s 			page 12


 519 004a 2660     		str	r6, [r4]
 121:Algorithms/Src/state.c **** 
 122:Algorithms/Src/state.c ****     if (ctx->current_state)
 520              		.loc 1 122 5 is_stmt 1 view .LVU143
 123:Algorithms/Src/state.c ****         state_start(ctx->current_state);
 521              		.loc 1 123 9 view .LVU144
 522 004c 3046     		mov	r0, r6
 523 004e FFF7FEFF 		bl	state_start
 524              	.LVL49:
 124:Algorithms/Src/state.c **** 
 125:Algorithms/Src/state.c ****     osMutexAcquire(ctx->state_mutex, osWaitForever);
 525              		.loc 1 125 5 view .LVU145
 526 0052 4FF0FF31 		mov	r1, #-1
 527 0056 A068     		ldr	r0, [r4, #8]
 528 0058 FFF7FEFF 		bl	osMutexAcquire
 529              	.LVL50:
 126:Algorithms/Src/state.c **** 
 127:Algorithms/Src/state.c ****     ctx->transitioning = false;
 530              		.loc 1 127 5 view .LVU146
 531              		.loc 1 127 24 is_stmt 0 view .LVU147
 532 005c 0023     		movs	r3, #0
 533 005e 2374     		strb	r3, [r4, #16]
 128:Algorithms/Src/state.c **** 
 129:Algorithms/Src/state.c ****     osMutexRelease(ctx->state_mutex);
 534              		.loc 1 129 5 is_stmt 1 view .LVU148
 535 0060 A068     		ldr	r0, [r4, #8]
 536 0062 FFF7FEFF 		bl	osMutexRelease
 537              	.LVL51:
 538              	.L27:
 130:Algorithms/Src/state.c **** }
 539              		.loc 1 130 1 is_stmt 0 view .LVU149
 540 0066 70BD     		pop	{r4, r5, r6, pc}
 541              		.loc 1 130 1 view .LVU150
 542              		.cfi_endproc
 543              	.LFE7:
 545              		.section	.text.loop_state_machine_thread,"ax",%progbits
 546              		.align	1
 547              		.global	loop_state_machine_thread
 548              		.syntax unified
 549              		.thumb
 550              		.thumb_func
 552              	loop_state_machine_thread:
 553              	.LVL52:
 554              	.LFB8:
 131:Algorithms/Src/state.c **** 
 132:Algorithms/Src/state.c **** // loop function for each worker thread that runs the algorithms
 133:Algorithms/Src/state.c **** void loop_state_machine_thread(
 134:Algorithms/Src/state.c ****     uint8_t thread_idx,
 135:Algorithms/Src/state.c ****     StateMachineContext *ctx
 136:Algorithms/Src/state.c **** )
 137:Algorithms/Src/state.c **** {
 555              		.loc 1 137 1 is_stmt 1 view -0
 556              		.cfi_startproc
 557              		@ args = 0, pretend = 0, frame = 0
 558              		@ frame_needed = 0, uses_anonymous_args = 0
 559              		.loc 1 137 1 is_stmt 0 view .LVU152
 560 0000 70B5     		push	{r4, r5, r6, lr}
ARM GAS  C:\Users\jason\AppData\Local\Temp\cc2mqW4T.s 			page 13


 561              		.cfi_def_cfa_offset 16
 562              		.cfi_offset 4, -16
 563              		.cfi_offset 5, -12
 564              		.cfi_offset 6, -8
 565              		.cfi_offset 14, -4
 566 0002 0646     		mov	r6, r0
 567 0004 0C46     		mov	r4, r1
 138:Algorithms/Src/state.c ****     State *state = NULL;
 568              		.loc 1 138 5 is_stmt 1 view .LVU153
 569              	.LVL53:
 139:Algorithms/Src/state.c **** 
 140:Algorithms/Src/state.c ****     // acquire state to increment active workers
 141:Algorithms/Src/state.c ****     osMutexAcquire(ctx->state_mutex, osWaitForever);
 570              		.loc 1 141 5 view .LVU154
 571 0006 4FF0FF31 		mov	r1, #-1
 572              	.LVL54:
 573              		.loc 1 141 5 is_stmt 0 view .LVU155
 574 000a A068     		ldr	r0, [r4, #8]
 575              	.LVL55:
 576              		.loc 1 141 5 view .LVU156
 577 000c FFF7FEFF 		bl	osMutexAcquire
 578              	.LVL56:
 142:Algorithms/Src/state.c **** 
 143:Algorithms/Src/state.c ****     if (!ctx->transitioning) { // only enter when not transitioning (otherwise state is NULL and we
 579              		.loc 1 143 5 is_stmt 1 view .LVU157
 580              		.loc 1 143 13 is_stmt 0 view .LVU158
 581 0010 237C     		ldrb	r3, [r4, #16]	@ zero_extendqisi2
 582              		.loc 1 143 8 view .LVU159
 583 0012 2BB9     		cbnz	r3, .L38
 144:Algorithms/Src/state.c ****         state = ctx->current_state;
 584              		.loc 1 144 9 is_stmt 1 view .LVU160
 585              		.loc 1 144 15 is_stmt 0 view .LVU161
 586 0014 2568     		ldr	r5, [r4]
 587              	.LVL57:
 145:Algorithms/Src/state.c **** 
 146:Algorithms/Src/state.c ****         if (state != NULL)
 588              		.loc 1 146 9 is_stmt 1 view .LVU162
 589              		.loc 1 146 12 is_stmt 0 view .LVU163
 590 0016 25B1     		cbz	r5, .L36
 147:Algorithms/Src/state.c ****             ctx->active_workers++;
 591              		.loc 1 147 13 is_stmt 1 view .LVU164
 592              		.loc 1 147 16 is_stmt 0 view .LVU165
 593 0018 E368     		ldr	r3, [r4, #12]
 594              		.loc 1 147 32 view .LVU166
 595 001a 0133     		adds	r3, r3, #1
 596 001c E360     		str	r3, [r4, #12]
 597 001e 00E0     		b	.L36
 598              	.LVL58:
 599              	.L38:
 138:Algorithms/Src/state.c **** 
 600              		.loc 1 138 12 view .LVU167
 601 0020 0025     		movs	r5, #0
 602              	.LVL59:
 603              	.L36:
 148:Algorithms/Src/state.c ****     }
 149:Algorithms/Src/state.c **** 
 150:Algorithms/Src/state.c ****     osMutexRelease(ctx->state_mutex);
ARM GAS  C:\Users\jason\AppData\Local\Temp\cc2mqW4T.s 			page 14


 604              		.loc 1 150 5 is_stmt 1 view .LVU168
 605 0022 A068     		ldr	r0, [r4, #8]
 606 0024 FFF7FEFF 		bl	osMutexRelease
 607              	.LVL60:
 151:Algorithms/Src/state.c **** 
 152:Algorithms/Src/state.c ****     if (state != NULL) {
 608              		.loc 1 152 5 view .LVU169
 609              		.loc 1 152 8 is_stmt 0 view .LVU170
 610 0028 75B1     		cbz	r5, .L35
 153:Algorithms/Src/state.c **** 
 154:Algorithms/Src/state.c ****         // acquire state to decrement active workers
 155:Algorithms/Src/state.c ****         state_loop(thread_idx, state);
 611              		.loc 1 155 9 is_stmt 1 view .LVU171
 612 002a 2946     		mov	r1, r5
 613 002c 3046     		mov	r0, r6
 614 002e FFF7FEFF 		bl	state_loop
 615              	.LVL61:
 156:Algorithms/Src/state.c **** 
 157:Algorithms/Src/state.c ****         osMutexAcquire(ctx->state_mutex, osWaitForever);
 616              		.loc 1 157 9 view .LVU172
 617 0032 4FF0FF31 		mov	r1, #-1
 618 0036 A068     		ldr	r0, [r4, #8]
 619 0038 FFF7FEFF 		bl	osMutexAcquire
 620              	.LVL62:
 158:Algorithms/Src/state.c **** 
 159:Algorithms/Src/state.c ****         ctx->active_workers--;
 621              		.loc 1 159 9 view .LVU173
 622              		.loc 1 159 12 is_stmt 0 view .LVU174
 623 003c E368     		ldr	r3, [r4, #12]
 624              		.loc 1 159 28 view .LVU175
 625 003e 013B     		subs	r3, r3, #1
 626 0040 E360     		str	r3, [r4, #12]
 160:Algorithms/Src/state.c **** 
 161:Algorithms/Src/state.c ****         osMutexRelease(ctx->state_mutex);
 627              		.loc 1 161 9 is_stmt 1 view .LVU176
 628 0042 A068     		ldr	r0, [r4, #8]
 629 0044 FFF7FEFF 		bl	osMutexRelease
 630              	.LVL63:
 631              	.L35:
 162:Algorithms/Src/state.c ****     }
 163:Algorithms/Src/state.c **** }...
 632              		.loc 1 163 1 is_stmt 0 view .LVU177
 633 0048 70BD     		pop	{r4, r5, r6, pc}
 634              		.loc 1 163 1 view .LVU178
 635              		.cfi_endproc
 636              	.LFE8:
 638              		.text
 639              	.Letext0:
 640              		.file 2 "C:/Users/jason/AppData/Roaming/Code/User/globalStorage/bmd.stm32-for-vscode/@xpack-dev-to
 641              		.file 3 "C:/Users/jason/AppData/Roaming/Code/User/globalStorage/bmd.stm32-for-vscode/@xpack-dev-to
 642              		.file 4 "Algorithms/Inc/algorithm.h"
 643              		.file 5 "C:/Users/jason/AppData/Roaming/Code/User/globalStorage/bmd.stm32-for-vscode/@xpack-dev-to
 644              		.file 6 "Middlewares/Third_Party/FreeRTOS/Source/CMSIS_RTOS_V2/cmsis_os2.h"
 645              		.file 7 "Algorithms/Inc/state.h"
ARM GAS  C:\Users\jason\AppData\Local\Temp\cc2mqW4T.s 			page 15


DEFINED SYMBOLS
                            *ABS*:00000000 state.c
C:\Users\jason\AppData\Local\Temp\cc2mqW4T.s:20     .text.state_alg_set_enabled:00000000 $t
C:\Users\jason\AppData\Local\Temp\cc2mqW4T.s:26     .text.state_alg_set_enabled:00000000 state_alg_set_enabled
C:\Users\jason\AppData\Local\Temp\cc2mqW4T.s:69     .text.state_alg_get_enabled:00000000 $t
C:\Users\jason\AppData\Local\Temp\cc2mqW4T.s:75     .text.state_alg_get_enabled:00000000 state_alg_get_enabled
C:\Users\jason\AppData\Local\Temp\cc2mqW4T.s:96     .text.state_machine_init:00000000 $t
C:\Users\jason\AppData\Local\Temp\cc2mqW4T.s:102    .text.state_machine_init:00000000 state_machine_init
C:\Users\jason\AppData\Local\Temp\cc2mqW4T.s:143    .text.state_start:00000000 $t
C:\Users\jason\AppData\Local\Temp\cc2mqW4T.s:149    .text.state_start:00000000 state_start
C:\Users\jason\AppData\Local\Temp\cc2mqW4T.s:221    .text.state_loop:00000000 $t
C:\Users\jason\AppData\Local\Temp\cc2mqW4T.s:227    .text.state_loop:00000000 state_loop
C:\Users\jason\AppData\Local\Temp\cc2mqW4T.s:308    .text.state_stop:00000000 $t
C:\Users\jason\AppData\Local\Temp\cc2mqW4T.s:314    .text.state_stop:00000000 state_stop
C:\Users\jason\AppData\Local\Temp\cc2mqW4T.s:386    .text.state_machine_request_transition:00000000 $t
C:\Users\jason\AppData\Local\Temp\cc2mqW4T.s:392    .text.state_machine_request_transition:00000000 state_machine_request_transition
C:\Users\jason\AppData\Local\Temp\cc2mqW4T.s:424    .text.loop_state_machine_master:00000000 $t
C:\Users\jason\AppData\Local\Temp\cc2mqW4T.s:430    .text.loop_state_machine_master:00000000 loop_state_machine_master
C:\Users\jason\AppData\Local\Temp\cc2mqW4T.s:546    .text.loop_state_machine_thread:00000000 $t
C:\Users\jason\AppData\Local\Temp\cc2mqW4T.s:552    .text.loop_state_machine_thread:00000000 loop_state_machine_thread

UNDEFINED SYMBOLS
osMutexNew
osKernelLock
osKernelUnlock
osMutexAcquire
osMutexRelease
osThreadYield
