ARM GAS  C:\Users\jason\AppData\Local\Temp\ccQNmIKz.s 			page 1


   1              		.cpu cortex-m7
   2              		.arch armv7e-m
   3              		.fpu fpv5-d16
   4              		.eabi_attribute 28, 1
   5              		.eabi_attribute 20, 1
   6              		.eabi_attribute 21, 1
   7              		.eabi_attribute 23, 3
   8              		.eabi_attribute 24, 1
   9              		.eabi_attribute 25, 1
  10              		.eabi_attribute 26, 1
  11              		.eabi_attribute 30, 1
  12              		.eabi_attribute 34, 1
  13              		.eabi_attribute 18, 4
  14              		.file	"stm32h7xx_ll_delayblock.c"
  15              		.text
  16              	.Ltext0:
  17              		.cfi_sections	.debug_frame
  18              		.file 1 "Drivers/STM32H7xx_HAL_Driver/Src/stm32h7xx_ll_delayblock.c"
  19              		.section	.text.DelayBlock_Enable,"ax",%progbits
  20              		.align	1
  21              		.global	DelayBlock_Enable
  22              		.syntax unified
  23              		.thumb
  24              		.thumb_func
  26              	DelayBlock_Enable:
  27              	.LVL0:
  28              	.LFB144:
   1:Drivers/STM32H7xx_HAL_Driver/Src/stm32h7xx_ll_delayblock.c **** /**
   2:Drivers/STM32H7xx_HAL_Driver/Src/stm32h7xx_ll_delayblock.c ****   ******************************************************************************
   3:Drivers/STM32H7xx_HAL_Driver/Src/stm32h7xx_ll_delayblock.c ****   * @file    stm32h7xx_ll_delayblock.c
   4:Drivers/STM32H7xx_HAL_Driver/Src/stm32h7xx_ll_delayblock.c ****   * @author  MCD Application Team
   5:Drivers/STM32H7xx_HAL_Driver/Src/stm32h7xx_ll_delayblock.c ****   * @brief   DelayBlock Low Layer HAL module driver.
   6:Drivers/STM32H7xx_HAL_Driver/Src/stm32h7xx_ll_delayblock.c ****   *    
   7:Drivers/STM32H7xx_HAL_Driver/Src/stm32h7xx_ll_delayblock.c ****   *          This file provides firmware functions to manage the following 
   8:Drivers/STM32H7xx_HAL_Driver/Src/stm32h7xx_ll_delayblock.c ****   *          functionalities of the Delay Block peripheral:
   9:Drivers/STM32H7xx_HAL_Driver/Src/stm32h7xx_ll_delayblock.c ****   *           + input clock frequency range 25MHz to 208MHz
  10:Drivers/STM32H7xx_HAL_Driver/Src/stm32h7xx_ll_delayblock.c ****   *           + up to 12 oversampling phases
  11:Drivers/STM32H7xx_HAL_Driver/Src/stm32h7xx_ll_delayblock.c ****   *
  12:Drivers/STM32H7xx_HAL_Driver/Src/stm32h7xx_ll_delayblock.c ****   ******************************************************************************
  13:Drivers/STM32H7xx_HAL_Driver/Src/stm32h7xx_ll_delayblock.c ****   * @attention
  14:Drivers/STM32H7xx_HAL_Driver/Src/stm32h7xx_ll_delayblock.c ****   *
  15:Drivers/STM32H7xx_HAL_Driver/Src/stm32h7xx_ll_delayblock.c ****   * Copyright (c) 2017 STMicroelectronics.
  16:Drivers/STM32H7xx_HAL_Driver/Src/stm32h7xx_ll_delayblock.c ****   * All rights reserved.
  17:Drivers/STM32H7xx_HAL_Driver/Src/stm32h7xx_ll_delayblock.c ****   *
  18:Drivers/STM32H7xx_HAL_Driver/Src/stm32h7xx_ll_delayblock.c ****   * This software is licensed under terms that can be found in the LICENSE file
  19:Drivers/STM32H7xx_HAL_Driver/Src/stm32h7xx_ll_delayblock.c ****   * in the root directory of this software component.
  20:Drivers/STM32H7xx_HAL_Driver/Src/stm32h7xx_ll_delayblock.c ****   * If no LICENSE file comes with this software, it is provided AS-IS.
  21:Drivers/STM32H7xx_HAL_Driver/Src/stm32h7xx_ll_delayblock.c ****   *
  22:Drivers/STM32H7xx_HAL_Driver/Src/stm32h7xx_ll_delayblock.c ****   ******************************************************************************
  23:Drivers/STM32H7xx_HAL_Driver/Src/stm32h7xx_ll_delayblock.c ****   @verbatim
  24:Drivers/STM32H7xx_HAL_Driver/Src/stm32h7xx_ll_delayblock.c ****   ==============================================================================
  25:Drivers/STM32H7xx_HAL_Driver/Src/stm32h7xx_ll_delayblock.c ****                        ##### DelayBlock peripheral features #####
  26:Drivers/STM32H7xx_HAL_Driver/Src/stm32h7xx_ll_delayblock.c ****   ==============================================================================        
  27:Drivers/STM32H7xx_HAL_Driver/Src/stm32h7xx_ll_delayblock.c ****     [..] The Delay block is used to generate an Output clock which is de-phased from the Input
  28:Drivers/STM32H7xx_HAL_Driver/Src/stm32h7xx_ll_delayblock.c ****           clock. The phase of the Output clock is programmed by FW. The Output clock is then used
  29:Drivers/STM32H7xx_HAL_Driver/Src/stm32h7xx_ll_delayblock.c ****           to clock the receive data in i.e. a SDMMC or QSPI interface.
  30:Drivers/STM32H7xx_HAL_Driver/Src/stm32h7xx_ll_delayblock.c ****          The delay is Voltage and Temperature dependent, which may require FW to do re-tuning
ARM GAS  C:\Users\jason\AppData\Local\Temp\ccQNmIKz.s 			page 2


  31:Drivers/STM32H7xx_HAL_Driver/Src/stm32h7xx_ll_delayblock.c ****           and recenter the Output clock phase to the receive data.
  32:Drivers/STM32H7xx_HAL_Driver/Src/stm32h7xx_ll_delayblock.c ****     
  33:Drivers/STM32H7xx_HAL_Driver/Src/stm32h7xx_ll_delayblock.c ****     [..] The Delay Block features include the following:
  34:Drivers/STM32H7xx_HAL_Driver/Src/stm32h7xx_ll_delayblock.c ****          (+) Input clock frequency range 25MHz to 208MHz.
  35:Drivers/STM32H7xx_HAL_Driver/Src/stm32h7xx_ll_delayblock.c ****          (+) Up to 12 oversampling phases.
  36:Drivers/STM32H7xx_HAL_Driver/Src/stm32h7xx_ll_delayblock.c ****          
  37:Drivers/STM32H7xx_HAL_Driver/Src/stm32h7xx_ll_delayblock.c ****                            ##### How to use this driver #####
  38:Drivers/STM32H7xx_HAL_Driver/Src/stm32h7xx_ll_delayblock.c ****   ==============================================================================
  39:Drivers/STM32H7xx_HAL_Driver/Src/stm32h7xx_ll_delayblock.c ****     [..]
  40:Drivers/STM32H7xx_HAL_Driver/Src/stm32h7xx_ll_delayblock.c ****       This driver is a considered as a driver of service for external devices drivers
  41:Drivers/STM32H7xx_HAL_Driver/Src/stm32h7xx_ll_delayblock.c ****       that interfaces with the DELAY peripheral.
  42:Drivers/STM32H7xx_HAL_Driver/Src/stm32h7xx_ll_delayblock.c ****       The DelayBlock_Enable() function, enables the DelayBlock instance, configure the delay line l
  43:Drivers/STM32H7xx_HAL_Driver/Src/stm32h7xx_ll_delayblock.c ****       and configure the Output clock phase.
  44:Drivers/STM32H7xx_HAL_Driver/Src/stm32h7xx_ll_delayblock.c ****       The DelayBlock_Disable() function, disables the DelayBlock instance by setting DEN flag to 0.
  45:Drivers/STM32H7xx_HAL_Driver/Src/stm32h7xx_ll_delayblock.c ****       
  46:Drivers/STM32H7xx_HAL_Driver/Src/stm32h7xx_ll_delayblock.c ****   
  47:Drivers/STM32H7xx_HAL_Driver/Src/stm32h7xx_ll_delayblock.c ****   @endverbatim
  48:Drivers/STM32H7xx_HAL_Driver/Src/stm32h7xx_ll_delayblock.c ****   */
  49:Drivers/STM32H7xx_HAL_Driver/Src/stm32h7xx_ll_delayblock.c **** 
  50:Drivers/STM32H7xx_HAL_Driver/Src/stm32h7xx_ll_delayblock.c **** /* Includes ------------------------------------------------------------------*/
  51:Drivers/STM32H7xx_HAL_Driver/Src/stm32h7xx_ll_delayblock.c **** #include "stm32h7xx_hal.h"
  52:Drivers/STM32H7xx_HAL_Driver/Src/stm32h7xx_ll_delayblock.c **** 
  53:Drivers/STM32H7xx_HAL_Driver/Src/stm32h7xx_ll_delayblock.c **** /** @addtogroup STM32H7xx_HAL_Driver
  54:Drivers/STM32H7xx_HAL_Driver/Src/stm32h7xx_ll_delayblock.c ****   * @{
  55:Drivers/STM32H7xx_HAL_Driver/Src/stm32h7xx_ll_delayblock.c ****   */
  56:Drivers/STM32H7xx_HAL_Driver/Src/stm32h7xx_ll_delayblock.c **** 
  57:Drivers/STM32H7xx_HAL_Driver/Src/stm32h7xx_ll_delayblock.c **** /** @defgroup DELAYBLOCK_LL DELAYBLOCK_LL
  58:Drivers/STM32H7xx_HAL_Driver/Src/stm32h7xx_ll_delayblock.c ****   * @brief Low layer module for Delay Block
  59:Drivers/STM32H7xx_HAL_Driver/Src/stm32h7xx_ll_delayblock.c ****   * @{
  60:Drivers/STM32H7xx_HAL_Driver/Src/stm32h7xx_ll_delayblock.c ****   */
  61:Drivers/STM32H7xx_HAL_Driver/Src/stm32h7xx_ll_delayblock.c **** 
  62:Drivers/STM32H7xx_HAL_Driver/Src/stm32h7xx_ll_delayblock.c **** #if defined(HAL_SD_MODULE_ENABLED) || defined(HAL_QSPI_MODULE_ENABLED)
  63:Drivers/STM32H7xx_HAL_Driver/Src/stm32h7xx_ll_delayblock.c **** 
  64:Drivers/STM32H7xx_HAL_Driver/Src/stm32h7xx_ll_delayblock.c **** /* Private typedef -----------------------------------------------------------*/
  65:Drivers/STM32H7xx_HAL_Driver/Src/stm32h7xx_ll_delayblock.c **** /* Private define ------------------------------------------------------------*/
  66:Drivers/STM32H7xx_HAL_Driver/Src/stm32h7xx_ll_delayblock.c **** /** @defgroup DelayBlock_LL_Private_Defines Delay Block Low Layer Private Defines
  67:Drivers/STM32H7xx_HAL_Driver/Src/stm32h7xx_ll_delayblock.c ****   * @{
  68:Drivers/STM32H7xx_HAL_Driver/Src/stm32h7xx_ll_delayblock.c ****   */
  69:Drivers/STM32H7xx_HAL_Driver/Src/stm32h7xx_ll_delayblock.c **** #define DLYB_TIMEOUT 0xFFU
  70:Drivers/STM32H7xx_HAL_Driver/Src/stm32h7xx_ll_delayblock.c **** /**
  71:Drivers/STM32H7xx_HAL_Driver/Src/stm32h7xx_ll_delayblock.c ****   * @}
  72:Drivers/STM32H7xx_HAL_Driver/Src/stm32h7xx_ll_delayblock.c ****   */
  73:Drivers/STM32H7xx_HAL_Driver/Src/stm32h7xx_ll_delayblock.c **** /* Private macro -------------------------------------------------------------*/
  74:Drivers/STM32H7xx_HAL_Driver/Src/stm32h7xx_ll_delayblock.c **** /* Private variables ---------------------------------------------------------*/
  75:Drivers/STM32H7xx_HAL_Driver/Src/stm32h7xx_ll_delayblock.c **** /* Private function prototypes -----------------------------------------------*/
  76:Drivers/STM32H7xx_HAL_Driver/Src/stm32h7xx_ll_delayblock.c **** /* Exported functions --------------------------------------------------------*/
  77:Drivers/STM32H7xx_HAL_Driver/Src/stm32h7xx_ll_delayblock.c **** 
  78:Drivers/STM32H7xx_HAL_Driver/Src/stm32h7xx_ll_delayblock.c **** /** @defgroup DelayBlock_LL_Exported_Functions Delay Block Low Layer Exported Functions
  79:Drivers/STM32H7xx_HAL_Driver/Src/stm32h7xx_ll_delayblock.c ****   * @{
  80:Drivers/STM32H7xx_HAL_Driver/Src/stm32h7xx_ll_delayblock.c ****   */
  81:Drivers/STM32H7xx_HAL_Driver/Src/stm32h7xx_ll_delayblock.c **** 
  82:Drivers/STM32H7xx_HAL_Driver/Src/stm32h7xx_ll_delayblock.c **** /** @defgroup HAL_DELAY_LL_Group1 Initialization de-initialization functions 
  83:Drivers/STM32H7xx_HAL_Driver/Src/stm32h7xx_ll_delayblock.c ****  *  @brief    Initialization and Configuration functions 
  84:Drivers/STM32H7xx_HAL_Driver/Src/stm32h7xx_ll_delayblock.c ****  *
  85:Drivers/STM32H7xx_HAL_Driver/Src/stm32h7xx_ll_delayblock.c **** @verbatim    
  86:Drivers/STM32H7xx_HAL_Driver/Src/stm32h7xx_ll_delayblock.c ****  ===============================================================================
  87:Drivers/STM32H7xx_HAL_Driver/Src/stm32h7xx_ll_delayblock.c ****               ##### Initialization and de-initialization functions #####
ARM GAS  C:\Users\jason\AppData\Local\Temp\ccQNmIKz.s 			page 3


  88:Drivers/STM32H7xx_HAL_Driver/Src/stm32h7xx_ll_delayblock.c ****  ===============================================================================
  89:Drivers/STM32H7xx_HAL_Driver/Src/stm32h7xx_ll_delayblock.c ****     [..]  This section provides functions allowing to:
  90:Drivers/STM32H7xx_HAL_Driver/Src/stm32h7xx_ll_delayblock.c ****  
  91:Drivers/STM32H7xx_HAL_Driver/Src/stm32h7xx_ll_delayblock.c **** @endverbatim
  92:Drivers/STM32H7xx_HAL_Driver/Src/stm32h7xx_ll_delayblock.c ****   * @{
  93:Drivers/STM32H7xx_HAL_Driver/Src/stm32h7xx_ll_delayblock.c ****   */
  94:Drivers/STM32H7xx_HAL_Driver/Src/stm32h7xx_ll_delayblock.c **** 
  95:Drivers/STM32H7xx_HAL_Driver/Src/stm32h7xx_ll_delayblock.c **** 
  96:Drivers/STM32H7xx_HAL_Driver/Src/stm32h7xx_ll_delayblock.c **** /**
  97:Drivers/STM32H7xx_HAL_Driver/Src/stm32h7xx_ll_delayblock.c ****   * @brief  Enable the Delay Block instance.
  98:Drivers/STM32H7xx_HAL_Driver/Src/stm32h7xx_ll_delayblock.c ****   * @param  DLYBx: Pointer to DLYB instance.
  99:Drivers/STM32H7xx_HAL_Driver/Src/stm32h7xx_ll_delayblock.c ****   * @retval HAL status
 100:Drivers/STM32H7xx_HAL_Driver/Src/stm32h7xx_ll_delayblock.c ****   */
 101:Drivers/STM32H7xx_HAL_Driver/Src/stm32h7xx_ll_delayblock.c **** HAL_StatusTypeDef DelayBlock_Enable(DLYB_TypeDef *DLYBx)
 102:Drivers/STM32H7xx_HAL_Driver/Src/stm32h7xx_ll_delayblock.c **** {
  29              		.loc 1 102 1 view -0
  30              		.cfi_startproc
  31              		@ args = 0, pretend = 0, frame = 0
  32              		@ frame_needed = 0, uses_anonymous_args = 0
  33              		.loc 1 102 1 is_stmt 0 view .LVU1
  34 0000 2DE9F84F 		push	{r3, r4, r5, r6, r7, r8, r9, r10, fp, lr}
  35              		.cfi_def_cfa_offset 40
  36              		.cfi_offset 3, -40
  37              		.cfi_offset 4, -36
  38              		.cfi_offset 5, -32
  39              		.cfi_offset 6, -28
  40              		.cfi_offset 7, -24
  41              		.cfi_offset 8, -20
  42              		.cfi_offset 9, -16
  43              		.cfi_offset 10, -12
  44              		.cfi_offset 11, -8
  45              		.cfi_offset 14, -4
  46 0004 0446     		mov	r4, r0
 103:Drivers/STM32H7xx_HAL_Driver/Src/stm32h7xx_ll_delayblock.c ****   uint32_t unit = 0U;
  47              		.loc 1 103 3 is_stmt 1 view .LVU2
  48              	.LVL1:
 104:Drivers/STM32H7xx_HAL_Driver/Src/stm32h7xx_ll_delayblock.c ****   uint32_t sel = 0U;
  49              		.loc 1 104 3 view .LVU3
 105:Drivers/STM32H7xx_HAL_Driver/Src/stm32h7xx_ll_delayblock.c ****   uint32_t sel_current;
  50              		.loc 1 105 3 view .LVU4
 106:Drivers/STM32H7xx_HAL_Driver/Src/stm32h7xx_ll_delayblock.c ****   uint32_t unit_current;
  51              		.loc 1 106 3 view .LVU5
 107:Drivers/STM32H7xx_HAL_Driver/Src/stm32h7xx_ll_delayblock.c ****   uint32_t tuning;
  52              		.loc 1 107 3 view .LVU6
 108:Drivers/STM32H7xx_HAL_Driver/Src/stm32h7xx_ll_delayblock.c ****   uint32_t lng_mask;
  53              		.loc 1 108 3 view .LVU7
 109:Drivers/STM32H7xx_HAL_Driver/Src/stm32h7xx_ll_delayblock.c ****   uint32_t tickstart;
  54              		.loc 1 109 3 view .LVU8
 110:Drivers/STM32H7xx_HAL_Driver/Src/stm32h7xx_ll_delayblock.c **** 
 111:Drivers/STM32H7xx_HAL_Driver/Src/stm32h7xx_ll_delayblock.c ****   DLYBx->CR = DLYB_CR_DEN | DLYB_CR_SEN;
  55              		.loc 1 111 3 view .LVU9
  56              		.loc 1 111 13 is_stmt 0 view .LVU10
  57 0006 0323     		movs	r3, #3
  58 0008 0360     		str	r3, [r0]
 112:Drivers/STM32H7xx_HAL_Driver/Src/stm32h7xx_ll_delayblock.c **** 
 113:Drivers/STM32H7xx_HAL_Driver/Src/stm32h7xx_ll_delayblock.c ****   for (sel_current = 0U; sel_current < DLYB_MAX_SELECT; sel_current++)
  59              		.loc 1 113 3 is_stmt 1 view .LVU11
ARM GAS  C:\Users\jason\AppData\Local\Temp\ccQNmIKz.s 			page 4


  60              	.LVL2:
  61              		.loc 1 113 20 is_stmt 0 view .LVU12
  62 000a 0027     		movs	r7, #0
 104:Drivers/STM32H7xx_HAL_Driver/Src/stm32h7xx_ll_delayblock.c ****   uint32_t sel_current;
  63              		.loc 1 104 12 view .LVU13
  64 000c BB46     		mov	fp, r7
 103:Drivers/STM32H7xx_HAL_Driver/Src/stm32h7xx_ll_delayblock.c ****   uint32_t sel = 0U;
  65              		.loc 1 103 12 view .LVU14
  66 000e BA46     		mov	r10, r7
  67              	.LVL3:
  68              	.L2:
  69              		.loc 1 113 38 is_stmt 1 discriminator 1 view .LVU15
  70 0010 0B2F     		cmp	r7, #11
  71 0012 30D8     		bhi	.L16
 114:Drivers/STM32H7xx_HAL_Driver/Src/stm32h7xx_ll_delayblock.c ****   {
 115:Drivers/STM32H7xx_HAL_Driver/Src/stm32h7xx_ll_delayblock.c ****     /* lng_mask is the mask bit for the LNG field to check the output of the UNITx*/
 116:Drivers/STM32H7xx_HAL_Driver/Src/stm32h7xx_ll_delayblock.c ****     lng_mask = DLYB_CFGR_LNG_0 << sel_current;
  72              		.loc 1 116 5 view .LVU16
  73              		.loc 1 116 14 is_stmt 0 view .LVU17
  74 0014 4FF48038 		mov	r8, #65536
  75 0018 08FA07F8 		lsl	r8, r8, r7
  76              	.LVL4:
 117:Drivers/STM32H7xx_HAL_Driver/Src/stm32h7xx_ll_delayblock.c ****     tuning = 0U;
  77              		.loc 1 117 5 is_stmt 1 view .LVU18
 118:Drivers/STM32H7xx_HAL_Driver/Src/stm32h7xx_ll_delayblock.c ****     for (unit_current = 0U; unit_current < DLYB_MAX_UNIT; unit_current++)
  78              		.loc 1 118 5 view .LVU19
 117:Drivers/STM32H7xx_HAL_Driver/Src/stm32h7xx_ll_delayblock.c ****     tuning = 0U;
  79              		.loc 1 117 12 is_stmt 0 view .LVU20
  80 001c 0023     		movs	r3, #0
  81 001e 9946     		mov	r9, r3
  82              		.loc 1 118 23 view .LVU21
  83 0020 1E46     		mov	r6, r3
  84              	.LVL5:
  85              	.L3:
  86              		.loc 1 118 42 is_stmt 1 discriminator 1 view .LVU22
  87 0022 7F2E     		cmp	r6, #127
  88 0024 25D8     		bhi	.L10
 119:Drivers/STM32H7xx_HAL_Driver/Src/stm32h7xx_ll_delayblock.c ****     {
 120:Drivers/STM32H7xx_HAL_Driver/Src/stm32h7xx_ll_delayblock.c ****       /* Set the Delay of the UNIT(s)*/
 121:Drivers/STM32H7xx_HAL_Driver/Src/stm32h7xx_ll_delayblock.c ****       DLYBx->CFGR = DLYB_MAX_SELECT | (unit_current << DLYB_CFGR_UNIT_Pos);
  89              		.loc 1 121 7 view .LVU23
  90              		.loc 1 121 53 is_stmt 0 view .LVU24
  91 0026 3302     		lsls	r3, r6, #8
  92              		.loc 1 121 37 view .LVU25
  93 0028 43F00C03 		orr	r3, r3, #12
  94              		.loc 1 121 19 view .LVU26
  95 002c 6360     		str	r3, [r4, #4]
 122:Drivers/STM32H7xx_HAL_Driver/Src/stm32h7xx_ll_delayblock.c **** 
 123:Drivers/STM32H7xx_HAL_Driver/Src/stm32h7xx_ll_delayblock.c ****       /* Waiting for a LNG valid value */
 124:Drivers/STM32H7xx_HAL_Driver/Src/stm32h7xx_ll_delayblock.c ****       tickstart =  HAL_GetTick();
  96              		.loc 1 124 7 is_stmt 1 view .LVU27
  97              		.loc 1 124 20 is_stmt 0 view .LVU28
  98 002e FFF7FEFF 		bl	HAL_GetTick
  99              	.LVL6:
 100 0032 0546     		mov	r5, r0
 101              	.LVL7:
 125:Drivers/STM32H7xx_HAL_Driver/Src/stm32h7xx_ll_delayblock.c ****       while ((DLYBx->CFGR & DLYB_CFGR_LNGF) == 0U)
ARM GAS  C:\Users\jason\AppData\Local\Temp\ccQNmIKz.s 			page 5


 102              		.loc 1 125 7 is_stmt 1 view .LVU29
 103              	.L4:
 104              		.loc 1 125 45 view .LVU30
 105              		.loc 1 125 20 is_stmt 0 view .LVU31
 106 0034 6368     		ldr	r3, [r4, #4]
 107              		.loc 1 125 45 view .LVU32
 108 0036 002B     		cmp	r3, #0
 109 0038 07DB     		blt	.L17
 126:Drivers/STM32H7xx_HAL_Driver/Src/stm32h7xx_ll_delayblock.c ****       {
 127:Drivers/STM32H7xx_HAL_Driver/Src/stm32h7xx_ll_delayblock.c ****         if((HAL_GetTick() - tickstart) >=  DLYB_TIMEOUT)
 110              		.loc 1 127 9 is_stmt 1 view .LVU33
 111              		.loc 1 127 13 is_stmt 0 view .LVU34
 112 003a FFF7FEFF 		bl	HAL_GetTick
 113              	.LVL8:
 114              		.loc 1 127 27 discriminator 1 view .LVU35
 115 003e 401B     		subs	r0, r0, r5
 116              		.loc 1 127 11 discriminator 1 view .LVU36
 117 0040 FE28     		cmp	r0, #254
 118 0042 F7D9     		bls	.L4
 128:Drivers/STM32H7xx_HAL_Driver/Src/stm32h7xx_ll_delayblock.c ****         {
 129:Drivers/STM32H7xx_HAL_Driver/Src/stm32h7xx_ll_delayblock.c ****           return HAL_TIMEOUT;
 119              		.loc 1 129 18 view .LVU37
 120 0044 0320     		movs	r0, #3
 121              	.LVL9:
 122              	.L5:
 130:Drivers/STM32H7xx_HAL_Driver/Src/stm32h7xx_ll_delayblock.c ****         }
 131:Drivers/STM32H7xx_HAL_Driver/Src/stm32h7xx_ll_delayblock.c ****       }
 132:Drivers/STM32H7xx_HAL_Driver/Src/stm32h7xx_ll_delayblock.c ****       if (tuning == 0U)
 133:Drivers/STM32H7xx_HAL_Driver/Src/stm32h7xx_ll_delayblock.c ****       {
 134:Drivers/STM32H7xx_HAL_Driver/Src/stm32h7xx_ll_delayblock.c ****         if ((DLYBx->CFGR & lng_mask) != 0U)
 135:Drivers/STM32H7xx_HAL_Driver/Src/stm32h7xx_ll_delayblock.c ****         {
 136:Drivers/STM32H7xx_HAL_Driver/Src/stm32h7xx_ll_delayblock.c ****           /* 1/2 period HIGH is detected */
 137:Drivers/STM32H7xx_HAL_Driver/Src/stm32h7xx_ll_delayblock.c ****           tuning = 1U;
 138:Drivers/STM32H7xx_HAL_Driver/Src/stm32h7xx_ll_delayblock.c ****         }
 139:Drivers/STM32H7xx_HAL_Driver/Src/stm32h7xx_ll_delayblock.c ****       }
 140:Drivers/STM32H7xx_HAL_Driver/Src/stm32h7xx_ll_delayblock.c ****       else
 141:Drivers/STM32H7xx_HAL_Driver/Src/stm32h7xx_ll_delayblock.c ****       {
 142:Drivers/STM32H7xx_HAL_Driver/Src/stm32h7xx_ll_delayblock.c ****         /* 1/2 period LOW detected after the HIGH 1/2 period => FULL PERIOD passed*/
 143:Drivers/STM32H7xx_HAL_Driver/Src/stm32h7xx_ll_delayblock.c ****         if((DLYBx->CFGR & lng_mask ) == 0U)
 144:Drivers/STM32H7xx_HAL_Driver/Src/stm32h7xx_ll_delayblock.c ****         {
 145:Drivers/STM32H7xx_HAL_Driver/Src/stm32h7xx_ll_delayblock.c ****           /* Save the first result */
 146:Drivers/STM32H7xx_HAL_Driver/Src/stm32h7xx_ll_delayblock.c ****           if( unit == 0U )
 147:Drivers/STM32H7xx_HAL_Driver/Src/stm32h7xx_ll_delayblock.c ****           {
 148:Drivers/STM32H7xx_HAL_Driver/Src/stm32h7xx_ll_delayblock.c ****             unit = unit_current;
 149:Drivers/STM32H7xx_HAL_Driver/Src/stm32h7xx_ll_delayblock.c ****             sel  = sel_current + 1U;
 150:Drivers/STM32H7xx_HAL_Driver/Src/stm32h7xx_ll_delayblock.c ****           }
 151:Drivers/STM32H7xx_HAL_Driver/Src/stm32h7xx_ll_delayblock.c ****           break;
 152:Drivers/STM32H7xx_HAL_Driver/Src/stm32h7xx_ll_delayblock.c ****         }
 153:Drivers/STM32H7xx_HAL_Driver/Src/stm32h7xx_ll_delayblock.c ****       }
 154:Drivers/STM32H7xx_HAL_Driver/Src/stm32h7xx_ll_delayblock.c ****     }
 155:Drivers/STM32H7xx_HAL_Driver/Src/stm32h7xx_ll_delayblock.c ****   }
 156:Drivers/STM32H7xx_HAL_Driver/Src/stm32h7xx_ll_delayblock.c **** 
 157:Drivers/STM32H7xx_HAL_Driver/Src/stm32h7xx_ll_delayblock.c ****   /* Apply the Tuning settings */
 158:Drivers/STM32H7xx_HAL_Driver/Src/stm32h7xx_ll_delayblock.c ****   DLYBx->CR   = 0U;
 159:Drivers/STM32H7xx_HAL_Driver/Src/stm32h7xx_ll_delayblock.c ****   DLYBx->CR   = DLYB_CR_DEN | DLYB_CR_SEN;
 160:Drivers/STM32H7xx_HAL_Driver/Src/stm32h7xx_ll_delayblock.c ****   DLYBx->CFGR = sel | (unit << DLYB_CFGR_UNIT_Pos);
 161:Drivers/STM32H7xx_HAL_Driver/Src/stm32h7xx_ll_delayblock.c ****   DLYBx->CR   = DLYB_CR_DEN;
ARM GAS  C:\Users\jason\AppData\Local\Temp\ccQNmIKz.s 			page 6


 162:Drivers/STM32H7xx_HAL_Driver/Src/stm32h7xx_ll_delayblock.c **** 
 163:Drivers/STM32H7xx_HAL_Driver/Src/stm32h7xx_ll_delayblock.c ****   return HAL_OK;
 164:Drivers/STM32H7xx_HAL_Driver/Src/stm32h7xx_ll_delayblock.c **** }
 123              		.loc 1 164 1 view .LVU38
 124 0046 BDE8F88F 		pop	{r3, r4, r5, r6, r7, r8, r9, r10, fp, pc}
 125              	.LVL10:
 126              	.L17:
 132:Drivers/STM32H7xx_HAL_Driver/Src/stm32h7xx_ll_delayblock.c ****       {
 127              		.loc 1 132 7 is_stmt 1 view .LVU39
 132:Drivers/STM32H7xx_HAL_Driver/Src/stm32h7xx_ll_delayblock.c ****       {
 128              		.loc 1 132 10 is_stmt 0 view .LVU40
 129 004a 4B46     		mov	r3, r9
 130 004c 33B9     		cbnz	r3, .L7
 131              	.LVL11:
 134:Drivers/STM32H7xx_HAL_Driver/Src/stm32h7xx_ll_delayblock.c ****         {
 132              		.loc 1 134 9 is_stmt 1 view .LVU41
 134:Drivers/STM32H7xx_HAL_Driver/Src/stm32h7xx_ll_delayblock.c ****         {
 133              		.loc 1 134 19 is_stmt 0 view .LVU42
 134 004e 6368     		ldr	r3, [r4, #4]
 135              	.LVL12:
 134:Drivers/STM32H7xx_HAL_Driver/Src/stm32h7xx_ll_delayblock.c ****         {
 136              		.loc 1 134 12 view .LVU43
 137 0050 13EA080F 		tst	r3, r8
 138 0054 06D0     		beq	.L8
 137:Drivers/STM32H7xx_HAL_Driver/Src/stm32h7xx_ll_delayblock.c ****         }
 139              		.loc 1 137 18 view .LVU44
 140 0056 0123     		movs	r3, #1
 141 0058 9946     		mov	r9, r3
 142              	.LVL13:
 137:Drivers/STM32H7xx_HAL_Driver/Src/stm32h7xx_ll_delayblock.c ****         }
 143              		.loc 1 137 18 view .LVU45
 144 005a 03E0     		b	.L8
 145              	.LVL14:
 146              	.L7:
 143:Drivers/STM32H7xx_HAL_Driver/Src/stm32h7xx_ll_delayblock.c ****         {
 147              		.loc 1 143 9 is_stmt 1 view .LVU46
 143:Drivers/STM32H7xx_HAL_Driver/Src/stm32h7xx_ll_delayblock.c ****         {
 148              		.loc 1 143 18 is_stmt 0 view .LVU47
 149 005c 6368     		ldr	r3, [r4, #4]
 150              	.LVL15:
 143:Drivers/STM32H7xx_HAL_Driver/Src/stm32h7xx_ll_delayblock.c ****         {
 151              		.loc 1 143 11 view .LVU48
 152 005e 13EA080F 		tst	r3, r8
 153 0062 01D0     		beq	.L18
 154              	.LVL16:
 155              	.L8:
 118:Drivers/STM32H7xx_HAL_Driver/Src/stm32h7xx_ll_delayblock.c ****     {
 156              		.loc 1 118 71 is_stmt 1 discriminator 2 view .LVU49
 157 0064 0136     		adds	r6, r6, #1
 158              	.LVL17:
 118:Drivers/STM32H7xx_HAL_Driver/Src/stm32h7xx_ll_delayblock.c ****     {
 159              		.loc 1 118 71 is_stmt 0 discriminator 2 view .LVU50
 160 0066 DCE7     		b	.L3
 161              	.LVL18:
 162              	.L18:
 146:Drivers/STM32H7xx_HAL_Driver/Src/stm32h7xx_ll_delayblock.c ****           {
 163              		.loc 1 146 11 is_stmt 1 view .LVU51
ARM GAS  C:\Users\jason\AppData\Local\Temp\ccQNmIKz.s 			page 7


 146:Drivers/STM32H7xx_HAL_Driver/Src/stm32h7xx_ll_delayblock.c ****           {
 164              		.loc 1 146 13 is_stmt 0 view .LVU52
 165 0068 5346     		mov	r3, r10
 166 006a 13B9     		cbnz	r3, .L10
 167              	.LVL19:
 148:Drivers/STM32H7xx_HAL_Driver/Src/stm32h7xx_ll_delayblock.c ****             sel  = sel_current + 1U;
 168              		.loc 1 148 13 is_stmt 1 view .LVU53
 149:Drivers/STM32H7xx_HAL_Driver/Src/stm32h7xx_ll_delayblock.c ****           }
 169              		.loc 1 149 13 view .LVU54
 149:Drivers/STM32H7xx_HAL_Driver/Src/stm32h7xx_ll_delayblock.c ****           }
 170              		.loc 1 149 18 is_stmt 0 view .LVU55
 171 006c 7B1C     		adds	r3, r7, #1
 172 006e 9B46     		mov	fp, r3
 173              	.LVL20:
 148:Drivers/STM32H7xx_HAL_Driver/Src/stm32h7xx_ll_delayblock.c ****             sel  = sel_current + 1U;
 174              		.loc 1 148 18 view .LVU56
 175 0070 B246     		mov	r10, r6
 176              	.LVL21:
 177              	.L10:
 113:Drivers/STM32H7xx_HAL_Driver/Src/stm32h7xx_ll_delayblock.c ****   {
 178              		.loc 1 113 68 is_stmt 1 discriminator 2 view .LVU57
 179 0072 0137     		adds	r7, r7, #1
 180              	.LVL22:
 113:Drivers/STM32H7xx_HAL_Driver/Src/stm32h7xx_ll_delayblock.c ****   {
 181              		.loc 1 113 68 is_stmt 0 discriminator 2 view .LVU58
 182 0074 CCE7     		b	.L2
 183              	.LVL23:
 184              	.L16:
 158:Drivers/STM32H7xx_HAL_Driver/Src/stm32h7xx_ll_delayblock.c ****   DLYBx->CR   = DLYB_CR_DEN | DLYB_CR_SEN;
 185              		.loc 1 158 3 is_stmt 1 view .LVU59
 158:Drivers/STM32H7xx_HAL_Driver/Src/stm32h7xx_ll_delayblock.c ****   DLYBx->CR   = DLYB_CR_DEN | DLYB_CR_SEN;
 186              		.loc 1 158 15 is_stmt 0 view .LVU60
 187 0076 0020     		movs	r0, #0
 188 0078 2060     		str	r0, [r4]
 159:Drivers/STM32H7xx_HAL_Driver/Src/stm32h7xx_ll_delayblock.c ****   DLYBx->CFGR = sel | (unit << DLYB_CFGR_UNIT_Pos);
 189              		.loc 1 159 3 is_stmt 1 view .LVU61
 159:Drivers/STM32H7xx_HAL_Driver/Src/stm32h7xx_ll_delayblock.c ****   DLYBx->CFGR = sel | (unit << DLYB_CFGR_UNIT_Pos);
 190              		.loc 1 159 15 is_stmt 0 view .LVU62
 191 007a 0323     		movs	r3, #3
 192 007c 2360     		str	r3, [r4]
 160:Drivers/STM32H7xx_HAL_Driver/Src/stm32h7xx_ll_delayblock.c ****   DLYBx->CR   = DLYB_CR_DEN;
 193              		.loc 1 160 3 is_stmt 1 view .LVU63
 160:Drivers/STM32H7xx_HAL_Driver/Src/stm32h7xx_ll_delayblock.c ****   DLYBx->CR   = DLYB_CR_DEN;
 194              		.loc 1 160 21 is_stmt 0 view .LVU64
 195 007e 4BEA0A23 		orr	r3, fp, r10, lsl #8
 160:Drivers/STM32H7xx_HAL_Driver/Src/stm32h7xx_ll_delayblock.c ****   DLYBx->CR   = DLYB_CR_DEN;
 196              		.loc 1 160 15 view .LVU65
 197 0082 6360     		str	r3, [r4, #4]
 161:Drivers/STM32H7xx_HAL_Driver/Src/stm32h7xx_ll_delayblock.c **** 
 198              		.loc 1 161 3 is_stmt 1 view .LVU66
 161:Drivers/STM32H7xx_HAL_Driver/Src/stm32h7xx_ll_delayblock.c **** 
 199              		.loc 1 161 15 is_stmt 0 view .LVU67
 200 0084 0123     		movs	r3, #1
 201 0086 2360     		str	r3, [r4]
 163:Drivers/STM32H7xx_HAL_Driver/Src/stm32h7xx_ll_delayblock.c **** }
 202              		.loc 1 163 3 is_stmt 1 view .LVU68
 163:Drivers/STM32H7xx_HAL_Driver/Src/stm32h7xx_ll_delayblock.c **** }
ARM GAS  C:\Users\jason\AppData\Local\Temp\ccQNmIKz.s 			page 8


 203              		.loc 1 163 10 is_stmt 0 view .LVU69
 204 0088 DDE7     		b	.L5
 205              		.cfi_endproc
 206              	.LFE144:
 208              		.section	.text.DelayBlock_Disable,"ax",%progbits
 209              		.align	1
 210              		.global	DelayBlock_Disable
 211              		.syntax unified
 212              		.thumb
 213              		.thumb_func
 215              	DelayBlock_Disable:
 216              	.LVL24:
 217              	.LFB145:
 165:Drivers/STM32H7xx_HAL_Driver/Src/stm32h7xx_ll_delayblock.c **** 
 166:Drivers/STM32H7xx_HAL_Driver/Src/stm32h7xx_ll_delayblock.c **** /**
 167:Drivers/STM32H7xx_HAL_Driver/Src/stm32h7xx_ll_delayblock.c ****   * @brief  Disable the Delay Block instance.
 168:Drivers/STM32H7xx_HAL_Driver/Src/stm32h7xx_ll_delayblock.c ****   * @param  DLYBx: Pointer to DLYB instance.
 169:Drivers/STM32H7xx_HAL_Driver/Src/stm32h7xx_ll_delayblock.c ****   * @retval HAL status
 170:Drivers/STM32H7xx_HAL_Driver/Src/stm32h7xx_ll_delayblock.c ****   */
 171:Drivers/STM32H7xx_HAL_Driver/Src/stm32h7xx_ll_delayblock.c **** HAL_StatusTypeDef DelayBlock_Disable(DLYB_TypeDef *DLYBx)
 172:Drivers/STM32H7xx_HAL_Driver/Src/stm32h7xx_ll_delayblock.c **** {
 218              		.loc 1 172 1 is_stmt 1 view -0
 219              		.cfi_startproc
 220              		@ args = 0, pretend = 0, frame = 0
 221              		@ frame_needed = 0, uses_anonymous_args = 0
 222              		@ link register save eliminated.
 223              		.loc 1 172 1 is_stmt 0 view .LVU71
 224 0000 0346     		mov	r3, r0
 173:Drivers/STM32H7xx_HAL_Driver/Src/stm32h7xx_ll_delayblock.c ****   /* Disable DLYB */
 174:Drivers/STM32H7xx_HAL_Driver/Src/stm32h7xx_ll_delayblock.c ****   DLYBx->CR = 0U;
 225              		.loc 1 174 3 is_stmt 1 view .LVU72
 226              		.loc 1 174 13 is_stmt 0 view .LVU73
 227 0002 0020     		movs	r0, #0
 228              	.LVL25:
 229              		.loc 1 174 13 view .LVU74
 230 0004 1860     		str	r0, [r3]
 175:Drivers/STM32H7xx_HAL_Driver/Src/stm32h7xx_ll_delayblock.c ****   return HAL_OK;
 231              		.loc 1 175 3 is_stmt 1 view .LVU75
 176:Drivers/STM32H7xx_HAL_Driver/Src/stm32h7xx_ll_delayblock.c **** }
 232              		.loc 1 176 1 is_stmt 0 view .LVU76
 233 0006 7047     		bx	lr
 234              		.cfi_endproc
 235              	.LFE145:
 237              		.section	.text.DelayBlock_Configure,"ax",%progbits
 238              		.align	1
 239              		.global	DelayBlock_Configure
 240              		.syntax unified
 241              		.thumb
 242              		.thumb_func
 244              	DelayBlock_Configure:
 245              	.LVL26:
 246              	.LFB146:
 177:Drivers/STM32H7xx_HAL_Driver/Src/stm32h7xx_ll_delayblock.c **** 
 178:Drivers/STM32H7xx_HAL_Driver/Src/stm32h7xx_ll_delayblock.c **** /**
 179:Drivers/STM32H7xx_HAL_Driver/Src/stm32h7xx_ll_delayblock.c ****   * @brief  Configure the Delay Block instance.
 180:Drivers/STM32H7xx_HAL_Driver/Src/stm32h7xx_ll_delayblock.c ****   * @param  DLYBx: Pointer to DLYB instance.
 181:Drivers/STM32H7xx_HAL_Driver/Src/stm32h7xx_ll_delayblock.c ****   * @param  PhaseSel: Phase selection [0..11].
ARM GAS  C:\Users\jason\AppData\Local\Temp\ccQNmIKz.s 			page 9


 182:Drivers/STM32H7xx_HAL_Driver/Src/stm32h7xx_ll_delayblock.c ****   * @param  Units: Delay units[0..127].
 183:Drivers/STM32H7xx_HAL_Driver/Src/stm32h7xx_ll_delayblock.c ****   * @retval HAL status
 184:Drivers/STM32H7xx_HAL_Driver/Src/stm32h7xx_ll_delayblock.c ****   */
 185:Drivers/STM32H7xx_HAL_Driver/Src/stm32h7xx_ll_delayblock.c **** HAL_StatusTypeDef DelayBlock_Configure(DLYB_TypeDef *DLYBx,uint32_t PhaseSel, uint32_t Units )
 186:Drivers/STM32H7xx_HAL_Driver/Src/stm32h7xx_ll_delayblock.c **** {
 247              		.loc 1 186 1 is_stmt 1 view -0
 248              		.cfi_startproc
 249              		@ args = 0, pretend = 0, frame = 0
 250              		@ frame_needed = 0, uses_anonymous_args = 0
 251              		@ link register save eliminated.
 252              		.loc 1 186 1 is_stmt 0 view .LVU78
 253 0000 0346     		mov	r3, r0
 187:Drivers/STM32H7xx_HAL_Driver/Src/stm32h7xx_ll_delayblock.c ****   /* Apply the delay settings */
 188:Drivers/STM32H7xx_HAL_Driver/Src/stm32h7xx_ll_delayblock.c **** 
 189:Drivers/STM32H7xx_HAL_Driver/Src/stm32h7xx_ll_delayblock.c ****   DLYBx->CR   = 0U;
 254              		.loc 1 189 3 is_stmt 1 view .LVU79
 255              		.loc 1 189 15 is_stmt 0 view .LVU80
 256 0002 0020     		movs	r0, #0
 257              	.LVL27:
 258              		.loc 1 189 15 view .LVU81
 259 0004 1860     		str	r0, [r3]
 190:Drivers/STM32H7xx_HAL_Driver/Src/stm32h7xx_ll_delayblock.c ****   DLYBx->CR   = DLYB_CR_DEN | DLYB_CR_SEN;
 260              		.loc 1 190 3 is_stmt 1 view .LVU82
 261              		.loc 1 190 15 is_stmt 0 view .LVU83
 262 0006 4FF0030C 		mov	ip, #3
 263 000a C3F800C0 		str	ip, [r3]
 191:Drivers/STM32H7xx_HAL_Driver/Src/stm32h7xx_ll_delayblock.c ****   DLYBx->CFGR = PhaseSel | (Units << DLYB_CFGR_UNIT_Pos);
 264              		.loc 1 191 3 is_stmt 1 view .LVU84
 265              		.loc 1 191 26 is_stmt 0 view .LVU85
 266 000e 41EA0221 		orr	r1, r1, r2, lsl #8
 267              	.LVL28:
 268              		.loc 1 191 15 view .LVU86
 269 0012 5960     		str	r1, [r3, #4]
 192:Drivers/STM32H7xx_HAL_Driver/Src/stm32h7xx_ll_delayblock.c ****   DLYBx->CR   = DLYB_CR_DEN;
 270              		.loc 1 192 3 is_stmt 1 view .LVU87
 271              		.loc 1 192 15 is_stmt 0 view .LVU88
 272 0014 0122     		movs	r2, #1
 273              	.LVL29:
 274              		.loc 1 192 15 view .LVU89
 275 0016 1A60     		str	r2, [r3]
 193:Drivers/STM32H7xx_HAL_Driver/Src/stm32h7xx_ll_delayblock.c **** 
 194:Drivers/STM32H7xx_HAL_Driver/Src/stm32h7xx_ll_delayblock.c ****   return HAL_OK;
 276              		.loc 1 194 3 is_stmt 1 view .LVU90
 195:Drivers/STM32H7xx_HAL_Driver/Src/stm32h7xx_ll_delayblock.c **** }
 277              		.loc 1 195 1 is_stmt 0 view .LVU91
 278 0018 7047     		bx	lr
 279              		.cfi_endproc
 280              	.LFE146:
 282              		.text
 283              	.Letext0:
 284              		.file 2 "C:/Users/jason/AppData/Roaming/Code/User/globalStorage/bmd.stm32-for-vscode/@xpack-dev-to
 285              		.file 3 "C:/Users/jason/AppData/Roaming/Code/User/globalStorage/bmd.stm32-for-vscode/@xpack-dev-to
 286              		.file 4 "Drivers/CMSIS/Device/ST/STM32H7xx/Include/stm32h750xx.h"
 287              		.file 5 "Drivers/STM32H7xx_HAL_Driver/Inc/stm32h7xx_hal_def.h"
 288              		.file 6 "Drivers/STM32H7xx_HAL_Driver/Inc/stm32h7xx_hal.h"
ARM GAS  C:\Users\jason\AppData\Local\Temp\ccQNmIKz.s 			page 10


DEFINED SYMBOLS
                            *ABS*:00000000 stm32h7xx_ll_delayblock.c
C:\Users\jason\AppData\Local\Temp\ccQNmIKz.s:20     .text.DelayBlock_Enable:00000000 $t
C:\Users\jason\AppData\Local\Temp\ccQNmIKz.s:26     .text.DelayBlock_Enable:00000000 DelayBlock_Enable
C:\Users\jason\AppData\Local\Temp\ccQNmIKz.s:209    .text.DelayBlock_Disable:00000000 $t
C:\Users\jason\AppData\Local\Temp\ccQNmIKz.s:215    .text.DelayBlock_Disable:00000000 DelayBlock_Disable
C:\Users\jason\AppData\Local\Temp\ccQNmIKz.s:238    .text.DelayBlock_Configure:00000000 $t
C:\Users\jason\AppData\Local\Temp\ccQNmIKz.s:244    .text.DelayBlock_Configure:00000000 DelayBlock_Configure

UNDEFINED SYMBOLS
HAL_GetTick
