ARM GAS  C:\Users\jason\AppData\Local\Temp\ccEO5S0o.s 			page 1


   1              		.cpu cortex-m7
   2              		.arch armv7e-m
   3              		.fpu fpv5-d16
   4              		.eabi_attribute 28, 1
   5              		.eabi_attribute 20, 1
   6              		.eabi_attribute 21, 1
   7              		.eabi_attribute 23, 3
   8              		.eabi_attribute 24, 1
   9              		.eabi_attribute 25, 1
  10              		.eabi_attribute 26, 1
  11              		.eabi_attribute 30, 1
  12              		.eabi_attribute 34, 1
  13              		.eabi_attribute 18, 4
  14              		.file	"stm32h7xx_hal_spi_ex.c"
  15              		.text
  16              	.Ltext0:
  17              		.cfi_sections	.debug_frame
  18              		.file 1 "Drivers/STM32H7xx_HAL_Driver/Src/stm32h7xx_hal_spi_ex.c"
  19              		.section	.text.HAL_SPIEx_FlushRxFifo,"ax",%progbits
  20              		.align	1
  21              		.global	HAL_SPIEx_FlushRxFifo
  22              		.syntax unified
  23              		.thumb
  24              		.thumb_func
  26              	HAL_SPIEx_FlushRxFifo:
  27              	.LVL0:
  28              	.LFB144:
   1:Drivers/STM32H7xx_HAL_Driver/Src/stm32h7xx_hal_spi_ex.c **** /**
   2:Drivers/STM32H7xx_HAL_Driver/Src/stm32h7xx_hal_spi_ex.c ****   ******************************************************************************
   3:Drivers/STM32H7xx_HAL_Driver/Src/stm32h7xx_hal_spi_ex.c ****   * @file    stm32h7xx_hal_spi_ex.c
   4:Drivers/STM32H7xx_HAL_Driver/Src/stm32h7xx_hal_spi_ex.c ****   * @author  MCD Application Team
   5:Drivers/STM32H7xx_HAL_Driver/Src/stm32h7xx_hal_spi_ex.c ****   * @brief   Extended SPI HAL module driver.
   6:Drivers/STM32H7xx_HAL_Driver/Src/stm32h7xx_hal_spi_ex.c ****   *          This file provides firmware functions to manage the following
   7:Drivers/STM32H7xx_HAL_Driver/Src/stm32h7xx_hal_spi_ex.c ****   *          SPI peripheral extended functionalities :
   8:Drivers/STM32H7xx_HAL_Driver/Src/stm32h7xx_hal_spi_ex.c ****   *           + IO operation functions
   9:Drivers/STM32H7xx_HAL_Driver/Src/stm32h7xx_hal_spi_ex.c ****   *           + Peripheral Control functions
  10:Drivers/STM32H7xx_HAL_Driver/Src/stm32h7xx_hal_spi_ex.c ****   *
  11:Drivers/STM32H7xx_HAL_Driver/Src/stm32h7xx_hal_spi_ex.c ****   ******************************************************************************
  12:Drivers/STM32H7xx_HAL_Driver/Src/stm32h7xx_hal_spi_ex.c ****   * @attention
  13:Drivers/STM32H7xx_HAL_Driver/Src/stm32h7xx_hal_spi_ex.c ****   *
  14:Drivers/STM32H7xx_HAL_Driver/Src/stm32h7xx_hal_spi_ex.c ****   * Copyright (c) 2017 STMicroelectronics.
  15:Drivers/STM32H7xx_HAL_Driver/Src/stm32h7xx_hal_spi_ex.c ****   * All rights reserved.
  16:Drivers/STM32H7xx_HAL_Driver/Src/stm32h7xx_hal_spi_ex.c ****   *
  17:Drivers/STM32H7xx_HAL_Driver/Src/stm32h7xx_hal_spi_ex.c ****   * This software is licensed under terms that can be found in the LICENSE file
  18:Drivers/STM32H7xx_HAL_Driver/Src/stm32h7xx_hal_spi_ex.c ****   * in the root directory of this software component.
  19:Drivers/STM32H7xx_HAL_Driver/Src/stm32h7xx_hal_spi_ex.c ****   * If no LICENSE file comes with this software, it is provided AS-IS.
  20:Drivers/STM32H7xx_HAL_Driver/Src/stm32h7xx_hal_spi_ex.c ****   *
  21:Drivers/STM32H7xx_HAL_Driver/Src/stm32h7xx_hal_spi_ex.c ****   ******************************************************************************
  22:Drivers/STM32H7xx_HAL_Driver/Src/stm32h7xx_hal_spi_ex.c ****   */
  23:Drivers/STM32H7xx_HAL_Driver/Src/stm32h7xx_hal_spi_ex.c **** 
  24:Drivers/STM32H7xx_HAL_Driver/Src/stm32h7xx_hal_spi_ex.c **** /* Includes ------------------------------------------------------------------*/
  25:Drivers/STM32H7xx_HAL_Driver/Src/stm32h7xx_hal_spi_ex.c **** #include "stm32h7xx_hal.h"
  26:Drivers/STM32H7xx_HAL_Driver/Src/stm32h7xx_hal_spi_ex.c **** 
  27:Drivers/STM32H7xx_HAL_Driver/Src/stm32h7xx_hal_spi_ex.c **** /** @addtogroup STM32H7xx_HAL_Driver
  28:Drivers/STM32H7xx_HAL_Driver/Src/stm32h7xx_hal_spi_ex.c ****   * @{
  29:Drivers/STM32H7xx_HAL_Driver/Src/stm32h7xx_hal_spi_ex.c ****   */
  30:Drivers/STM32H7xx_HAL_Driver/Src/stm32h7xx_hal_spi_ex.c **** 
ARM GAS  C:\Users\jason\AppData\Local\Temp\ccEO5S0o.s 			page 2


  31:Drivers/STM32H7xx_HAL_Driver/Src/stm32h7xx_hal_spi_ex.c **** /** @defgroup SPIEx SPIEx
  32:Drivers/STM32H7xx_HAL_Driver/Src/stm32h7xx_hal_spi_ex.c ****   * @brief SPI Extended HAL module driver
  33:Drivers/STM32H7xx_HAL_Driver/Src/stm32h7xx_hal_spi_ex.c ****   * @{
  34:Drivers/STM32H7xx_HAL_Driver/Src/stm32h7xx_hal_spi_ex.c ****   */
  35:Drivers/STM32H7xx_HAL_Driver/Src/stm32h7xx_hal_spi_ex.c **** #ifdef HAL_SPI_MODULE_ENABLED
  36:Drivers/STM32H7xx_HAL_Driver/Src/stm32h7xx_hal_spi_ex.c **** 
  37:Drivers/STM32H7xx_HAL_Driver/Src/stm32h7xx_hal_spi_ex.c **** /* Private typedef -----------------------------------------------------------*/
  38:Drivers/STM32H7xx_HAL_Driver/Src/stm32h7xx_hal_spi_ex.c **** /* Private defines -----------------------------------------------------------*/
  39:Drivers/STM32H7xx_HAL_Driver/Src/stm32h7xx_hal_spi_ex.c **** /* Private macros ------------------------------------------------------------*/
  40:Drivers/STM32H7xx_HAL_Driver/Src/stm32h7xx_hal_spi_ex.c **** /* Private variables ---------------------------------------------------------*/
  41:Drivers/STM32H7xx_HAL_Driver/Src/stm32h7xx_hal_spi_ex.c **** /* Private function prototypes -----------------------------------------------*/
  42:Drivers/STM32H7xx_HAL_Driver/Src/stm32h7xx_hal_spi_ex.c **** /* Exported functions --------------------------------------------------------*/
  43:Drivers/STM32H7xx_HAL_Driver/Src/stm32h7xx_hal_spi_ex.c **** 
  44:Drivers/STM32H7xx_HAL_Driver/Src/stm32h7xx_hal_spi_ex.c **** /** @defgroup SPIEx_Exported_Functions SPIEx Exported Functions
  45:Drivers/STM32H7xx_HAL_Driver/Src/stm32h7xx_hal_spi_ex.c ****   * @{
  46:Drivers/STM32H7xx_HAL_Driver/Src/stm32h7xx_hal_spi_ex.c ****   */
  47:Drivers/STM32H7xx_HAL_Driver/Src/stm32h7xx_hal_spi_ex.c **** 
  48:Drivers/STM32H7xx_HAL_Driver/Src/stm32h7xx_hal_spi_ex.c **** /** @defgroup SPIEx_Exported_Functions_Group1 IO operation functions
  49:Drivers/STM32H7xx_HAL_Driver/Src/stm32h7xx_hal_spi_ex.c ****   *  @brief   Data transfers functions
  50:Drivers/STM32H7xx_HAL_Driver/Src/stm32h7xx_hal_spi_ex.c ****   *
  51:Drivers/STM32H7xx_HAL_Driver/Src/stm32h7xx_hal_spi_ex.c **** @verbatim
  52:Drivers/STM32H7xx_HAL_Driver/Src/stm32h7xx_hal_spi_ex.c ****   ==============================================================================
  53:Drivers/STM32H7xx_HAL_Driver/Src/stm32h7xx_hal_spi_ex.c ****                       ##### IO operation functions #####
  54:Drivers/STM32H7xx_HAL_Driver/Src/stm32h7xx_hal_spi_ex.c ****  ===============================================================================
  55:Drivers/STM32H7xx_HAL_Driver/Src/stm32h7xx_hal_spi_ex.c ****  [..]
  56:Drivers/STM32H7xx_HAL_Driver/Src/stm32h7xx_hal_spi_ex.c ****     This subsection provides a set of extended functions to manage the SPI
  57:Drivers/STM32H7xx_HAL_Driver/Src/stm32h7xx_hal_spi_ex.c ****     data transfers.
  58:Drivers/STM32H7xx_HAL_Driver/Src/stm32h7xx_hal_spi_ex.c **** 
  59:Drivers/STM32H7xx_HAL_Driver/Src/stm32h7xx_hal_spi_ex.c ****     (#) SPIEx function:
  60:Drivers/STM32H7xx_HAL_Driver/Src/stm32h7xx_hal_spi_ex.c ****         (++) HAL_SPIEx_FlushRxFifo()
  61:Drivers/STM32H7xx_HAL_Driver/Src/stm32h7xx_hal_spi_ex.c ****         (++) HAL_SPIEx_EnableLockConfiguration()
  62:Drivers/STM32H7xx_HAL_Driver/Src/stm32h7xx_hal_spi_ex.c ****         (++) HAL_SPIEx_ConfigureUnderrun()
  63:Drivers/STM32H7xx_HAL_Driver/Src/stm32h7xx_hal_spi_ex.c **** 
  64:Drivers/STM32H7xx_HAL_Driver/Src/stm32h7xx_hal_spi_ex.c **** @endverbatim
  65:Drivers/STM32H7xx_HAL_Driver/Src/stm32h7xx_hal_spi_ex.c ****   * @{
  66:Drivers/STM32H7xx_HAL_Driver/Src/stm32h7xx_hal_spi_ex.c ****   */
  67:Drivers/STM32H7xx_HAL_Driver/Src/stm32h7xx_hal_spi_ex.c **** 
  68:Drivers/STM32H7xx_HAL_Driver/Src/stm32h7xx_hal_spi_ex.c **** /**
  69:Drivers/STM32H7xx_HAL_Driver/Src/stm32h7xx_hal_spi_ex.c ****   * @brief Flush the RX fifo.
  70:Drivers/STM32H7xx_HAL_Driver/Src/stm32h7xx_hal_spi_ex.c ****   * @param  hspi: pointer to a SPI_HandleTypeDef structure that contains
  71:Drivers/STM32H7xx_HAL_Driver/Src/stm32h7xx_hal_spi_ex.c ****   *               the configuration information for the specified SPI module.
  72:Drivers/STM32H7xx_HAL_Driver/Src/stm32h7xx_hal_spi_ex.c ****   * @retval HAL status
  73:Drivers/STM32H7xx_HAL_Driver/Src/stm32h7xx_hal_spi_ex.c ****   */
  74:Drivers/STM32H7xx_HAL_Driver/Src/stm32h7xx_hal_spi_ex.c **** HAL_StatusTypeDef HAL_SPIEx_FlushRxFifo(const SPI_HandleTypeDef *hspi)
  75:Drivers/STM32H7xx_HAL_Driver/Src/stm32h7xx_hal_spi_ex.c **** {
  29              		.loc 1 75 1 view -0
  30              		.cfi_startproc
  31              		@ args = 0, pretend = 0, frame = 8
  32              		@ frame_needed = 0, uses_anonymous_args = 0
  33              		@ link register save eliminated.
  76:Drivers/STM32H7xx_HAL_Driver/Src/stm32h7xx_hal_spi_ex.c ****   uint8_t  count  = 0;
  34              		.loc 1 76 3 view .LVU1
  77:Drivers/STM32H7xx_HAL_Driver/Src/stm32h7xx_hal_spi_ex.c ****   uint32_t itflag = hspi->Instance->SR;
  35              		.loc 1 77 3 view .LVU2
  36              		.loc 1 77 25 is_stmt 0 view .LVU3
  37 0000 0268     		ldr	r2, [r0]
  38              		.loc 1 77 12 view .LVU4
ARM GAS  C:\Users\jason\AppData\Local\Temp\ccEO5S0o.s 			page 3


  39 0002 D2F814C0 		ldr	ip, [r2, #20]
  40              	.LVL1:
  78:Drivers/STM32H7xx_HAL_Driver/Src/stm32h7xx_hal_spi_ex.c ****   __IO uint32_t tmpreg;
  41              		.loc 1 78 3 is_stmt 1 view .LVU5
  79:Drivers/STM32H7xx_HAL_Driver/Src/stm32h7xx_hal_spi_ex.c **** 
  80:Drivers/STM32H7xx_HAL_Driver/Src/stm32h7xx_hal_spi_ex.c ****   while (((hspi->Instance->SR & SPI_FLAG_FRLVL) !=  SPI_RX_FIFO_0PACKET) || ((itflag & SPI_FLAG_RXW
  42              		.loc 1 80 3 view .LVU6
  76:Drivers/STM32H7xx_HAL_Driver/Src/stm32h7xx_hal_spi_ex.c ****   uint32_t itflag = hspi->Instance->SR;
  43              		.loc 1 76 12 is_stmt 0 view .LVU7
  44 0006 0023     		movs	r3, #0
  45              	.LVL2:
  46              		.loc 1 80 74 is_stmt 1 view .LVU8
  47              		.loc 1 80 26 is_stmt 0 view .LVU9
  48 0008 5169     		ldr	r1, [r2, #20]
  49              		.loc 1 80 74 view .LVU10
  50 000a 11F4C04F 		tst	r1, #24576
  51 000e 02D1     		bne	.L13
  52              		.loc 1 80 74 discriminator 1 view .LVU11
  53 0010 1CF4004F 		tst	ip, #32768
  54 0014 21D0     		beq	.L14
  55              	.L13:
  75:Drivers/STM32H7xx_HAL_Driver/Src/stm32h7xx_hal_spi_ex.c ****   uint8_t  count  = 0;
  56              		.loc 1 75 1 view .LVU12
  57 0016 82B0     		sub	sp, sp, #8
  58              		.cfi_def_cfa_offset 8
  59              	.LVL3:
  60              	.L6:
  81:Drivers/STM32H7xx_HAL_Driver/Src/stm32h7xx_hal_spi_ex.c ****   {
  82:Drivers/STM32H7xx_HAL_Driver/Src/stm32h7xx_hal_spi_ex.c ****     count += (uint8_t)4UL;
  61              		.loc 1 82 5 is_stmt 1 view .LVU13
  62              		.loc 1 82 11 is_stmt 0 view .LVU14
  63 0018 0433     		adds	r3, r3, #4
  64              	.LVL4:
  65              		.loc 1 82 11 view .LVU15
  66 001a DBB2     		uxtb	r3, r3
  67              	.LVL5:
  83:Drivers/STM32H7xx_HAL_Driver/Src/stm32h7xx_hal_spi_ex.c ****     tmpreg = hspi->Instance->RXDR;
  68              		.loc 1 83 5 is_stmt 1 view .LVU16
  69              		.loc 1 83 28 is_stmt 0 view .LVU17
  70 001c 116B     		ldr	r1, [r2, #48]
  71              		.loc 1 83 12 view .LVU18
  72 001e 0191     		str	r1, [sp, #4]
  84:Drivers/STM32H7xx_HAL_Driver/Src/stm32h7xx_hal_spi_ex.c ****     UNUSED(tmpreg); /* To avoid GCC warning */
  73              		.loc 1 84 5 is_stmt 1 view .LVU19
  74 0020 0199     		ldr	r1, [sp, #4]
  85:Drivers/STM32H7xx_HAL_Driver/Src/stm32h7xx_hal_spi_ex.c **** 
  86:Drivers/STM32H7xx_HAL_Driver/Src/stm32h7xx_hal_spi_ex.c ****     if (IS_SPI_HIGHEND_INSTANCE(hspi->Instance))
  75              		.loc 1 86 5 view .LVU20
  76              		.loc 1 86 8 is_stmt 0 view .LVU21
  77 0022 0F48     		ldr	r0, .L16
  78 0024 0F49     		ldr	r1, .L16+4
  79 0026 8A42     		cmp	r2, r1
  80 0028 18BF     		it	ne
  81 002a 8242     		cmpne	r2, r0
  82 002c 07D0     		beq	.L3
  83              		.loc 1 86 9 discriminator 1 view .LVU22
  84 002e 01F58061 		add	r1, r1, #1024
ARM GAS  C:\Users\jason\AppData\Local\Temp\ccEO5S0o.s 			page 4


  85 0032 8A42     		cmp	r2, r1
  86 0034 03D0     		beq	.L3
  87:Drivers/STM32H7xx_HAL_Driver/Src/stm32h7xx_hal_spi_ex.c ****     {
  88:Drivers/STM32H7xx_HAL_Driver/Src/stm32h7xx_hal_spi_ex.c ****       if (count > SPI_HIGHEND_FIFO_SIZE)
  89:Drivers/STM32H7xx_HAL_Driver/Src/stm32h7xx_hal_spi_ex.c ****       {
  90:Drivers/STM32H7xx_HAL_Driver/Src/stm32h7xx_hal_spi_ex.c ****         return HAL_TIMEOUT;
  91:Drivers/STM32H7xx_HAL_Driver/Src/stm32h7xx_hal_spi_ex.c ****       }
  92:Drivers/STM32H7xx_HAL_Driver/Src/stm32h7xx_hal_spi_ex.c ****     }
  93:Drivers/STM32H7xx_HAL_Driver/Src/stm32h7xx_hal_spi_ex.c ****     else
  94:Drivers/STM32H7xx_HAL_Driver/Src/stm32h7xx_hal_spi_ex.c ****     {
  95:Drivers/STM32H7xx_HAL_Driver/Src/stm32h7xx_hal_spi_ex.c ****       if (count > SPI_LOWEND_FIFO_SIZE)
  87              		.loc 1 95 7 is_stmt 1 view .LVU23
  88              		.loc 1 95 10 is_stmt 0 view .LVU24
  89 0036 082B     		cmp	r3, #8
  90 0038 03D9     		bls	.L2
  96:Drivers/STM32H7xx_HAL_Driver/Src/stm32h7xx_hal_spi_ex.c ****       {
  97:Drivers/STM32H7xx_HAL_Driver/Src/stm32h7xx_hal_spi_ex.c ****         return HAL_TIMEOUT;
  91              		.loc 1 97 16 view .LVU25
  92 003a 0320     		movs	r0, #3
  93 003c 0BE0     		b	.L5
  94              	.L3:
  88:Drivers/STM32H7xx_HAL_Driver/Src/stm32h7xx_hal_spi_ex.c ****       {
  95              		.loc 1 88 7 is_stmt 1 view .LVU26
  88:Drivers/STM32H7xx_HAL_Driver/Src/stm32h7xx_hal_spi_ex.c ****       {
  96              		.loc 1 88 10 is_stmt 0 view .LVU27
  97 003e 102B     		cmp	r3, #16
  98 0040 08D8     		bhi	.L15
  99              	.L2:
  80:Drivers/STM32H7xx_HAL_Driver/Src/stm32h7xx_hal_spi_ex.c ****   {
 100              		.loc 1 80 74 is_stmt 1 view .LVU28
  80:Drivers/STM32H7xx_HAL_Driver/Src/stm32h7xx_hal_spi_ex.c ****   {
 101              		.loc 1 80 26 is_stmt 0 view .LVU29
 102 0042 5169     		ldr	r1, [r2, #20]
  80:Drivers/STM32H7xx_HAL_Driver/Src/stm32h7xx_hal_spi_ex.c ****   {
 103              		.loc 1 80 74 view .LVU30
 104 0044 11F4C04F 		tst	r1, #24576
 105 0048 E6D1     		bne	.L6
  80:Drivers/STM32H7xx_HAL_Driver/Src/stm32h7xx_hal_spi_ex.c ****   {
 106              		.loc 1 80 74 discriminator 1 view .LVU31
 107 004a 1CF4004F 		tst	ip, #32768
 108 004e E3D1     		bne	.L6
  98:Drivers/STM32H7xx_HAL_Driver/Src/stm32h7xx_hal_spi_ex.c ****       }
  99:Drivers/STM32H7xx_HAL_Driver/Src/stm32h7xx_hal_spi_ex.c ****     }
 100:Drivers/STM32H7xx_HAL_Driver/Src/stm32h7xx_hal_spi_ex.c ****   }
 101:Drivers/STM32H7xx_HAL_Driver/Src/stm32h7xx_hal_spi_ex.c ****   return HAL_OK;
 109              		.loc 1 101 10 view .LVU32
 110 0050 0020     		movs	r0, #0
 111 0052 00E0     		b	.L5
 112              	.L15:
  90:Drivers/STM32H7xx_HAL_Driver/Src/stm32h7xx_hal_spi_ex.c ****       }
 113              		.loc 1 90 16 view .LVU33
 114 0054 0320     		movs	r0, #3
 115              	.L5:
 102:Drivers/STM32H7xx_HAL_Driver/Src/stm32h7xx_hal_spi_ex.c **** }
 116              		.loc 1 102 1 view .LVU34
 117 0056 02B0     		add	sp, sp, #8
 118              		.cfi_def_cfa_offset 0
ARM GAS  C:\Users\jason\AppData\Local\Temp\ccEO5S0o.s 			page 5


 119              		@ sp needed
 120 0058 7047     		bx	lr
 121              	.LVL6:
 122              	.L14:
 101:Drivers/STM32H7xx_HAL_Driver/Src/stm32h7xx_hal_spi_ex.c **** }
 123              		.loc 1 101 10 view .LVU35
 124 005a 0020     		movs	r0, #0
 125              	.LVL7:
 126              		.loc 1 102 1 view .LVU36
 127 005c 7047     		bx	lr
 128              	.L17:
 129 005e 00BF     		.align	2
 130              	.L16:
 131 0060 00300140 		.word	1073819648
 132 0064 00380040 		.word	1073756160
 133              		.cfi_endproc
 134              	.LFE144:
 136              		.section	.text.HAL_SPIEx_EnableLockConfiguration,"ax",%progbits
 137              		.align	1
 138              		.global	HAL_SPIEx_EnableLockConfiguration
 139              		.syntax unified
 140              		.thumb
 141              		.thumb_func
 143              	HAL_SPIEx_EnableLockConfiguration:
 144              	.LVL8:
 145              	.LFB145:
 103:Drivers/STM32H7xx_HAL_Driver/Src/stm32h7xx_hal_spi_ex.c **** 
 104:Drivers/STM32H7xx_HAL_Driver/Src/stm32h7xx_hal_spi_ex.c **** 
 105:Drivers/STM32H7xx_HAL_Driver/Src/stm32h7xx_hal_spi_ex.c **** /**
 106:Drivers/STM32H7xx_HAL_Driver/Src/stm32h7xx_hal_spi_ex.c ****   * @brief  Enable the Lock for the AF configuration of associated IOs
 107:Drivers/STM32H7xx_HAL_Driver/Src/stm32h7xx_hal_spi_ex.c ****   *         and write protect the Content of Configuration register 2
 108:Drivers/STM32H7xx_HAL_Driver/Src/stm32h7xx_hal_spi_ex.c ****   *         when SPI is enabled
 109:Drivers/STM32H7xx_HAL_Driver/Src/stm32h7xx_hal_spi_ex.c ****   * @param  hspi: pointer to a SPI_HandleTypeDef structure that contains
 110:Drivers/STM32H7xx_HAL_Driver/Src/stm32h7xx_hal_spi_ex.c ****   *               the configuration information for SPI module.
 111:Drivers/STM32H7xx_HAL_Driver/Src/stm32h7xx_hal_spi_ex.c ****   * @retval None
 112:Drivers/STM32H7xx_HAL_Driver/Src/stm32h7xx_hal_spi_ex.c ****   */
 113:Drivers/STM32H7xx_HAL_Driver/Src/stm32h7xx_hal_spi_ex.c **** HAL_StatusTypeDef HAL_SPIEx_EnableLockConfiguration(SPI_HandleTypeDef *hspi)
 114:Drivers/STM32H7xx_HAL_Driver/Src/stm32h7xx_hal_spi_ex.c **** {
 146              		.loc 1 114 1 is_stmt 1 view -0
 147              		.cfi_startproc
 148              		@ args = 0, pretend = 0, frame = 0
 149              		@ frame_needed = 0, uses_anonymous_args = 0
 150              		@ link register save eliminated.
 151              		.loc 1 114 1 is_stmt 0 view .LVU38
 152 0000 0346     		mov	r3, r0
 115:Drivers/STM32H7xx_HAL_Driver/Src/stm32h7xx_hal_spi_ex.c ****   HAL_StatusTypeDef errorcode = HAL_OK;
 153              		.loc 1 115 3 is_stmt 1 view .LVU39
 154              	.LVL9:
 116:Drivers/STM32H7xx_HAL_Driver/Src/stm32h7xx_hal_spi_ex.c **** 
 117:Drivers/STM32H7xx_HAL_Driver/Src/stm32h7xx_hal_spi_ex.c ****   /* Process Locked */
 118:Drivers/STM32H7xx_HAL_Driver/Src/stm32h7xx_hal_spi_ex.c ****   __HAL_LOCK(hspi);
 155              		.loc 1 118 3 view .LVU40
 156              		.loc 1 118 3 view .LVU41
 157 0002 90F88020 		ldrb	r2, [r0, #128]	@ zero_extendqisi2
 158 0006 012A     		cmp	r2, #1
 159 0008 2DD0     		beq	.L23
 160              		.loc 1 118 3 discriminator 2 view .LVU42
ARM GAS  C:\Users\jason\AppData\Local\Temp\ccEO5S0o.s 			page 6


 161 000a 0122     		movs	r2, #1
 162 000c 80F88020 		strb	r2, [r0, #128]
 163              		.loc 1 118 3 view .LVU43
 119:Drivers/STM32H7xx_HAL_Driver/Src/stm32h7xx_hal_spi_ex.c **** 
 120:Drivers/STM32H7xx_HAL_Driver/Src/stm32h7xx_hal_spi_ex.c ****   if (hspi->State != HAL_SPI_STATE_READY)
 164              		.loc 1 120 3 view .LVU44
 165              		.loc 1 120 11 is_stmt 0 view .LVU45
 166 0010 90F88120 		ldrb	r2, [r0, #129]	@ zero_extendqisi2
 167              		.loc 1 120 6 view .LVU46
 168 0014 012A     		cmp	r2, #1
 169 0016 0FD1     		bne	.L24
 121:Drivers/STM32H7xx_HAL_Driver/Src/stm32h7xx_hal_spi_ex.c ****   {
 122:Drivers/STM32H7xx_HAL_Driver/Src/stm32h7xx_hal_spi_ex.c ****     errorcode = HAL_BUSY;
 123:Drivers/STM32H7xx_HAL_Driver/Src/stm32h7xx_hal_spi_ex.c ****     hspi->State = HAL_SPI_STATE_READY;
 124:Drivers/STM32H7xx_HAL_Driver/Src/stm32h7xx_hal_spi_ex.c ****     /* Process Unlocked */
 125:Drivers/STM32H7xx_HAL_Driver/Src/stm32h7xx_hal_spi_ex.c ****     __HAL_UNLOCK(hspi);
 126:Drivers/STM32H7xx_HAL_Driver/Src/stm32h7xx_hal_spi_ex.c ****     return errorcode;
 127:Drivers/STM32H7xx_HAL_Driver/Src/stm32h7xx_hal_spi_ex.c ****   }
 128:Drivers/STM32H7xx_HAL_Driver/Src/stm32h7xx_hal_spi_ex.c **** 
 129:Drivers/STM32H7xx_HAL_Driver/Src/stm32h7xx_hal_spi_ex.c ****   /* Check if the SPI is disabled to edit IOLOCK bit */
 130:Drivers/STM32H7xx_HAL_Driver/Src/stm32h7xx_hal_spi_ex.c ****   if ((hspi->Instance->CR1 & SPI_CR1_SPE) != SPI_CR1_SPE)
 170              		.loc 1 130 3 is_stmt 1 view .LVU47
 171              		.loc 1 130 12 is_stmt 0 view .LVU48
 172 0018 0268     		ldr	r2, [r0]
 173              		.loc 1 130 22 view .LVU49
 174 001a 1168     		ldr	r1, [r2]
 175              		.loc 1 130 6 view .LVU50
 176 001c 11F0010F 		tst	r1, #1
 177 0020 12D1     		bne	.L21
 131:Drivers/STM32H7xx_HAL_Driver/Src/stm32h7xx_hal_spi_ex.c ****   {
 132:Drivers/STM32H7xx_HAL_Driver/Src/stm32h7xx_hal_spi_ex.c ****     SET_BIT(hspi->Instance->CR1, SPI_CR1_IOLOCK);
 178              		.loc 1 132 5 is_stmt 1 view .LVU51
 179 0022 1168     		ldr	r1, [r2]
 180 0024 41F48031 		orr	r1, r1, #65536
 181 0028 1160     		str	r1, [r2]
 182              	.L22:
 133:Drivers/STM32H7xx_HAL_Driver/Src/stm32h7xx_hal_spi_ex.c ****   }
 134:Drivers/STM32H7xx_HAL_Driver/Src/stm32h7xx_hal_spi_ex.c ****   else
 135:Drivers/STM32H7xx_HAL_Driver/Src/stm32h7xx_hal_spi_ex.c ****   {
 136:Drivers/STM32H7xx_HAL_Driver/Src/stm32h7xx_hal_spi_ex.c ****     /* Disable SPI peripheral */
 137:Drivers/STM32H7xx_HAL_Driver/Src/stm32h7xx_hal_spi_ex.c ****     __HAL_SPI_DISABLE(hspi);
 138:Drivers/STM32H7xx_HAL_Driver/Src/stm32h7xx_hal_spi_ex.c **** 
 139:Drivers/STM32H7xx_HAL_Driver/Src/stm32h7xx_hal_spi_ex.c ****     SET_BIT(hspi->Instance->CR1, SPI_CR1_IOLOCK);
 140:Drivers/STM32H7xx_HAL_Driver/Src/stm32h7xx_hal_spi_ex.c **** 
 141:Drivers/STM32H7xx_HAL_Driver/Src/stm32h7xx_hal_spi_ex.c ****     /* Enable SPI peripheral */
 142:Drivers/STM32H7xx_HAL_Driver/Src/stm32h7xx_hal_spi_ex.c ****     __HAL_SPI_ENABLE(hspi);
 143:Drivers/STM32H7xx_HAL_Driver/Src/stm32h7xx_hal_spi_ex.c ****   }
 144:Drivers/STM32H7xx_HAL_Driver/Src/stm32h7xx_hal_spi_ex.c **** 
 145:Drivers/STM32H7xx_HAL_Driver/Src/stm32h7xx_hal_spi_ex.c ****   hspi->State = HAL_SPI_STATE_READY;
 183              		.loc 1 145 3 view .LVU52
 184              		.loc 1 145 15 is_stmt 0 view .LVU53
 185 002a 0122     		movs	r2, #1
 186 002c 83F88120 		strb	r2, [r3, #129]
 146:Drivers/STM32H7xx_HAL_Driver/Src/stm32h7xx_hal_spi_ex.c ****   /* Process Unlocked */
 147:Drivers/STM32H7xx_HAL_Driver/Src/stm32h7xx_hal_spi_ex.c ****   __HAL_UNLOCK(hspi);
 187              		.loc 1 147 3 is_stmt 1 view .LVU54
 188              		.loc 1 147 3 view .LVU55
ARM GAS  C:\Users\jason\AppData\Local\Temp\ccEO5S0o.s 			page 7


 189 0030 0020     		movs	r0, #0
 190              	.LVL10:
 191              		.loc 1 147 3 is_stmt 0 view .LVU56
 192 0032 83F88000 		strb	r0, [r3, #128]
 193              		.loc 1 147 3 is_stmt 1 view .LVU57
 148:Drivers/STM32H7xx_HAL_Driver/Src/stm32h7xx_hal_spi_ex.c ****   return errorcode;
 194              		.loc 1 148 3 view .LVU58
 195              		.loc 1 148 10 is_stmt 0 view .LVU59
 196 0036 7047     		bx	lr
 197              	.LVL11:
 198              	.L24:
 122:Drivers/STM32H7xx_HAL_Driver/Src/stm32h7xx_hal_spi_ex.c ****     hspi->State = HAL_SPI_STATE_READY;
 199              		.loc 1 122 5 is_stmt 1 view .LVU60
 123:Drivers/STM32H7xx_HAL_Driver/Src/stm32h7xx_hal_spi_ex.c ****     /* Process Unlocked */
 200              		.loc 1 123 5 view .LVU61
 123:Drivers/STM32H7xx_HAL_Driver/Src/stm32h7xx_hal_spi_ex.c ****     /* Process Unlocked */
 201              		.loc 1 123 17 is_stmt 0 view .LVU62
 202 0038 0122     		movs	r2, #1
 203 003a 80F88120 		strb	r2, [r0, #129]
 125:Drivers/STM32H7xx_HAL_Driver/Src/stm32h7xx_hal_spi_ex.c ****     return errorcode;
 204              		.loc 1 125 5 is_stmt 1 view .LVU63
 125:Drivers/STM32H7xx_HAL_Driver/Src/stm32h7xx_hal_spi_ex.c ****     return errorcode;
 205              		.loc 1 125 5 view .LVU64
 206 003e 0022     		movs	r2, #0
 207 0040 80F88020 		strb	r2, [r0, #128]
 125:Drivers/STM32H7xx_HAL_Driver/Src/stm32h7xx_hal_spi_ex.c ****     return errorcode;
 208              		.loc 1 125 5 view .LVU65
 126:Drivers/STM32H7xx_HAL_Driver/Src/stm32h7xx_hal_spi_ex.c ****   }
 209              		.loc 1 126 5 view .LVU66
 126:Drivers/STM32H7xx_HAL_Driver/Src/stm32h7xx_hal_spi_ex.c ****   }
 210              		.loc 1 126 12 is_stmt 0 view .LVU67
 211 0044 0220     		movs	r0, #2
 212              	.LVL12:
 126:Drivers/STM32H7xx_HAL_Driver/Src/stm32h7xx_hal_spi_ex.c ****   }
 213              		.loc 1 126 12 view .LVU68
 214 0046 7047     		bx	lr
 215              	.LVL13:
 216              	.L21:
 137:Drivers/STM32H7xx_HAL_Driver/Src/stm32h7xx_hal_spi_ex.c **** 
 217              		.loc 1 137 5 is_stmt 1 view .LVU69
 218 0048 1168     		ldr	r1, [r2]
 219 004a 21F00101 		bic	r1, r1, #1
 220 004e 1160     		str	r1, [r2]
 139:Drivers/STM32H7xx_HAL_Driver/Src/stm32h7xx_hal_spi_ex.c **** 
 221              		.loc 1 139 5 view .LVU70
 222 0050 0168     		ldr	r1, [r0]
 223 0052 0A68     		ldr	r2, [r1]
 224 0054 42F48032 		orr	r2, r2, #65536
 225 0058 0A60     		str	r2, [r1]
 142:Drivers/STM32H7xx_HAL_Driver/Src/stm32h7xx_hal_spi_ex.c ****   }
 226              		.loc 1 142 5 view .LVU71
 227 005a 0168     		ldr	r1, [r0]
 228 005c 0A68     		ldr	r2, [r1]
 229 005e 42F00102 		orr	r2, r2, #1
 230 0062 0A60     		str	r2, [r1]
 231 0064 E1E7     		b	.L22
 232              	.L23:
ARM GAS  C:\Users\jason\AppData\Local\Temp\ccEO5S0o.s 			page 8


 118:Drivers/STM32H7xx_HAL_Driver/Src/stm32h7xx_hal_spi_ex.c **** 
 233              		.loc 1 118 3 is_stmt 0 discriminator 1 view .LVU72
 234 0066 0220     		movs	r0, #2
 235              	.LVL14:
 149:Drivers/STM32H7xx_HAL_Driver/Src/stm32h7xx_hal_spi_ex.c **** }
 236              		.loc 1 149 1 view .LVU73
 237 0068 7047     		bx	lr
 238              		.cfi_endproc
 239              	.LFE145:
 241              		.section	.text.HAL_SPIEx_ConfigureUnderrun,"ax",%progbits
 242              		.align	1
 243              		.global	HAL_SPIEx_ConfigureUnderrun
 244              		.syntax unified
 245              		.thumb
 246              		.thumb_func
 248              	HAL_SPIEx_ConfigureUnderrun:
 249              	.LVL15:
 250              	.LFB146:
 150:Drivers/STM32H7xx_HAL_Driver/Src/stm32h7xx_hal_spi_ex.c **** 
 151:Drivers/STM32H7xx_HAL_Driver/Src/stm32h7xx_hal_spi_ex.c **** /**
 152:Drivers/STM32H7xx_HAL_Driver/Src/stm32h7xx_hal_spi_ex.c ****   * @brief  Configure the UNDERRUN condition and behavior of slave transmitter.
 153:Drivers/STM32H7xx_HAL_Driver/Src/stm32h7xx_hal_spi_ex.c ****   * @param  hspi: pointer to a SPI_HandleTypeDef structure that contains
 154:Drivers/STM32H7xx_HAL_Driver/Src/stm32h7xx_hal_spi_ex.c ****   *               the configuration information for SPI module.
 155:Drivers/STM32H7xx_HAL_Driver/Src/stm32h7xx_hal_spi_ex.c ****   * @param  UnderrunDetection : Detection of underrun condition at slave transmitter
 156:Drivers/STM32H7xx_HAL_Driver/Src/stm32h7xx_hal_spi_ex.c ****   *                             This parameter can be a value of @ref SPI_Underrun_Detection.
 157:Drivers/STM32H7xx_HAL_Driver/Src/stm32h7xx_hal_spi_ex.c ****   * @param  UnderrunBehaviour : Behavior of slave transmitter at underrun condition
 158:Drivers/STM32H7xx_HAL_Driver/Src/stm32h7xx_hal_spi_ex.c ****   *                             This parameter can be a value of @ref SPI_Underrun_Behaviour.
 159:Drivers/STM32H7xx_HAL_Driver/Src/stm32h7xx_hal_spi_ex.c ****   * @retval None
 160:Drivers/STM32H7xx_HAL_Driver/Src/stm32h7xx_hal_spi_ex.c ****   */
 161:Drivers/STM32H7xx_HAL_Driver/Src/stm32h7xx_hal_spi_ex.c **** HAL_StatusTypeDef HAL_SPIEx_ConfigureUnderrun(SPI_HandleTypeDef *hspi, uint32_t UnderrunDetection,
 162:Drivers/STM32H7xx_HAL_Driver/Src/stm32h7xx_hal_spi_ex.c ****                                               uint32_t UnderrunBehaviour)
 163:Drivers/STM32H7xx_HAL_Driver/Src/stm32h7xx_hal_spi_ex.c **** {
 251              		.loc 1 163 1 is_stmt 1 view -0
 252              		.cfi_startproc
 253              		@ args = 0, pretend = 0, frame = 0
 254              		@ frame_needed = 0, uses_anonymous_args = 0
 255              		@ link register save eliminated.
 164:Drivers/STM32H7xx_HAL_Driver/Src/stm32h7xx_hal_spi_ex.c ****   HAL_StatusTypeDef errorcode = HAL_OK;
 256              		.loc 1 164 3 view .LVU75
 165:Drivers/STM32H7xx_HAL_Driver/Src/stm32h7xx_hal_spi_ex.c **** 
 166:Drivers/STM32H7xx_HAL_Driver/Src/stm32h7xx_hal_spi_ex.c ****   /* Process Locked */
 167:Drivers/STM32H7xx_HAL_Driver/Src/stm32h7xx_hal_spi_ex.c ****   __HAL_LOCK(hspi);
 257              		.loc 1 167 3 view .LVU76
 258              		.loc 1 167 3 view .LVU77
 259 0000 90F88030 		ldrb	r3, [r0, #128]	@ zero_extendqisi2
 260 0004 012B     		cmp	r3, #1
 261 0006 46D0     		beq	.L31
 262              		.loc 1 167 3 discriminator 2 view .LVU78
 263 0008 0123     		movs	r3, #1
 264 000a 80F88030 		strb	r3, [r0, #128]
 265              		.loc 1 167 3 view .LVU79
 168:Drivers/STM32H7xx_HAL_Driver/Src/stm32h7xx_hal_spi_ex.c **** 
 169:Drivers/STM32H7xx_HAL_Driver/Src/stm32h7xx_hal_spi_ex.c ****   /* Check State and Insure that Underrun configuration is managed only by Salve */
 170:Drivers/STM32H7xx_HAL_Driver/Src/stm32h7xx_hal_spi_ex.c ****   if ((hspi->State != HAL_SPI_STATE_READY) || (hspi->Init.Mode != SPI_MODE_SLAVE))
 266              		.loc 1 170 3 view .LVU80
 267              		.loc 1 170 12 is_stmt 0 view .LVU81
 268 000e 90F88130 		ldrb	r3, [r0, #129]	@ zero_extendqisi2
ARM GAS  C:\Users\jason\AppData\Local\Temp\ccEO5S0o.s 			page 9


 269              		.loc 1 170 6 view .LVU82
 270 0012 012B     		cmp	r3, #1
 271 0014 1CD1     		bne	.L27
 272              		.loc 1 170 58 discriminator 1 view .LVU83
 273 0016 4368     		ldr	r3, [r0, #4]
 274              		.loc 1 170 44 discriminator 1 view .LVU84
 275 0018 D3B9     		cbnz	r3, .L27
 171:Drivers/STM32H7xx_HAL_Driver/Src/stm32h7xx_hal_spi_ex.c ****   {
 172:Drivers/STM32H7xx_HAL_Driver/Src/stm32h7xx_hal_spi_ex.c ****     errorcode = HAL_BUSY;
 173:Drivers/STM32H7xx_HAL_Driver/Src/stm32h7xx_hal_spi_ex.c ****     hspi->State = HAL_SPI_STATE_READY;
 174:Drivers/STM32H7xx_HAL_Driver/Src/stm32h7xx_hal_spi_ex.c ****     /* Process Unlocked */
 175:Drivers/STM32H7xx_HAL_Driver/Src/stm32h7xx_hal_spi_ex.c ****     __HAL_UNLOCK(hspi);
 176:Drivers/STM32H7xx_HAL_Driver/Src/stm32h7xx_hal_spi_ex.c ****     return errorcode;
 177:Drivers/STM32H7xx_HAL_Driver/Src/stm32h7xx_hal_spi_ex.c ****   }
 178:Drivers/STM32H7xx_HAL_Driver/Src/stm32h7xx_hal_spi_ex.c **** 
 179:Drivers/STM32H7xx_HAL_Driver/Src/stm32h7xx_hal_spi_ex.c ****   /* Check the parameters */
 180:Drivers/STM32H7xx_HAL_Driver/Src/stm32h7xx_hal_spi_ex.c ****   assert_param(IS_SPI_UNDERRUN_DETECTION(UnderrunDetection));
 276              		.loc 1 180 3 is_stmt 1 view .LVU85
 181:Drivers/STM32H7xx_HAL_Driver/Src/stm32h7xx_hal_spi_ex.c ****   assert_param(IS_SPI_UNDERRUN_BEHAVIOUR(UnderrunBehaviour));
 277              		.loc 1 181 3 view .LVU86
 182:Drivers/STM32H7xx_HAL_Driver/Src/stm32h7xx_hal_spi_ex.c **** 
 183:Drivers/STM32H7xx_HAL_Driver/Src/stm32h7xx_hal_spi_ex.c ****   /* Check if the SPI is disabled to edit CFG1 register */
 184:Drivers/STM32H7xx_HAL_Driver/Src/stm32h7xx_hal_spi_ex.c ****   if ((hspi->Instance->CR1 & SPI_CR1_SPE) != SPI_CR1_SPE)
 278              		.loc 1 184 3 view .LVU87
 279              		.loc 1 184 12 is_stmt 0 view .LVU88
 280 001a 0368     		ldr	r3, [r0]
 281              		.loc 1 184 22 view .LVU89
 282 001c D3F800C0 		ldr	ip, [r3]
 283              		.loc 1 184 6 view .LVU90
 284 0020 1CF0010F 		tst	ip, #1
 285 0024 1CD1     		bne	.L29
 185:Drivers/STM32H7xx_HAL_Driver/Src/stm32h7xx_hal_spi_ex.c ****   {
 186:Drivers/STM32H7xx_HAL_Driver/Src/stm32h7xx_hal_spi_ex.c ****     /* Configure Underrun fields */
 187:Drivers/STM32H7xx_HAL_Driver/Src/stm32h7xx_hal_spi_ex.c ****     MODIFY_REG(hspi->Instance->CFG1, SPI_CFG1_UDRDET, UnderrunDetection);
 286              		.loc 1 187 5 is_stmt 1 view .LVU91
 287 0026 D3F808C0 		ldr	ip, [r3, #8]
 288 002a 2CF4C05C 		bic	ip, ip, #6144
 289 002e 4CEA0101 		orr	r1, ip, r1
 290              	.LVL16:
 291              		.loc 1 187 5 is_stmt 0 view .LVU92
 292 0032 9960     		str	r1, [r3, #8]
 188:Drivers/STM32H7xx_HAL_Driver/Src/stm32h7xx_hal_spi_ex.c ****     MODIFY_REG(hspi->Instance->CFG1, SPI_CFG1_UDRCFG, UnderrunBehaviour);
 293              		.loc 1 188 5 is_stmt 1 view .LVU93
 294 0034 0168     		ldr	r1, [r0]
 295 0036 8B68     		ldr	r3, [r1, #8]
 296 0038 23F4C063 		bic	r3, r3, #1536
 297 003c 1343     		orrs	r3, r3, r2
 298 003e 8B60     		str	r3, [r1, #8]
 299              	.LVL17:
 300              	.L30:
 189:Drivers/STM32H7xx_HAL_Driver/Src/stm32h7xx_hal_spi_ex.c ****   }
 190:Drivers/STM32H7xx_HAL_Driver/Src/stm32h7xx_hal_spi_ex.c ****   else
 191:Drivers/STM32H7xx_HAL_Driver/Src/stm32h7xx_hal_spi_ex.c ****   {
 192:Drivers/STM32H7xx_HAL_Driver/Src/stm32h7xx_hal_spi_ex.c ****     /* Disable SPI peripheral */
 193:Drivers/STM32H7xx_HAL_Driver/Src/stm32h7xx_hal_spi_ex.c ****     __HAL_SPI_DISABLE(hspi);
 194:Drivers/STM32H7xx_HAL_Driver/Src/stm32h7xx_hal_spi_ex.c **** 
 195:Drivers/STM32H7xx_HAL_Driver/Src/stm32h7xx_hal_spi_ex.c ****     /* Configure Underrun fields */
ARM GAS  C:\Users\jason\AppData\Local\Temp\ccEO5S0o.s 			page 10


 196:Drivers/STM32H7xx_HAL_Driver/Src/stm32h7xx_hal_spi_ex.c ****     MODIFY_REG(hspi->Instance->CFG1, SPI_CFG1_UDRDET, UnderrunDetection);
 197:Drivers/STM32H7xx_HAL_Driver/Src/stm32h7xx_hal_spi_ex.c ****     MODIFY_REG(hspi->Instance->CFG1, SPI_CFG1_UDRCFG, UnderrunBehaviour);
 198:Drivers/STM32H7xx_HAL_Driver/Src/stm32h7xx_hal_spi_ex.c **** 
 199:Drivers/STM32H7xx_HAL_Driver/Src/stm32h7xx_hal_spi_ex.c ****     /* Enable SPI peripheral */
 200:Drivers/STM32H7xx_HAL_Driver/Src/stm32h7xx_hal_spi_ex.c ****     __HAL_SPI_ENABLE(hspi);
 201:Drivers/STM32H7xx_HAL_Driver/Src/stm32h7xx_hal_spi_ex.c ****   }
 202:Drivers/STM32H7xx_HAL_Driver/Src/stm32h7xx_hal_spi_ex.c **** 
 203:Drivers/STM32H7xx_HAL_Driver/Src/stm32h7xx_hal_spi_ex.c **** 
 204:Drivers/STM32H7xx_HAL_Driver/Src/stm32h7xx_hal_spi_ex.c ****   hspi->State = HAL_SPI_STATE_READY;
 301              		.loc 1 204 3 view .LVU94
 302              		.loc 1 204 15 is_stmt 0 view .LVU95
 303 0040 0123     		movs	r3, #1
 304 0042 80F88130 		strb	r3, [r0, #129]
 205:Drivers/STM32H7xx_HAL_Driver/Src/stm32h7xx_hal_spi_ex.c ****   /* Process Unlocked */
 206:Drivers/STM32H7xx_HAL_Driver/Src/stm32h7xx_hal_spi_ex.c ****   __HAL_UNLOCK(hspi);
 305              		.loc 1 206 3 is_stmt 1 view .LVU96
 306              		.loc 1 206 3 view .LVU97
 307 0046 0023     		movs	r3, #0
 308 0048 80F88030 		strb	r3, [r0, #128]
 309              		.loc 1 206 3 view .LVU98
 207:Drivers/STM32H7xx_HAL_Driver/Src/stm32h7xx_hal_spi_ex.c ****   return errorcode;
 310              		.loc 1 207 3 view .LVU99
 311              		.loc 1 207 10 is_stmt 0 view .LVU100
 312 004c 1846     		mov	r0, r3
 313              	.LVL18:
 314              		.loc 1 207 10 view .LVU101
 315 004e 7047     		bx	lr
 316              	.LVL19:
 317              	.L27:
 172:Drivers/STM32H7xx_HAL_Driver/Src/stm32h7xx_hal_spi_ex.c ****     hspi->State = HAL_SPI_STATE_READY;
 318              		.loc 1 172 5 is_stmt 1 view .LVU102
 173:Drivers/STM32H7xx_HAL_Driver/Src/stm32h7xx_hal_spi_ex.c ****     /* Process Unlocked */
 319              		.loc 1 173 5 view .LVU103
 173:Drivers/STM32H7xx_HAL_Driver/Src/stm32h7xx_hal_spi_ex.c ****     /* Process Unlocked */
 320              		.loc 1 173 17 is_stmt 0 view .LVU104
 321 0050 0123     		movs	r3, #1
 322 0052 80F88130 		strb	r3, [r0, #129]
 175:Drivers/STM32H7xx_HAL_Driver/Src/stm32h7xx_hal_spi_ex.c ****     return errorcode;
 323              		.loc 1 175 5 is_stmt 1 view .LVU105
 175:Drivers/STM32H7xx_HAL_Driver/Src/stm32h7xx_hal_spi_ex.c ****     return errorcode;
 324              		.loc 1 175 5 view .LVU106
 325 0056 0023     		movs	r3, #0
 326 0058 80F88030 		strb	r3, [r0, #128]
 175:Drivers/STM32H7xx_HAL_Driver/Src/stm32h7xx_hal_spi_ex.c ****     return errorcode;
 327              		.loc 1 175 5 view .LVU107
 176:Drivers/STM32H7xx_HAL_Driver/Src/stm32h7xx_hal_spi_ex.c ****   }
 328              		.loc 1 176 5 view .LVU108
 176:Drivers/STM32H7xx_HAL_Driver/Src/stm32h7xx_hal_spi_ex.c ****   }
 329              		.loc 1 176 12 is_stmt 0 view .LVU109
 330 005c 0220     		movs	r0, #2
 331              	.LVL20:
 176:Drivers/STM32H7xx_HAL_Driver/Src/stm32h7xx_hal_spi_ex.c ****   }
 332              		.loc 1 176 12 view .LVU110
 333 005e 7047     		bx	lr
 334              	.LVL21:
 335              	.L29:
 193:Drivers/STM32H7xx_HAL_Driver/Src/stm32h7xx_hal_spi_ex.c **** 
ARM GAS  C:\Users\jason\AppData\Local\Temp\ccEO5S0o.s 			page 11


 336              		.loc 1 193 5 is_stmt 1 view .LVU111
 337 0060 D3F800C0 		ldr	ip, [r3]
 338 0064 2CF0010C 		bic	ip, ip, #1
 339 0068 C3F800C0 		str	ip, [r3]
 196:Drivers/STM32H7xx_HAL_Driver/Src/stm32h7xx_hal_spi_ex.c ****     MODIFY_REG(hspi->Instance->CFG1, SPI_CFG1_UDRCFG, UnderrunBehaviour);
 340              		.loc 1 196 5 view .LVU112
 341 006c D0F800C0 		ldr	ip, [r0]
 342 0070 DCF80830 		ldr	r3, [ip, #8]
 343 0074 23F4C053 		bic	r3, r3, #6144
 344 0078 0B43     		orrs	r3, r3, r1
 345 007a CCF80830 		str	r3, [ip, #8]
 197:Drivers/STM32H7xx_HAL_Driver/Src/stm32h7xx_hal_spi_ex.c **** 
 346              		.loc 1 197 5 view .LVU113
 347 007e 0168     		ldr	r1, [r0]
 348              	.LVL22:
 197:Drivers/STM32H7xx_HAL_Driver/Src/stm32h7xx_hal_spi_ex.c **** 
 349              		.loc 1 197 5 is_stmt 0 view .LVU114
 350 0080 8B68     		ldr	r3, [r1, #8]
 351 0082 23F4C063 		bic	r3, r3, #1536
 352 0086 1343     		orrs	r3, r3, r2
 353 0088 8B60     		str	r3, [r1, #8]
 200:Drivers/STM32H7xx_HAL_Driver/Src/stm32h7xx_hal_spi_ex.c ****   }
 354              		.loc 1 200 5 is_stmt 1 view .LVU115
 355 008a 0268     		ldr	r2, [r0]
 356              	.LVL23:
 200:Drivers/STM32H7xx_HAL_Driver/Src/stm32h7xx_hal_spi_ex.c ****   }
 357              		.loc 1 200 5 is_stmt 0 view .LVU116
 358 008c 1368     		ldr	r3, [r2]
 359 008e 43F00103 		orr	r3, r3, #1
 360 0092 1360     		str	r3, [r2]
 361 0094 D4E7     		b	.L30
 362              	.LVL24:
 363              	.L31:
 167:Drivers/STM32H7xx_HAL_Driver/Src/stm32h7xx_hal_spi_ex.c **** 
 364              		.loc 1 167 3 discriminator 1 view .LVU117
 365 0096 0220     		movs	r0, #2
 366              	.LVL25:
 208:Drivers/STM32H7xx_HAL_Driver/Src/stm32h7xx_hal_spi_ex.c **** }
 367              		.loc 1 208 1 view .LVU118
 368 0098 7047     		bx	lr
 369              		.cfi_endproc
 370              	.LFE146:
 372              		.text
 373              	.Letext0:
 374              		.file 2 "C:/Users/jason/AppData/Roaming/Code/User/globalStorage/bmd.stm32-for-vscode/@xpack-dev-to
 375              		.file 3 "C:/Users/jason/AppData/Roaming/Code/User/globalStorage/bmd.stm32-for-vscode/@xpack-dev-to
 376              		.file 4 "Drivers/CMSIS/Device/ST/STM32H7xx/Include/stm32h750xx.h"
 377              		.file 5 "Drivers/STM32H7xx_HAL_Driver/Inc/stm32h7xx_hal_def.h"
 378              		.file 6 "Drivers/STM32H7xx_HAL_Driver/Inc/stm32h7xx_hal_dma.h"
 379              		.file 7 "Drivers/STM32H7xx_HAL_Driver/Inc/stm32h7xx_hal_spi.h"
ARM GAS  C:\Users\jason\AppData\Local\Temp\ccEO5S0o.s 			page 12


DEFINED SYMBOLS
                            *ABS*:00000000 stm32h7xx_hal_spi_ex.c
C:\Users\jason\AppData\Local\Temp\ccEO5S0o.s:20     .text.HAL_SPIEx_FlushRxFifo:00000000 $t
C:\Users\jason\AppData\Local\Temp\ccEO5S0o.s:26     .text.HAL_SPIEx_FlushRxFifo:00000000 HAL_SPIEx_FlushRxFifo
C:\Users\jason\AppData\Local\Temp\ccEO5S0o.s:131    .text.HAL_SPIEx_FlushRxFifo:00000060 $d
C:\Users\jason\AppData\Local\Temp\ccEO5S0o.s:137    .text.HAL_SPIEx_EnableLockConfiguration:00000000 $t
C:\Users\jason\AppData\Local\Temp\ccEO5S0o.s:143    .text.HAL_SPIEx_EnableLockConfiguration:00000000 HAL_SPIEx_EnableLockConfiguration
C:\Users\jason\AppData\Local\Temp\ccEO5S0o.s:242    .text.HAL_SPIEx_ConfigureUnderrun:00000000 $t
C:\Users\jason\AppData\Local\Temp\ccEO5S0o.s:248    .text.HAL_SPIEx_ConfigureUnderrun:00000000 HAL_SPIEx_ConfigureUnderrun

NO UNDEFINED SYMBOLS
