ARM GAS  C:\Users\jason\AppData\Local\Temp\ccZBhJMb.s 			page 1


   1              		.cpu cortex-m7
   2              		.arch armv7e-m
   3              		.fpu fpv5-d16
   4              		.eabi_attribute 28, 1
   5              		.eabi_attribute 20, 1
   6              		.eabi_attribute 21, 1
   7              		.eabi_attribute 23, 3
   8              		.eabi_attribute 24, 1
   9              		.eabi_attribute 25, 1
  10              		.eabi_attribute 26, 1
  11              		.eabi_attribute 30, 1
  12              		.eabi_attribute 34, 1
  13              		.eabi_attribute 18, 4
  14              		.file	"syscall.c"
  15              		.text
  16              	.Ltext0:
  17              		.cfi_sections	.debug_frame
  18              		.file 1 "Middlewares/Third_Party/FatFs/src/option/syscall.c"
  19              		.section	.text.ff_cre_syncobj,"ax",%progbits
  20              		.align	1
  21              		.global	ff_cre_syncobj
  22              		.syntax unified
  23              		.thumb
  24              		.thumb_func
  26              	ff_cre_syncobj:
  27              	.LVL0:
  28              	.LFB148:
   1:Middlewares/Third_Party/FatFs/src/option/syscall.c **** /*------------------------------------------------------------------------*/
   2:Middlewares/Third_Party/FatFs/src/option/syscall.c **** /* Sample code of OS dependent controls for FatFs                         */
   3:Middlewares/Third_Party/FatFs/src/option/syscall.c **** /* (C)ChaN, 2014                                                          */
   4:Middlewares/Third_Party/FatFs/src/option/syscall.c **** /*   Portions COPYRIGHT 2017 STMicroelectronics                           */
   5:Middlewares/Third_Party/FatFs/src/option/syscall.c **** /*   Portions Copyright (C) 2014, ChaN, all right reserved                */
   6:Middlewares/Third_Party/FatFs/src/option/syscall.c **** /*------------------------------------------------------------------------*/
   7:Middlewares/Third_Party/FatFs/src/option/syscall.c **** 
   8:Middlewares/Third_Party/FatFs/src/option/syscall.c **** /**
   9:Middlewares/Third_Party/FatFs/src/option/syscall.c ****   ******************************************************************************
  10:Middlewares/Third_Party/FatFs/src/option/syscall.c ****   * @attention
  11:Middlewares/Third_Party/FatFs/src/option/syscall.c ****   *
  12:Middlewares/Third_Party/FatFs/src/option/syscall.c ****   * Copyright (c) 2017 STMicroelectronics. All rights reserved.
  13:Middlewares/Third_Party/FatFs/src/option/syscall.c ****   *
  14:Middlewares/Third_Party/FatFs/src/option/syscall.c ****   * This software component is licensed by ST under BSD 3-Clause license,
  15:Middlewares/Third_Party/FatFs/src/option/syscall.c ****   * the "License"; You may not use this file except in compliance with the
  16:Middlewares/Third_Party/FatFs/src/option/syscall.c ****   * License. You may obtain a copy of the License at:
  17:Middlewares/Third_Party/FatFs/src/option/syscall.c ****   *                       opensource.org/licenses/BSD-3-Clause
  18:Middlewares/Third_Party/FatFs/src/option/syscall.c ****   *
  19:Middlewares/Third_Party/FatFs/src/option/syscall.c ****   ******************************************************************************
  20:Middlewares/Third_Party/FatFs/src/option/syscall.c **** **/
  21:Middlewares/Third_Party/FatFs/src/option/syscall.c **** 
  22:Middlewares/Third_Party/FatFs/src/option/syscall.c **** 
  23:Middlewares/Third_Party/FatFs/src/option/syscall.c **** 
  24:Middlewares/Third_Party/FatFs/src/option/syscall.c **** #include "../ff.h"
  25:Middlewares/Third_Party/FatFs/src/option/syscall.c **** 
  26:Middlewares/Third_Party/FatFs/src/option/syscall.c **** 
  27:Middlewares/Third_Party/FatFs/src/option/syscall.c **** #if _FS_REENTRANT
  28:Middlewares/Third_Party/FatFs/src/option/syscall.c **** /*------------------------------------------------------------------------*/
  29:Middlewares/Third_Party/FatFs/src/option/syscall.c **** /* Create a Synchronization Object                                        */
  30:Middlewares/Third_Party/FatFs/src/option/syscall.c **** /*------------------------------------------------------------------------*/
ARM GAS  C:\Users\jason\AppData\Local\Temp\ccZBhJMb.s 			page 2


  31:Middlewares/Third_Party/FatFs/src/option/syscall.c **** /* This function is called in f_mount() function to create a new
  32:Middlewares/Third_Party/FatFs/src/option/syscall.c **** /  synchronization object, such as semaphore and mutex. When a 0 is returned,
  33:Middlewares/Third_Party/FatFs/src/option/syscall.c **** /  the f_mount() function fails with FR_INT_ERR.
  34:Middlewares/Third_Party/FatFs/src/option/syscall.c **** */
  35:Middlewares/Third_Party/FatFs/src/option/syscall.c **** 
  36:Middlewares/Third_Party/FatFs/src/option/syscall.c **** int ff_cre_syncobj (	/* 1:Function succeeded, 0:Could not create the sync object */
  37:Middlewares/Third_Party/FatFs/src/option/syscall.c **** 	BYTE vol,			/* Corresponding volume (logical drive number) */
  38:Middlewares/Third_Party/FatFs/src/option/syscall.c **** 	_SYNC_t *sobj		/* Pointer to return the created sync object */
  39:Middlewares/Third_Party/FatFs/src/option/syscall.c **** )
  40:Middlewares/Third_Party/FatFs/src/option/syscall.c **** {
  29              		.loc 1 40 1 view -0
  30              		.cfi_startproc
  31              		@ args = 0, pretend = 0, frame = 0
  32              		@ frame_needed = 0, uses_anonymous_args = 0
  33              		.loc 1 40 1 is_stmt 0 view .LVU1
  34 0000 10B5     		push	{r4, lr}
  35              		.cfi_def_cfa_offset 8
  36              		.cfi_offset 4, -8
  37              		.cfi_offset 14, -4
  38 0002 0C46     		mov	r4, r1
  41:Middlewares/Third_Party/FatFs/src/option/syscall.c **** 
  42:Middlewares/Third_Party/FatFs/src/option/syscall.c ****     int ret;
  39              		.loc 1 42 5 is_stmt 1 view .LVU2
  43:Middlewares/Third_Party/FatFs/src/option/syscall.c **** #if _USE_MUTEX
  44:Middlewares/Third_Party/FatFs/src/option/syscall.c **** 
  45:Middlewares/Third_Party/FatFs/src/option/syscall.c **** #if (osCMSIS < 0x20000U)
  46:Middlewares/Third_Party/FatFs/src/option/syscall.c ****     osMutexDef(MTX);
  47:Middlewares/Third_Party/FatFs/src/option/syscall.c ****     *sobj = osMutexCreate(osMutex(MTX));
  48:Middlewares/Third_Party/FatFs/src/option/syscall.c **** #else
  49:Middlewares/Third_Party/FatFs/src/option/syscall.c ****     *sobj = osMutexNew(NULL);
  50:Middlewares/Third_Party/FatFs/src/option/syscall.c **** #endif
  51:Middlewares/Third_Party/FatFs/src/option/syscall.c **** 
  52:Middlewares/Third_Party/FatFs/src/option/syscall.c **** #else
  53:Middlewares/Third_Party/FatFs/src/option/syscall.c **** 
  54:Middlewares/Third_Party/FatFs/src/option/syscall.c **** #if (osCMSIS < 0x20000U)
  55:Middlewares/Third_Party/FatFs/src/option/syscall.c ****     osSemaphoreDef(SEM);
  56:Middlewares/Third_Party/FatFs/src/option/syscall.c ****     *sobj = osSemaphoreCreate(osSemaphore(SEM), 1);
  57:Middlewares/Third_Party/FatFs/src/option/syscall.c **** #else
  58:Middlewares/Third_Party/FatFs/src/option/syscall.c ****     *sobj = osSemaphoreNew(1, 1, NULL);
  40              		.loc 1 58 5 view .LVU3
  41              		.loc 1 58 13 is_stmt 0 view .LVU4
  42 0004 0022     		movs	r2, #0
  43 0006 0121     		movs	r1, #1
  44              	.LVL1:
  45              		.loc 1 58 13 view .LVU5
  46 0008 0846     		mov	r0, r1
  47              	.LVL2:
  48              		.loc 1 58 13 view .LVU6
  49 000a FFF7FEFF 		bl	osSemaphoreNew
  50              	.LVL3:
  51              		.loc 1 58 11 discriminator 1 view .LVU7
  52 000e 2060     		str	r0, [r4]
  59:Middlewares/Third_Party/FatFs/src/option/syscall.c **** #endif
  60:Middlewares/Third_Party/FatFs/src/option/syscall.c **** 
  61:Middlewares/Third_Party/FatFs/src/option/syscall.c **** #endif
  62:Middlewares/Third_Party/FatFs/src/option/syscall.c ****     ret = (*sobj != NULL);
  53              		.loc 1 62 5 is_stmt 1 view .LVU8
ARM GAS  C:\Users\jason\AppData\Local\Temp\ccZBhJMb.s 			page 3


  54              	.LVL4:
  63:Middlewares/Third_Party/FatFs/src/option/syscall.c **** 
  64:Middlewares/Third_Party/FatFs/src/option/syscall.c ****     return ret;
  55              		.loc 1 64 5 view .LVU9
  65:Middlewares/Third_Party/FatFs/src/option/syscall.c **** }
  56              		.loc 1 65 1 is_stmt 0 view .LVU10
  57 0010 0038     		subs	r0, r0, #0
  58              	.LVL5:
  59              		.loc 1 65 1 view .LVU11
  60 0012 18BF     		it	ne
  61 0014 0120     		movne	r0, #1
  62 0016 10BD     		pop	{r4, pc}
  63              		.loc 1 65 1 view .LVU12
  64              		.cfi_endproc
  65              	.LFE148:
  67              		.section	.text.ff_del_syncobj,"ax",%progbits
  68              		.align	1
  69              		.global	ff_del_syncobj
  70              		.syntax unified
  71              		.thumb
  72              		.thumb_func
  74              	ff_del_syncobj:
  75              	.LVL6:
  76              	.LFB149:
  66:Middlewares/Third_Party/FatFs/src/option/syscall.c **** 
  67:Middlewares/Third_Party/FatFs/src/option/syscall.c **** 
  68:Middlewares/Third_Party/FatFs/src/option/syscall.c **** 
  69:Middlewares/Third_Party/FatFs/src/option/syscall.c **** /*------------------------------------------------------------------------*/
  70:Middlewares/Third_Party/FatFs/src/option/syscall.c **** /* Delete a Synchronization Object                                        */
  71:Middlewares/Third_Party/FatFs/src/option/syscall.c **** /*------------------------------------------------------------------------*/
  72:Middlewares/Third_Party/FatFs/src/option/syscall.c **** /* This function is called in f_mount() function to delete a synchronization
  73:Middlewares/Third_Party/FatFs/src/option/syscall.c **** /  object that created with ff_cre_syncobj() function. When a 0 is returned,
  74:Middlewares/Third_Party/FatFs/src/option/syscall.c **** /  the f_mount() function fails with FR_INT_ERR.
  75:Middlewares/Third_Party/FatFs/src/option/syscall.c **** */
  76:Middlewares/Third_Party/FatFs/src/option/syscall.c **** 
  77:Middlewares/Third_Party/FatFs/src/option/syscall.c **** int ff_del_syncobj (	/* 1:Function succeeded, 0:Could not delete due to any error */
  78:Middlewares/Third_Party/FatFs/src/option/syscall.c **** 	_SYNC_t sobj		/* Sync object tied to the logical drive to be deleted */
  79:Middlewares/Third_Party/FatFs/src/option/syscall.c **** )
  80:Middlewares/Third_Party/FatFs/src/option/syscall.c **** {
  77              		.loc 1 80 1 is_stmt 1 view -0
  78              		.cfi_startproc
  79              		@ args = 0, pretend = 0, frame = 0
  80              		@ frame_needed = 0, uses_anonymous_args = 0
  81              		.loc 1 80 1 is_stmt 0 view .LVU14
  82 0000 08B5     		push	{r3, lr}
  83              		.cfi_def_cfa_offset 8
  84              		.cfi_offset 3, -8
  85              		.cfi_offset 14, -4
  81:Middlewares/Third_Party/FatFs/src/option/syscall.c **** #if _USE_MUTEX
  82:Middlewares/Third_Party/FatFs/src/option/syscall.c ****     osMutexDelete (sobj);
  83:Middlewares/Third_Party/FatFs/src/option/syscall.c **** #else
  84:Middlewares/Third_Party/FatFs/src/option/syscall.c ****     osSemaphoreDelete (sobj);
  86              		.loc 1 84 5 is_stmt 1 view .LVU15
  87 0002 FFF7FEFF 		bl	osSemaphoreDelete
  88              	.LVL7:
  85:Middlewares/Third_Party/FatFs/src/option/syscall.c **** #endif
  86:Middlewares/Third_Party/FatFs/src/option/syscall.c ****     return 1;
ARM GAS  C:\Users\jason\AppData\Local\Temp\ccZBhJMb.s 			page 4


  89              		.loc 1 86 5 view .LVU16
  87:Middlewares/Third_Party/FatFs/src/option/syscall.c **** }
  90              		.loc 1 87 1 is_stmt 0 view .LVU17
  91 0006 0120     		movs	r0, #1
  92 0008 08BD     		pop	{r3, pc}
  93              		.cfi_endproc
  94              	.LFE149:
  96              		.section	.text.ff_req_grant,"ax",%progbits
  97              		.align	1
  98              		.global	ff_req_grant
  99              		.syntax unified
 100              		.thumb
 101              		.thumb_func
 103              	ff_req_grant:
 104              	.LVL8:
 105              	.LFB150:
  88:Middlewares/Third_Party/FatFs/src/option/syscall.c **** 
  89:Middlewares/Third_Party/FatFs/src/option/syscall.c **** 
  90:Middlewares/Third_Party/FatFs/src/option/syscall.c **** 
  91:Middlewares/Third_Party/FatFs/src/option/syscall.c **** /*------------------------------------------------------------------------*/
  92:Middlewares/Third_Party/FatFs/src/option/syscall.c **** /* Request Grant to Access the Volume                                     */
  93:Middlewares/Third_Party/FatFs/src/option/syscall.c **** /*------------------------------------------------------------------------*/
  94:Middlewares/Third_Party/FatFs/src/option/syscall.c **** /* This function is called on entering file functions to lock the volume.
  95:Middlewares/Third_Party/FatFs/src/option/syscall.c **** /  When a 0 is returned, the file function fails with FR_TIMEOUT.
  96:Middlewares/Third_Party/FatFs/src/option/syscall.c **** */
  97:Middlewares/Third_Party/FatFs/src/option/syscall.c **** 
  98:Middlewares/Third_Party/FatFs/src/option/syscall.c **** int ff_req_grant (	/* 1:Got a grant to access the volume, 0:Could not get a grant */
  99:Middlewares/Third_Party/FatFs/src/option/syscall.c **** 	_SYNC_t sobj	/* Sync object to wait */
 100:Middlewares/Third_Party/FatFs/src/option/syscall.c **** )
 101:Middlewares/Third_Party/FatFs/src/option/syscall.c **** {
 106              		.loc 1 101 1 is_stmt 1 view -0
 107              		.cfi_startproc
 108              		@ args = 0, pretend = 0, frame = 0
 109              		@ frame_needed = 0, uses_anonymous_args = 0
 110              		.loc 1 101 1 is_stmt 0 view .LVU19
 111 0000 08B5     		push	{r3, lr}
 112              		.cfi_def_cfa_offset 8
 113              		.cfi_offset 3, -8
 114              		.cfi_offset 14, -4
 102:Middlewares/Third_Party/FatFs/src/option/syscall.c ****   int ret = 0;
 115              		.loc 1 102 3 is_stmt 1 view .LVU20
 116              	.LVL9:
 103:Middlewares/Third_Party/FatFs/src/option/syscall.c **** #if (osCMSIS < 0x20000U)
 104:Middlewares/Third_Party/FatFs/src/option/syscall.c **** 
 105:Middlewares/Third_Party/FatFs/src/option/syscall.c **** #if _USE_MUTEX
 106:Middlewares/Third_Party/FatFs/src/option/syscall.c ****   if(osMutexWait(sobj, _FS_TIMEOUT) == osOK)
 107:Middlewares/Third_Party/FatFs/src/option/syscall.c **** #else
 108:Middlewares/Third_Party/FatFs/src/option/syscall.c ****   if(osSemaphoreWait(sobj, _FS_TIMEOUT) == osOK)
 109:Middlewares/Third_Party/FatFs/src/option/syscall.c **** #endif
 110:Middlewares/Third_Party/FatFs/src/option/syscall.c **** 
 111:Middlewares/Third_Party/FatFs/src/option/syscall.c **** #else
 112:Middlewares/Third_Party/FatFs/src/option/syscall.c **** 
 113:Middlewares/Third_Party/FatFs/src/option/syscall.c **** #if _USE_MUTEX
 114:Middlewares/Third_Party/FatFs/src/option/syscall.c ****    if(osMutexAcquire(sobj, _FS_TIMEOUT) == osOK)
 115:Middlewares/Third_Party/FatFs/src/option/syscall.c **** #else
 116:Middlewares/Third_Party/FatFs/src/option/syscall.c ****    if(osSemaphoreAcquire(sobj, _FS_TIMEOUT) == osOK)
 117              		.loc 1 116 4 view .LVU21
ARM GAS  C:\Users\jason\AppData\Local\Temp\ccZBhJMb.s 			page 5


 118              		.loc 1 116 7 is_stmt 0 view .LVU22
 119 0002 4FF47A71 		mov	r1, #1000
 120 0006 FFF7FEFF 		bl	osSemaphoreAcquire
 121              	.LVL10:
 122              		.loc 1 116 6 discriminator 1 view .LVU23
 123 000a 08B1     		cbz	r0, .L7
 102:Middlewares/Third_Party/FatFs/src/option/syscall.c ****   int ret = 0;
 124              		.loc 1 102 7 view .LVU24
 125 000c 0020     		movs	r0, #0
 126              	.LVL11:
 127              	.L5:
 117:Middlewares/Third_Party/FatFs/src/option/syscall.c **** #endif
 118:Middlewares/Third_Party/FatFs/src/option/syscall.c **** 
 119:Middlewares/Third_Party/FatFs/src/option/syscall.c **** #endif
 120:Middlewares/Third_Party/FatFs/src/option/syscall.c ****   {
 121:Middlewares/Third_Party/FatFs/src/option/syscall.c ****     ret = 1;
 122:Middlewares/Third_Party/FatFs/src/option/syscall.c ****   }
 123:Middlewares/Third_Party/FatFs/src/option/syscall.c **** 
 124:Middlewares/Third_Party/FatFs/src/option/syscall.c ****   return ret;
 125:Middlewares/Third_Party/FatFs/src/option/syscall.c **** }
 128              		.loc 1 125 1 view .LVU25
 129 000e 08BD     		pop	{r3, pc}
 130              	.LVL12:
 131              	.L7:
 121:Middlewares/Third_Party/FatFs/src/option/syscall.c ****   }
 132              		.loc 1 121 9 view .LVU26
 133 0010 0120     		movs	r0, #1
 134              	.LVL13:
 124:Middlewares/Third_Party/FatFs/src/option/syscall.c **** }
 135              		.loc 1 124 3 is_stmt 1 view .LVU27
 124:Middlewares/Third_Party/FatFs/src/option/syscall.c **** }
 136              		.loc 1 124 10 is_stmt 0 view .LVU28
 137 0012 FCE7     		b	.L5
 138              		.cfi_endproc
 139              	.LFE150:
 141              		.section	.text.ff_rel_grant,"ax",%progbits
 142              		.align	1
 143              		.global	ff_rel_grant
 144              		.syntax unified
 145              		.thumb
 146              		.thumb_func
 148              	ff_rel_grant:
 149              	.LVL14:
 150              	.LFB151:
 126:Middlewares/Third_Party/FatFs/src/option/syscall.c **** 
 127:Middlewares/Third_Party/FatFs/src/option/syscall.c **** 
 128:Middlewares/Third_Party/FatFs/src/option/syscall.c **** 
 129:Middlewares/Third_Party/FatFs/src/option/syscall.c **** /*------------------------------------------------------------------------*/
 130:Middlewares/Third_Party/FatFs/src/option/syscall.c **** /* Release Grant to Access the Volume                                     */
 131:Middlewares/Third_Party/FatFs/src/option/syscall.c **** /*------------------------------------------------------------------------*/
 132:Middlewares/Third_Party/FatFs/src/option/syscall.c **** /* This function is called on leaving file functions to unlock the volume.
 133:Middlewares/Third_Party/FatFs/src/option/syscall.c **** */
 134:Middlewares/Third_Party/FatFs/src/option/syscall.c **** 
 135:Middlewares/Third_Party/FatFs/src/option/syscall.c **** void ff_rel_grant (
 136:Middlewares/Third_Party/FatFs/src/option/syscall.c **** 	_SYNC_t sobj	/* Sync object to be signaled */
 137:Middlewares/Third_Party/FatFs/src/option/syscall.c **** )
 138:Middlewares/Third_Party/FatFs/src/option/syscall.c **** {
ARM GAS  C:\Users\jason\AppData\Local\Temp\ccZBhJMb.s 			page 6


 151              		.loc 1 138 1 is_stmt 1 view -0
 152              		.cfi_startproc
 153              		@ args = 0, pretend = 0, frame = 0
 154              		@ frame_needed = 0, uses_anonymous_args = 0
 155              		.loc 1 138 1 is_stmt 0 view .LVU30
 156 0000 08B5     		push	{r3, lr}
 157              		.cfi_def_cfa_offset 8
 158              		.cfi_offset 3, -8
 159              		.cfi_offset 14, -4
 139:Middlewares/Third_Party/FatFs/src/option/syscall.c **** #if _USE_MUTEX
 140:Middlewares/Third_Party/FatFs/src/option/syscall.c ****   osMutexRelease(sobj);
 141:Middlewares/Third_Party/FatFs/src/option/syscall.c **** #else
 142:Middlewares/Third_Party/FatFs/src/option/syscall.c ****   osSemaphoreRelease(sobj);
 160              		.loc 1 142 3 is_stmt 1 view .LVU31
 161 0002 FFF7FEFF 		bl	osSemaphoreRelease
 162              	.LVL15:
 143:Middlewares/Third_Party/FatFs/src/option/syscall.c **** #endif
 144:Middlewares/Third_Party/FatFs/src/option/syscall.c **** }
 163              		.loc 1 144 1 is_stmt 0 view .LVU32
 164 0006 08BD     		pop	{r3, pc}
 165              		.cfi_endproc
 166              	.LFE151:
 168              		.text
 169              	.Letext0:
 170              		.file 2 "Middlewares/Third_Party/FatFs/src/option/../integer.h"
 171              		.file 3 "C:/Users/jason/AppData/Roaming/Code/User/globalStorage/bmd.stm32-for-vscode/@xpack-dev-to
 172              		.file 4 "C:/Users/jason/AppData/Roaming/Code/User/globalStorage/bmd.stm32-for-vscode/@xpack-dev-to
 173              		.file 5 "Middlewares/Third_Party/FreeRTOS/Source/CMSIS_RTOS_V2/cmsis_os2.h"
ARM GAS  C:\Users\jason\AppData\Local\Temp\ccZBhJMb.s 			page 7


DEFINED SYMBOLS
                            *ABS*:00000000 syscall.c
C:\Users\jason\AppData\Local\Temp\ccZBhJMb.s:20     .text.ff_cre_syncobj:00000000 $t
C:\Users\jason\AppData\Local\Temp\ccZBhJMb.s:26     .text.ff_cre_syncobj:00000000 ff_cre_syncobj
C:\Users\jason\AppData\Local\Temp\ccZBhJMb.s:68     .text.ff_del_syncobj:00000000 $t
C:\Users\jason\AppData\Local\Temp\ccZBhJMb.s:74     .text.ff_del_syncobj:00000000 ff_del_syncobj
C:\Users\jason\AppData\Local\Temp\ccZBhJMb.s:97     .text.ff_req_grant:00000000 $t
C:\Users\jason\AppData\Local\Temp\ccZBhJMb.s:103    .text.ff_req_grant:00000000 ff_req_grant
C:\Users\jason\AppData\Local\Temp\ccZBhJMb.s:142    .text.ff_rel_grant:00000000 $t
C:\Users\jason\AppData\Local\Temp\ccZBhJMb.s:148    .text.ff_rel_grant:00000000 ff_rel_grant

UNDEFINED SYMBOLS
osSemaphoreNew
osSemaphoreDelete
osSemaphoreAcquire
osSemaphoreRelease
