Archive member included to satisfy reference by file (symbol)

c:/Users/jason/AppData/Roaming/Code/User/globalStorage/bmd.stm32-for-vscode/@xpack-dev-tools/arm-none-eabi-gcc/15.2.1-1.1.1/.content/bin/../lib/gcc/arm-none-eabi/15.2.1/../../../../arm-none-eabi/lib/thumb/v7e-m+dp/hard\libc_nano.a(libc_a-atexit.o)
                              c:/Users/jason/AppData/Roaming/Code/User/globalStorage/bmd.stm32-for-vscode/@xpack-dev-tools/arm-none-eabi-gcc/15.2.1-1.1.1/.content/bin/../lib/gcc/arm-none-eabi/15.2.1/../../../../arm-none-eabi/lib/thumb/v7e-m+dp/hard/crt0.o (atexit)
c:/Users/jason/AppData/Roaming/Code/User/globalStorage/bmd.stm32-for-vscode/@xpack-dev-tools/arm-none-eabi-gcc/15.2.1-1.1.1/.content/bin/../lib/gcc/arm-none-eabi/15.2.1/../../../../arm-none-eabi/lib/thumb/v7e-m+dp/hard\libc_nano.a(libc_a-exit.o)
                              c:/Users/jason/AppData/Roaming/Code/User/globalStorage/bmd.stm32-for-vscode/@xpack-dev-tools/arm-none-eabi-gcc/15.2.1-1.1.1/.content/bin/../lib/gcc/arm-none-eabi/15.2.1/../../../../arm-none-eabi/lib/thumb/v7e-m+dp/hard/crt0.o (exit)
c:/Users/jason/AppData/Roaming/Code/User/globalStorage/bmd.stm32-for-vscode/@xpack-dev-tools/arm-none-eabi-gcc/15.2.1-1.1.1/.content/bin/../lib/gcc/arm-none-eabi/15.2.1/../../../../arm-none-eabi/lib/thumb/v7e-m+dp/hard\libc_nano.a(libc_a-findfp.o)
                              c:/Users/jason/AppData/Roaming/Code/User/globalStorage/bmd.stm32-for-vscode/@xpack-dev-tools/arm-none-eabi-gcc/15.2.1-1.1.1/.content/bin/../lib/gcc/arm-none-eabi/15.2.1/../../../../arm-none-eabi/lib/thumb/v7e-m+dp/hard\libc_nano.a(libc_a-exit.o) (__stdio_exit_handler)
c:/Users/jason/AppData/Roaming/Code/User/globalStorage/bmd.stm32-for-vscode/@xpack-dev-tools/arm-none-eabi-gcc/15.2.1-1.1.1/.content/bin/../lib/gcc/arm-none-eabi/15.2.1/../../../../arm-none-eabi/lib/thumb/v7e-m+dp/hard\libc_nano.a(libc_a-fwalk.o)
                              c:/Users/jason/AppData/Roaming/Code/User/globalStorage/bmd.stm32-for-vscode/@xpack-dev-tools/arm-none-eabi-gcc/15.2.1-1.1.1/.content/bin/../lib/gcc/arm-none-eabi/15.2.1/../../../../arm-none-eabi/lib/thumb/v7e-m+dp/hard\libc_nano.a(libc_a-findfp.o) (_fwalk_sglue)
c:/Users/jason/AppData/Roaming/Code/User/globalStorage/bmd.stm32-for-vscode/@xpack-dev-tools/arm-none-eabi-gcc/15.2.1-1.1.1/.content/bin/../lib/gcc/arm-none-eabi/15.2.1/../../../../arm-none-eabi/lib/thumb/v7e-m+dp/hard\libc_nano.a(libc_a-stdio.o)
                              c:/Users/jason/AppData/Roaming/Code/User/globalStorage/bmd.stm32-for-vscode/@xpack-dev-tools/arm-none-eabi-gcc/15.2.1-1.1.1/.content/bin/../lib/gcc/arm-none-eabi/15.2.1/../../../../arm-none-eabi/lib/thumb/v7e-m+dp/hard\libc_nano.a(libc_a-findfp.o) (__sread)
c:/Users/jason/AppData/Roaming/Code/User/globalStorage/bmd.stm32-for-vscode/@xpack-dev-tools/arm-none-eabi-gcc/15.2.1-1.1.1/.content/bin/../lib/gcc/arm-none-eabi/15.2.1/../../../../arm-none-eabi/lib/thumb/v7e-m+dp/hard\libc_nano.a(libc_a-memset.o)
                              c:/Users/jason/AppData/Roaming/Code/User/globalStorage/bmd.stm32-for-vscode/@xpack-dev-tools/arm-none-eabi-gcc/15.2.1-1.1.1/.content/bin/../lib/gcc/arm-none-eabi/15.2.1/../../../../arm-none-eabi/lib/thumb/v7e-m+dp/hard/crt0.o (memset)
c:/Users/jason/AppData/Roaming/Code/User/globalStorage/bmd.stm32-for-vscode/@xpack-dev-tools/arm-none-eabi-gcc/15.2.1-1.1.1/.content/bin/../lib/gcc/arm-none-eabi/15.2.1/../../../../arm-none-eabi/lib/thumb/v7e-m+dp/hard\libc_nano.a(libc_a-closer.o)
                              c:/Users/jason/AppData/Roaming/Code/User/globalStorage/bmd.stm32-for-vscode/@xpack-dev-tools/arm-none-eabi-gcc/15.2.1-1.1.1/.content/bin/../lib/gcc/arm-none-eabi/15.2.1/../../../../arm-none-eabi/lib/thumb/v7e-m+dp/hard\libc_nano.a(libc_a-stdio.o) (_close_r)
c:/Users/jason/AppData/Roaming/Code/User/globalStorage/bmd.stm32-for-vscode/@xpack-dev-tools/arm-none-eabi-gcc/15.2.1-1.1.1/.content/bin/../lib/gcc/arm-none-eabi/15.2.1/../../../../arm-none-eabi/lib/thumb/v7e-m+dp/hard\libc_nano.a(libc_a-reent.o)
                              c:/Users/jason/AppData/Roaming/Code/User/globalStorage/bmd.stm32-for-vscode/@xpack-dev-tools/arm-none-eabi-gcc/15.2.1-1.1.1/.content/bin/../lib/gcc/arm-none-eabi/15.2.1/../../../../arm-none-eabi/lib/thumb/v7e-m+dp/hard\libc_nano.a(libc_a-closer.o) (errno)
c:/Users/jason/AppData/Roaming/Code/User/globalStorage/bmd.stm32-for-vscode/@xpack-dev-tools/arm-none-eabi-gcc/15.2.1-1.1.1/.content/bin/../lib/gcc/arm-none-eabi/15.2.1/../../../../arm-none-eabi/lib/thumb/v7e-m+dp/hard\libc_nano.a(libc_a-impure.o)
                              c:/Users/jason/AppData/Roaming/Code/User/globalStorage/bmd.stm32-for-vscode/@xpack-dev-tools/arm-none-eabi-gcc/15.2.1-1.1.1/.content/bin/../lib/gcc/arm-none-eabi/15.2.1/../../../../arm-none-eabi/lib/thumb/v7e-m+dp/hard\libc_nano.a(libc_a-reent.o) (_impure_ptr)
[...]
Memory Configuration

Name             Origin             Length             Attributes
DTCMRAM          0x20000000         0x00020000         xrw
RAM              0x24000000         0x00080000         xrw
RAM_D2           0x30000000         0x00048000         xrw
RAM_D3           0x38000000         0x00010000         xrw
ITCMRAM          0x00000000         0x00010000         xrw
FLASH            0x08000000         0x00020000         xr
*default*        0x00000000         0xffffffff

Linker script and memory map

LOAD c:/Users/jason/AppData/Roaming/Code/User/globalStorage/bmd.stm32-for-vscode/@xpack-dev-tools/arm-none-eabi-gcc/15.2.1-1.1.1/.content/bin/../lib/gcc/arm-none-eabi/15.2.1/thumb/v7e-m+dp/hard/crti.o
LOAD c:/Users/jason/AppData/Roaming/Code/User/globalStorage/bmd.stm32-for-vscode/@xpack-dev-tools/arm-none-eabi-gcc/15.2.1-1.1.1/.content/bin/../lib/gcc/arm-none-eabi/15.2.1/thumb/v7e-m+dp/hard/crtbegin.o
LOAD c:/Users/jason/AppData/Roaming/Code/User/globalStorage/bmd.stm32-for-vscode/@xpack-dev-tools/arm-none-eabi-gcc/15.2.1-1.1.1/.content/bin/../lib/gcc/arm-none-eabi/15.2.1/../../../../arm-none-eabi/lib/thumb/v7e-m+dp/hard/crt0.o
LOAD build/debug/alg_altimeter_read.o
LOAD build/debug/bmp5.o
LOAD build/debug/bmp5_drv.o
LOAD build/debug/bsp_driver_sd.o
LOAD build/debug/ccsbcs.o
LOAD build/debug/cmsis_os2.o
LOAD build/debug/croutine.o
LOAD build/debug/diskio.o
LOAD build/debug/event_groups.o
LOAD build/debug/fatfs.o
LOAD build/debug/fatfs_platform.o
LOAD build/debug/ff.o
LOAD build/debug/ff_gen_drv.o
LOAD build/debug/freertos.o
LOAD build/debug/heap_4.o
LOAD build/debug/list.o
LOAD build/debug/main.o
LOAD build/debug/port.o
LOAD build/debug/queue.o
LOAD build/debug/sd_diskio.o
LOAD build/debug/sphinx_io.o
LOAD build/debug/sphinx_sensors.o
LOAD build/debug/state.o
LOAD build/debug/state_machine.o
LOAD build/debug/states_config.o
LOAD build/debug/stm32h7xx_hal.o
LOAD build/debug/stm32h7xx_hal_cortex.o
LOAD build/debug/stm32h7xx_hal_dma.o
LOAD build/debug/stm32h7xx_hal_dma_ex.o
LOAD build/debug/stm32h7xx_hal_exti.o
LOAD build/debug/stm32h7xx_hal_flash.o
LOAD build/debug/stm32h7xx_hal_flash_ex.o
LOAD build/debug/stm32h7xx_hal_gpio.o
LOAD build/debug/stm32h7xx_hal_hsem.o
LOAD build/debug/stm32h7xx_hal_i2c.o
LOAD build/debug/stm32h7xx_hal_i2c_ex.o
LOAD build/debug/stm32h7xx_hal_mdma.o
LOAD build/debug/stm32h7xx_hal_mmc.o
LOAD build/debug/stm32h7xx_hal_mmc_ex.o
LOAD build/debug/stm32h7xx_hal_msp.o
LOAD build/debug/stm32h7xx_hal_pwr.o
LOAD build/debug/stm32h7xx_hal_pwr_ex.o
LOAD build/debug/stm32h7xx_hal_rcc.o
LOAD build/debug/stm32h7xx_hal_rcc_ex.o
LOAD build/debug/stm32h7xx_hal_sd.o
LOAD build/debug/stm32h7xx_hal_sd_ex.o
LOAD build/debug/stm32h7xx_hal_spi.o
LOAD build/debug/stm32h7xx_hal_spi_ex.o
LOAD build/debug/stm32h7xx_hal_tim.o
LOAD build/debug/stm32h7xx_hal_tim_ex.o
LOAD build/debug/stm32h7xx_hal_timebase_tim.o
LOAD build/debug/stm32h7xx_hal_uart.o
LOAD build/debug/stm32h7xx_hal_uart_ex.o
LOAD build/debug/stm32h7xx_it.o
LOAD build/debug/stm32h7xx_ll_delayblock.o
LOAD build/debug/stm32h7xx_ll_sdmmc.o
LOAD build/debug/stream_buffer.o
LOAD build/debug/syscall.o
LOAD build/debug/syscalls.o
LOAD build/debug/sysmem.o
LOAD build/debug/system_stm32h7xx.o
LOAD build/debug/tasks.o
LOAD build/debug/timers.o
LOAD build/debug/startup_stm32h750xx.o
LOAD c:/Users/jason/AppData/Roaming/Code/User/globalStorage/bmd.stm32-for-vscode/@xpack-dev-tools/arm-none-eabi-gcc/15.2.1-1.1.1/.content/bin/../lib/gcc/arm-none-eabi/15.2.1/../../../../arm-none-eabi/lib/thumb/v7e-m+dp/hard\libc_nano.a
LOAD c:/Users/jason/AppData/Roaming/Code/User/globalStorage/bmd.stm32-for-vscode/@xpack-dev-tools/arm-none-eabi-gcc/15.2.1-1.1.1/.content/bin/../lib/gcc/arm-none-eabi/15.2.1/../../../../arm-none-eabi/lib/thumb/v7e-m+dp/hard\libm.a
LOAD c:/Users/jason/AppData/Roaming/Code/User/globalStorage/bmd.stm32-for-vscode/@xpack-dev-tools/arm-none-eabi-gcc/15.2.1-1.1.1/.content/bin/../lib/gcc/arm-none-eabi/15.2.1/../../../../arm-none-eabi/lib/thumb/v7e-m+dp/hard\libnosys.a
START GROUP
LOAD c:/Users/jason/AppData/Roaming/Code/User/globalStorage/bmd.stm32-for-vscode/@xpack-dev-tools/arm-none-eabi-gcc/15.2.1-1.1.1/.content/bin/../lib/gcc/arm-none-eabi/15.2.1/thumb/v7e-m+dp/hard\libgcc.a
LOAD c:/Users/jason/AppData/Roaming/Code/User/globalStorage/bmd.stm32-for-vscode/@xpack-dev-tools/arm-none-eabi-gcc/15.2.1-1.1.1/.content/bin/../lib/gcc/arm-none-eabi/15.2.1/../../../../arm-none-eabi/lib/thumb/v7e-m+dp/hard\libc_nano.a
END GROUP
START GROUP
LOAD c:/Users/jason/AppData/Roaming/Code/User/globalStorage/bmd.stm32-for-vscode/@xpack-dev-tools/arm-none-eabi-gcc/15.2.1-1.1.1/.content/bin/../lib/gcc/arm-none-eabi/15.2.1/thumb/v7e-m+dp/hard\libgcc.a
LOAD c:/Users/jason/AppData/Roaming/Code/User/globalStorage/bmd.stm32-for-vscode/@xpack-dev-tools/arm-none-eabi-gcc/15.2.1-1.1.1/.content/bin/../lib/gcc/arm-none-eabi/15.2.1/../../../../arm-none-eabi/lib/thumb/v7e-m+dp/hard\libc_nano.a
END GROUP
LOAD c:/Users/jason/AppData/Roaming/Code/User/globalStorage/bmd.stm32-for-vscode/@xpack-dev-tools/arm-none-eabi-gcc/15.2.1-1.1.1/.content/bin/../lib/gcc/arm-none-eabi/15.2.1/thumb/v7e-m+dp/hard/crtend.o
LOAD c:/Users/jason/AppData/Roaming/Code/User/globalStorage/bmd.stm32-for-vscode/@xpack-dev-tools/arm-none-eabi-gcc/15.2.1-1.1.1/.content/bin/../lib/gcc/arm-none-eabi/15.2.1/thumb/v7e-m+dp/hard/crtn.o
                0x20020000                        _estack = (ORIGIN (DTCMRAM) + LENGTH (DTCMRAM))
                0x2001fc00                        _sstack = (_estack - _Min_Stack_Size)
                0x00000200                        _Min_Heap_Size = 0x200
                0x00000400                        _Min_Stack_Size = 0x400

.isr_vector     0x08000000      0x298
                0x08000000                        . = ALIGN (0x4)
 *(.isr_vector)
 .isr_vector    0x08000000      0x298 build/debug/startup_stm32h750xx.o
                0x08000000                g_pfnVectors
                0x08000298                        . = ALIGN (0x4)

.text           0x080002a0     0xac78
                0x080002a0                        . = ALIGN (0x4)
 *(.text)
 .text          0x080002a0       0x30 c:/Users/jason/AppData/Roaming/Code/User/globalStorage/bmd.stm32-for-vscode/@xpack-dev-tools/arm-none-eabi-gcc/15.2.1-1.1.1/.content/bin/../lib/gcc/arm-none-eabi/15.2.1/thumb/v7e-m+dp/hard\libgcc.a(_aeabi_uldivmod.o)
                0x080002a0                __aeabi_uldivmod
 .text          0x080002d0        0x4 c:/Users/jason/AppData/Roaming/Code/User/globalStorage/bmd.stm32-for-vscode/@xpack-dev-tools/arm-none-eabi-gcc/15.2.1-1.1.1/.content/bin/../lib/gcc/arm-none-eabi/15.2.1/thumb/v7e-m+dp/hard\libgcc.a(_dvmd_tls.o)
                0x080002d0                __aeabi_idiv0
                0x080002d0                __aeabi_ldiv0
 *(.text*)
 .text.__do_global_dtors_aux
                0x080002d4       0x28 c:/Users/jason/AppData/Roaming/Code/User/globalStorage/bmd.stm32-for-vscode/@xpack-dev-tools/arm-none-eabi-gcc/15.2.1-1.1.1/.content/bin/../lib/gcc/arm-none-eabi/15.2.1/thumb/v7e-m+dp/hard/crtbegin.o
 .text.frame_dummy
                0x080002fc       0x1c c:/Users/jason/AppData/Roaming/Code/User/globalStorage/bmd.stm32-for-vscode/@xpack-dev-tools/arm-none-eabi-gcc/15.2.1-1.1.1/.content/bin/../lib/gcc/arm-none-eabi/15.2.1/thumb/v7e-m+dp/hard/crtbegin.o
 .text.alt_read_start
                0x08000318        0x2 build/debug/alg_altimeter_read.o
                0x08000318                alt_read_start
 .text.alt_read_stop
                0x0800031a        0x2 build/debug/alg_altimeter_read.o
                0x0800031a                alt_read_stop
 .text.alt_read_loop
                0x0800031c       0x28 build/debug/alg_altimeter_read.o
                0x0800031c                alt_read_loop
 .text.null_ptr_check
                0x08000344       0x2a build/debug/bmp5.o
 .text.validate_chip_id
                0x0800036e       0x10 build/debug/bmp5.o
 .text.bmp5_get_regs
                0x0800037e       0x52 build/debug/bmp5.o
                0x0800037e                bmp5_get_regs
 .text.get_nvm_status
                0x080003d0       0x18 build/debug/bmp5.o
 .text.power_up_check
                0x080003e8       0x24 build/debug/bmp5.o
 .text.bmp5_init
                0x0800040c       0x66 build/debug/bmp5.o
                0x0800040c                bmp5_init
 .text.bmp5_set_regs
                0x08000472       0x7a build/debug/bmp5.o
                0x08000472                bmp5_set_regs
 .text.set_deep_standby_mode
                0x080004ec       0xa2 build/debug/bmp5.o
 .text.set_power_mode
                0x0800058e       0x4a build/debug/bmp5.o
 .text.bmp5_get_sensor_data
                0x080005d8       0x98 build/debug/bmp5.o
                0x080005d8                bmp5_get_sensor_data
 .text.bmp5_get_osr_odr_press_config
                0x08000670       0x40 build/debug/bmp5.o
                0x08000670                bmp5_get_osr_odr_press_config
 .text.bmp5_get_iir_config
                0x080006b0       0x44 build/debug/bmp5.o
                0x080006b0                bmp5_get_iir_config
 .text.check_deepstandby_mode
                0x080006f4       0x66 build/debug/bmp5.o
 .text.bmp5_get_power_mode
                0x0800075a       0x6c build/debug/bmp5.o
                0x0800075a                bmp5_get_power_mode
 .text.bmp5_set_power_mode
                0x080007c6       0x6e build/debug/bmp5.o
                0x080007c6                bmp5_set_power_mode
 .text.set_standby_mode
                0x08000834       0x28 build/debug/bmp5.o
 .text.bmp5_set_osr_odr_press_config
                0x0800085c       0x9c build/debug/bmp5.o
                0x0800085c                bmp5_set_osr_odr_press_config
 .text.bmp5_read
                0x080008f8       0x44 build/debug/bmp5_drv.o
                0x080008f8                bmp5_read
 .text.bmp5_write
                0x0800093c       0x50 build/debug/bmp5_drv.o
                0x0800093c                bmp5_write
 .text.bmp5_delay
                0x0800098c       0x14 build/debug/bmp5_drv.o
                0x0800098c                bmp5_delay
 .text.bmp5_read_altitude
                0x080009a0       0x8c build/debug/bmp5_drv.o
                0x080009a0                bmp5_read_altitude
 *fill*         0x08000a2c        0x4 
 .text.bmp5_calibrate
                0x08000a30       0x5c build/debug/bmp5_drv.o
                0x08000a30                bmp5_calibrate
 .text.bmp5_config
                0x08000a8c       0x60 build/debug/bmp5_drv.o
                0x08000a8c                bmp5_config
 .text.BSP_SD_ReadBlocks_DMA
                0x08000aec       0x18 build/debug/bsp_driver_sd.o
                0x08000aec                BSP_SD_ReadBlocks_DMA
 .text.BSP_SD_WriteBlocks_DMA
                0x08000b04       0x18 build/debug/bsp_driver_sd.o
                0x08000b04                BSP_SD_WriteBlocks_DMA
 .text.BSP_SD_GetCardState
                0x08000b1c       0x14 build/debug/bsp_driver_sd.o
                0x08000b1c                BSP_SD_GetCardState
 .text.BSP_SD_GetCardInfo
                0x08000b30       0x10 build/debug/bsp_driver_sd.o
                0x08000b30                BSP_SD_GetCardInfo
 .text.BSP_SD_IsDetected
                0x08000b40       0x1c build/debug/bsp_driver_sd.o
                0x08000b40                BSP_SD_IsDetected
 .text.BSP_SD_Init
                0x08000b5c       0x1c build/debug/bsp_driver_sd.o
                0x08000b5c                BSP_SD_Init
 .text.SysTick_Handler
                0x08000b78       0x18 build/debug/cmsis_os2.o
                0x08000b78                SysTick_Handler
 .text.osKernelInitialize
                0x08000b90       0x24 build/debug/cmsis_os2.o
                0x08000b90                osKernelInitialize
 .text.osKernelGetState
                0x08000bb4       0x24 build/debug/cmsis_os2.o
                0x08000bb4                osKernelGetState
 .text.osKernelStart
                0x08000bd8       0x3c build/debug/cmsis_os2.o
                0x08000bd8                osKernelStart
 .text.osKernelLock
                0x08000c14       0x2a build/debug/cmsis_os2.o
                0x08000c14                osKernelLock
 .text.osKernelUnlock
                0x08000c3e       0x3a build/debug/cmsis_os2.o
                0x08000c3e                osKernelUnlock
 .text.osKernelGetTickCount
                0x08000c78       0x14 build/debug/cmsis_os2.o
                0x08000c78                osKernelGetTickCount
 .text.osThreadNew
                0x08000c8c       0xc2 build/debug/cmsis_os2.o
                0x08000c8c                osThreadNew
 .text.osThreadYield
                0x08000d4e       0x24 build/debug/cmsis_os2.o
                0x08000d4e                osThreadYield
 .text.osDelay  0x08000d72       0x1a build/debug/cmsis_os2.o
                0x08000d72                osDelay
 .text.osDelayUntil
                0x08000d8c       0x30 build/debug/cmsis_os2.o
                0x08000d8c                osDelayUntil
 .text.osMutexNew
                0x08000dbc       0x9a build/debug/cmsis_os2.o
                0x08000dbc                osMutexNew
 .text.osMutexAcquire
                0x08000e56       0x5e build/debug/cmsis_os2.o
                0x08000e56                osMutexAcquire
 .text.osMutexRelease
                0x08000eb4       0x4c build/debug/cmsis_os2.o
                0x08000eb4                osMutexRelease
 .text.osMessageQueueNew
                0x08000f00       0xa0 build/debug/cmsis_os2.o
                0x08000f00                osMessageQueueNew
 .text.osMessageQueueGet
                0x08000fa0       0x7c build/debug/cmsis_os2.o
                0x08000fa0                osMessageQueueGet
 .text.vApplicationGetIdleTaskMemory
                0x0800101c       0x18 build/debug/cmsis_os2.o
                0x0800101c                vApplicationGetIdleTaskMemory
 .text.vApplicationGetTimerTaskMemory
                0x08001034       0x18 build/debug/cmsis_os2.o
                0x08001034                vApplicationGetTimerTaskMemory
 .text.MX_FATFS_Init
                0x0800104c       0x1c build/debug/fatfs.o
                0x0800104c                MX_FATFS_Init
 .text.BSP_PlatformIsDetected
                0x08001068       0x18 build/debug/fatfs_platform.o
                0x08001068                BSP_PlatformIsDetected
 .text.FATFS_LinkDriverEx
                0x08001080       0x5c build/debug/ff_gen_drv.o
                0x08001080                FATFS_LinkDriverEx
 .text.FATFS_LinkDriver
                0x080010dc        0xa build/debug/ff_gen_drv.o
                0x080010dc                FATFS_LinkDriver
 .text.vApplicationStackOverflowHook
                0x080010e6        0x2 build/debug/freertos.o
                0x080010e6                vApplicationStackOverflowHook
 .text.prvHeapInit
                0x080010e8       0x64 build/debug/heap_4.o
 .text.prvInsertBlockIntoFreeList
                0x0800114c       0x5c build/debug/heap_4.o
 .text.pvPortMalloc
                0x080011a8      0x104 build/debug/heap_4.o
                0x080011a8                pvPortMalloc
 .text.vPortFree
                0x080012ac       0x80 build/debug/heap_4.o
                0x080012ac                vPortFree
 .text.vListInitialise
                0x0800132c       0x16 build/debug/list.o
                0x0800132c                vListInitialise
 .text.vListInitialiseItem
                0x08001342        0x6 build/debug/list.o
                0x08001342                vListInitialiseItem
 .text.vListInsertEnd
                0x08001348       0x16 build/debug/list.o
                0x08001348                vListInsertEnd
 .text.vListInsert
                0x0800135e       0x38 build/debug/list.o
                0x0800135e                vListInsert
 .text.uxListRemove
                0x08001396       0x26 build/debug/list.o
                0x08001396                uxListRemove
 .text.MX_SDMMC1_SD_Init
                0x080013bc       0x20 build/debug/main.o
 .text.MPU_Config
                0x080013dc       0x52 build/debug/main.o
 *fill*         0x0800142e        0x2 
 .text.MX_GPIO_Init
                0x08001430      0x144 build/debug/main.o
 .text.StartDefaultTask
                0x08001574        0xa build/debug/main.o
                0x08001574                StartDefaultTask
 *fill*         0x0800157e        0x2 
 .text.HAL_TIM_PeriodElapsedCallback
                0x08001580       0x18 build/debug/main.o
                0x08001580                HAL_TIM_PeriodElapsedCallback
 .text.Error_Handler
                0x08001598        0x4 build/debug/main.o
                0x08001598                Error_Handler
 .text.MX_I2C1_Init
                0x0800159c       0x54 build/debug/main.o
 .text.MX_SPI1_Init
                0x080015f0       0x58 build/debug/main.o
 .text.MX_UART4_Init
                0x08001648       0x60 build/debug/main.o
 .text.MX_UART7_Init
                0x080016a8       0x60 build/debug/main.o
 .text.MX_UART5_Init
                0x08001708       0x60 build/debug/main.o
 .text.MX_TIM6_Init
                0x08001768       0x4c build/debug/main.o
 .text.MX_TIM3_Init
                0x080017b4       0x68 build/debug/main.o
 .text.MX_TIM2_Init
                0x0800181c       0x68 build/debug/main.o
 .text.SystemClock_Config
                0x08001884       0xc0 build/debug/main.o
                0x08001884                SystemClock_Config
 .text.main     0x08001944       0x70 build/debug/main.o
                0x08001944                main
 .text.prvTaskExitError
                0x080019b4       0x40 build/debug/port.o
 .text.prvPortStartFirstTask
                0x080019f4       0x28 build/debug/port.o
 .text.vPortEnableVFP
                0x08001a1c       0x14 build/debug/port.o
 .text.pxPortInitialiseStack
                0x08001a30       0x2c build/debug/port.o
                0x08001a30                pxPortInitialiseStack
 *fill*         0x08001a5c        0x4 
 .text.SVC_Handler
                0x08001a60       0x24 build/debug/port.o
                0x08001a60                SVC_Handler
 .text.vPortEnterCritical
                0x08001a84       0x44 build/debug/port.o
                0x08001a84                vPortEnterCritical
 .text.vPortExitCritical
                0x08001ac8       0x2c build/debug/port.o
                0x08001ac8                vPortExitCritical
 *fill*         0x08001af4        0xc 
 .text.PendSV_Handler
                0x08001b00       0x64 build/debug/port.o
                0x08001b00                PendSV_Handler
 .text.xPortSysTickHandler
                0x08001b64       0x2c build/debug/port.o
                0x08001b64                xPortSysTickHandler
 .text.vPortSetupTimerInterrupt
                0x08001b90       0x28 build/debug/port.o
                0x08001b90                vPortSetupTimerInterrupt
 .text.xPortStartScheduler
                0x08001bb8      0x11c build/debug/port.o
                0x08001bb8                xPortStartScheduler
 .text.vPortValidateInterruptPriority
                0x08001cd4       0x5c build/debug/port.o
                0x08001cd4                vPortValidateInterruptPriority
 .text.prvGetDisinheritPriorityAfterTimeout
                0x08001d30       0x10 build/debug/queue.o
 .text.prvIsQueueFull
                0x08001d40       0x1e build/debug/queue.o
 .text.prvIsQueueEmpty
                0x08001d5e       0x1e build/debug/queue.o
 .text.prvCopyDataToQueue
                0x08001d7c       0x76 build/debug/queue.o
 .text.prvCopyDataFromQueue
                0x08001df2       0x24 build/debug/queue.o
 .text.prvUnlockQueue
                0x08001e16       0x6e build/debug/queue.o
 .text.xQueueGenericReset
                0x08001e84       0x84 build/debug/queue.o
                0x08001e84                xQueueGenericReset
 .text.prvInitialiseNewQueue
                0x08001f08       0x22 build/debug/queue.o
 .text.xQueueGenericCreateStatic
                0x08001f2a       0xaa build/debug/queue.o
                0x08001f2a                xQueueGenericCreateStatic
 .text.xQueueGenericCreate
                0x08001fd4       0x48 build/debug/queue.o
                0x08001fd4                xQueueGenericCreate
 .text.xQueueGenericSend
                0x0800201c      0x188 build/debug/queue.o
                0x0800201c                xQueueGenericSend
 .text.prvInitialiseMutex
                0x080021a4       0x18 build/debug/queue.o
 .text.xQueueCreateMutex
                0x080021bc       0x16 build/debug/queue.o
                0x080021bc                xQueueCreateMutex
 .text.xQueueCreateMutexStatic
                0x080021d2       0x1e build/debug/queue.o
                0x080021d2                xQueueCreateMutexStatic
 .text.xQueueGiveMutexRecursive
                0x080021f0       0x42 build/debug/queue.o
                0x080021f0                xQueueGiveMutexRecursive
 .text.xQueueGenericSendFromISR
                0x08002232       0xd2 build/debug/queue.o
                0x08002232                xQueueGenericSendFromISR
 .text.xQueueReceive
                0x08002304      0x15e build/debug/queue.o
                0x08002304                xQueueReceive
 .text.xQueueSemaphoreTake
                0x08002462      0x1ac build/debug/queue.o
                0x08002462                xQueueSemaphoreTake
 .text.xQueueTakeMutexRecursive
                0x0800260e       0x42 build/debug/queue.o
                0x0800260e                xQueueTakeMutexRecursive
 .text.xQueueReceiveFromISR
                0x08002650       0xb0 build/debug/queue.o
                0x08002650                xQueueReceiveFromISR
 .text.vQueueAddToRegistry
                0x08002700       0x28 build/debug/queue.o
                0x08002700                vQueueAddToRegistry
 .text.vQueueWaitForMessageRestricted
                0x08002728       0x52 build/debug/queue.o
                0x08002728                vQueueWaitForMessageRestricted
 *fill*         0x0800277a        0x2 
 .text.SD_CheckStatus
                0x0800277c       0x24 build/debug/sd_diskio.o
 .text.SD_initialize
                0x080027a0       0x64 build/debug/sd_diskio.o
                0x080027a0                SD_initialize
 .text.SD_status
                0x08002804        0x8 build/debug/sd_diskio.o
                0x08002804                SD_status
 .text.SD_CheckStatusWithTimeout
                0x0800280c       0x24 build/debug/sd_diskio.o
 .text.SD_read  0x08002830       0x78 build/debug/sd_diskio.o
                0x08002830                SD_read
 .text.SD_write
                0x080028a8       0x78 build/debug/sd_diskio.o
                0x080028a8                SD_write
 .text.SD_ioctl
                0x08002920       0x60 build/debug/sd_diskio.o
                0x08002920                SD_ioctl
 .text.sphinx_io_init
                0x08002980       0x10 build/debug/sphinx_io.o
                0x08002980                sphinx_io_init
 .text.sphinx_sensors_struct_init
                0x08002990       0x14 build/debug/sphinx_sensors.o
                0x08002990                sphinx_sensors_struct_init
 .text.state_alg_get_enabled
                0x080029a4        0xc build/debug/state.o
                0x080029a4                state_alg_get_enabled
 .text.state_machine_init
                0x080029b0       0x16 build/debug/state.o
                0x080029b0                state_machine_init
 .text.state_start
                0x080029c6       0x2e build/debug/state.o
                0x080029c6                state_start
 .text.state_loop
                0x080029f4       0x36 build/debug/state.o
                0x080029f4                state_loop
 .text.state_stop
                0x08002a2a       0x2e build/debug/state.o
                0x08002a2a                state_stop
 .text.state_machine_request_transition
                0x08002a58       0x12 build/debug/state.o
                0x08002a58                state_machine_request_transition
 .text.loop_state_machine_master
                0x08002a6a       0x68 build/debug/state.o
                0x08002a6a                loop_state_machine_master
 .text.loop_state_machine_thread
                0x08002ad2       0x4a build/debug/state.o
                0x08002ad2                loop_state_machine_thread
 .text.state_machine_thread
                0x08002b1c       0x30 build/debug/state_machine.o
                0x08002b1c                state_machine_thread
 .text.state_machine_master_thread
                0x08002b4c       0x1a build/debug/state_machine.o
                0x08002b4c                state_machine_master_thread
 *fill*         0x08002b66        0x2 
 .text.init_state_machine
                0x08002b68       0x58 build/debug/state_machine.o
                0x08002b68                init_state_machine
 .text.HAL_Init
                0x08002bc0       0x60 build/debug/stm32h7xx_hal.o
                0x08002bc0                HAL_Init
 .text.HAL_IncTick
                0x08002c20       0x18 build/debug/stm32h7xx_hal.o
                0x08002c20                HAL_IncTick
 .text.HAL_GetTick
                0x08002c38        0xc build/debug/stm32h7xx_hal.o
                0x08002c38                HAL_GetTick
 .text.HAL_Delay
                0x08002c44       0x28 build/debug/stm32h7xx_hal.o
                0x08002c44                HAL_Delay
 .text.HAL_GetREVID
                0x08002c6c        0xc build/debug/stm32h7xx_hal.o
                0x08002c6c                HAL_GetREVID
 .text.__NVIC_EnableIRQ
                0x08002c78       0x1c build/debug/stm32h7xx_hal_cortex.o
 .text.__NVIC_SetPriority
                0x08002c94       0x24 build/debug/stm32h7xx_hal_cortex.o
 .text.NVIC_EncodePriority
                0x08002cb8       0x46 build/debug/stm32h7xx_hal_cortex.o
 *fill*         0x08002cfe        0x2 
 .text.HAL_NVIC_SetPriorityGrouping
                0x08002d00       0x24 build/debug/stm32h7xx_hal_cortex.o
                0x08002d00                HAL_NVIC_SetPriorityGrouping
 .text.HAL_NVIC_SetPriority
                0x08002d24       0x20 build/debug/stm32h7xx_hal_cortex.o
                0x08002d24                HAL_NVIC_SetPriority
 .text.HAL_NVIC_EnableIRQ
                0x08002d44        0x8 build/debug/stm32h7xx_hal_cortex.o
                0x08002d44                HAL_NVIC_EnableIRQ
 .text.HAL_MPU_Disable
                0x08002d4c       0x1c build/debug/stm32h7xx_hal_cortex.o
                0x08002d4c                HAL_MPU_Disable
 .text.HAL_MPU_Enable
                0x08002d68       0x20 build/debug/stm32h7xx_hal_cortex.o
                0x08002d68                HAL_MPU_Enable
 .text.HAL_MPU_ConfigRegion
                0x08002d88       0x58 build/debug/stm32h7xx_hal_cortex.o
                0x08002d88                HAL_MPU_ConfigRegion
 .text.HAL_DMA_Abort
                0x08002de0      0x33c build/debug/stm32h7xx_hal_dma.o
                0x08002de0                HAL_DMA_Abort
 .text.HAL_DMA_Abort_IT
                0x0800311c      0x26c build/debug/stm32h7xx_hal_dma.o
                0x0800311c                HAL_DMA_Abort_IT
 .text.HAL_GPIO_Init
                0x08003388      0x21c build/debug/stm32h7xx_hal_gpio.o
                0x08003388                HAL_GPIO_Init
 .text.HAL_GPIO_ReadPin
                0x080035a4        0xe build/debug/stm32h7xx_hal_gpio.o
                0x080035a4                HAL_GPIO_ReadPin
 .text.HAL_GPIO_WritePin
                0x080035b2        0xc build/debug/stm32h7xx_hal_gpio.o
                0x080035b2                HAL_GPIO_WritePin
 .text.I2C_Flush_TXDR
                0x080035be       0x22 build/debug/stm32h7xx_hal_i2c.o
 .text.I2C_TransferConfig
                0x080035e0       0x3c build/debug/stm32h7xx_hal_i2c.o
 .text.I2C_IsErrorOccurred
                0x0800361c      0x118 build/debug/stm32h7xx_hal_i2c.o
 .text.I2C_WaitOnTXISFlagUntilTimeout
                0x08003734       0x60 build/debug/stm32h7xx_hal_i2c.o
 .text.I2C_WaitOnFlagUntilTimeout
                0x08003794       0x7c build/debug/stm32h7xx_hal_i2c.o
 .text.I2C_WaitOnSTOPFlagUntilTimeout
                0x08003810       0x5e build/debug/stm32h7xx_hal_i2c.o
 .text.I2C_WaitOnRXNEFlagUntilTimeout
                0x0800386e       0xa6 build/debug/stm32h7xx_hal_i2c.o
 .text.HAL_I2C_Init
                0x08003914       0xc8 build/debug/stm32h7xx_hal_i2c.o
                0x08003914                HAL_I2C_Init
 .text.HAL_I2C_Master_Transmit
                0x080039dc      0x19c build/debug/stm32h7xx_hal_i2c.o
                0x080039dc                HAL_I2C_Master_Transmit
 .text.HAL_I2C_Master_Receive
                0x08003b78      0x174 build/debug/stm32h7xx_hal_i2c.o
                0x08003b78                HAL_I2C_Master_Receive
 .text.HAL_I2CEx_ConfigAnalogFilter
                0x08003cec       0x5a build/debug/stm32h7xx_hal_i2c_ex.o
                0x08003cec                HAL_I2CEx_ConfigAnalogFilter
 .text.HAL_I2CEx_ConfigDigitalFilter
                0x08003d46       0x56 build/debug/stm32h7xx_hal_i2c_ex.o
                0x08003d46                HAL_I2CEx_ConfigDigitalFilter
 .text.HAL_MspInit
                0x08003d9c       0x34 build/debug/stm32h7xx_hal_msp.o
                0x08003d9c                HAL_MspInit
 .text.HAL_I2C_MspInit
                0x08003dd0       0x98 build/debug/stm32h7xx_hal_msp.o
                0x08003dd0                HAL_I2C_MspInit
 .text.HAL_SD_MspInit
                0x08003e68       0xd0 build/debug/stm32h7xx_hal_msp.o
                0x08003e68                HAL_SD_MspInit
 .text.HAL_SPI_MspInit
                0x08003f38       0x98 build/debug/stm32h7xx_hal_msp.o
                0x08003f38                HAL_SPI_MspInit
 .text.HAL_TIM_Base_MspInit
                0x08003fd0       0xac build/debug/stm32h7xx_hal_msp.o
                0x08003fd0                HAL_TIM_Base_MspInit
 .text.HAL_UART_MspInit
                0x0800407c      0x190 build/debug/stm32h7xx_hal_msp.o
                0x0800407c                HAL_UART_MspInit
 .text.HAL_PWREx_ConfigSupply
                0x0800420c       0x54 build/debug/stm32h7xx_hal_pwr_ex.o
                0x0800420c                HAL_PWREx_ConfigSupply
 .text.HAL_RCC_OscConfig
                0x08004260      0x6b4 build/debug/stm32h7xx_hal_rcc.o
                0x08004260                HAL_RCC_OscConfig
 .text.HAL_RCC_GetSysClockFreq
                0x08004914      0x1f4 build/debug/stm32h7xx_hal_rcc.o
                0x08004914                HAL_RCC_GetSysClockFreq
 .text.HAL_RCC_ClockConfig
                0x08004b08      0x294 build/debug/stm32h7xx_hal_rcc.o
                0x08004b08                HAL_RCC_ClockConfig
 .text.HAL_RCC_GetHCLKFreq
                0x08004d9c       0x44 build/debug/stm32h7xx_hal_rcc.o
                0x08004d9c                HAL_RCC_GetHCLKFreq
 .text.HAL_RCC_GetPCLK1Freq
                0x08004de0       0x24 build/debug/stm32h7xx_hal_rcc.o
                0x08004de0                HAL_RCC_GetPCLK1Freq
 .text.HAL_RCC_GetPCLK2Freq
                0x08004e04       0x24 build/debug/stm32h7xx_hal_rcc.o
                0x08004e04                HAL_RCC_GetPCLK2Freq
 .text.HAL_RCC_GetClockConfig
                0x08004e28       0x54 build/debug/stm32h7xx_hal_rcc.o
                0x08004e28                HAL_RCC_GetClockConfig
 .text.RCCEx_PLL2_Config
                0x08004e7c      0x108 build/debug/stm32h7xx_hal_rcc_ex.o
 .text.RCCEx_PLL3_Config
                0x08004f84      0x108 build/debug/stm32h7xx_hal_rcc_ex.o
 .text.HAL_RCCEx_PeriphCLKConfig
                0x0800508c      0xaf0 build/debug/stm32h7xx_hal_rcc_ex.o
                0x0800508c                HAL_RCCEx_PeriphCLKConfig
 .text.HAL_RCCEx_GetD3PCLK1Freq
                0x08005b7c       0x24 build/debug/stm32h7xx_hal_rcc_ex.o
                0x08005b7c                HAL_RCCEx_GetD3PCLK1Freq
 .text.HAL_RCCEx_GetPLL2ClockFreq
                0x08005ba0      0x200 build/debug/stm32h7xx_hal_rcc_ex.o
                0x08005ba0                HAL_RCCEx_GetPLL2ClockFreq
 .text.HAL_RCCEx_GetPLL3ClockFreq
                0x08005da0      0x200 build/debug/stm32h7xx_hal_rcc_ex.o
                0x08005da0                HAL_RCCEx_GetPLL3ClockFreq
 .text.HAL_RCCEx_GetPLL1ClockFreq
                0x08005fa0      0x200 build/debug/stm32h7xx_hal_rcc_ex.o
                0x08005fa0                HAL_RCCEx_GetPLL1ClockFreq
 .text.HAL_RCCEx_GetPeriphCLKFreq
                0x080061a0      0x6dc build/debug/stm32h7xx_hal_rcc_ex.o
                0x080061a0                HAL_RCCEx_GetPeriphCLKFreq
 .text.SD_PowerON
                0x0800687c       0xcc build/debug/stm32h7xx_hal_sd.o
 .text.SD_SendSDStatus
                0x08006948      0x104 build/debug/stm32h7xx_hal_sd.o
 .text.SD_FindSCR
                0x08006a4c      0x108 build/debug/stm32h7xx_hal_sd.o
 .text.SD_WideBus_Enable
                0x08006b54       0x4e build/debug/stm32h7xx_hal_sd.o
 .text.SD_WideBus_Disable
                0x08006ba2       0x4e build/debug/stm32h7xx_hal_sd.o
 .text.SD_SendStatus
                0x08006bf0       0x2e build/debug/stm32h7xx_hal_sd.o
 *fill*         0x08006c1e        0x2 
 .text.HAL_SD_ReadBlocks_DMA
                0x08006c20       0xe4 build/debug/stm32h7xx_hal_sd.o
                0x08006c20                HAL_SD_ReadBlocks_DMA
 .text.HAL_SD_WriteBlocks_DMA
                0x08006d04       0xe4 build/debug/stm32h7xx_hal_sd.o
                0x08006d04                HAL_SD_WriteBlocks_DMA
 .text.HAL_SD_GetCardCSD
                0x08006de8      0x1b8 build/debug/stm32h7xx_hal_sd.o
                0x08006de8                HAL_SD_GetCardCSD
 .text.SD_InitCard
                0x08006fa0       0xfc build/debug/stm32h7xx_hal_sd.o
 .text.HAL_SD_InitCard
                0x0800709c       0xd4 build/debug/stm32h7xx_hal_sd.o
                0x0800709c                HAL_SD_InitCard
 .text.HAL_SD_GetCardStatus
                0x08007170       0xcc build/debug/stm32h7xx_hal_sd.o
                0x08007170                HAL_SD_GetCardStatus
 .text.HAL_SD_GetCardInfo
                0x0800723c       0x24 build/debug/stm32h7xx_hal_sd.o
                0x0800723c                HAL_SD_GetCardInfo
 .text.HAL_SD_ConfigWideBusOperation
                0x08007260      0x160 build/debug/stm32h7xx_hal_sd.o
                0x08007260                HAL_SD_ConfigWideBusOperation
 .text.HAL_SD_GetCardState
                0x080073c0       0x22 build/debug/stm32h7xx_hal_sd.o
                0x080073c0                HAL_SD_GetCardState
 .text.HAL_SD_Init
                0x080073e2       0xc4 build/debug/stm32h7xx_hal_sd.o
                0x080073e2                HAL_SD_Init
 .text.SPI_GetPacketSize
                0x080074a6       0x10 build/debug/stm32h7xx_hal_spi.o
 *fill*         0x080074b6        0x2 
 .text.HAL_SPI_Init
                0x080074b8      0x190 build/debug/stm32h7xx_hal_spi.o
                0x080074b8                HAL_SPI_Init
 .text.TIM_TI1_ConfigInputStage
                0x08007648       0x26 build/debug/stm32h7xx_hal_tim.o
 .text.TIM_TI2_ConfigInputStage
                0x0800766e       0x28 build/debug/stm32h7xx_hal_tim.o
 *fill*         0x08007696        0x2 
 .text.TIM_ITRx_SetConfig
                0x08007698       0x14 build/debug/stm32h7xx_hal_tim.o
 .text.HAL_TIM_Base_Start_IT
                0x080076ac       0x90 build/debug/stm32h7xx_hal_tim.o
                0x080076ac                HAL_TIM_Base_Start_IT
 .text.HAL_TIM_OC_DelayElapsedCallback
                0x0800773c        0x2 build/debug/stm32h7xx_hal_tim.o
                0x0800773c                HAL_TIM_OC_DelayElapsedCallback
 .text.HAL_TIM_IC_CaptureCallback
                0x0800773e        0x2 build/debug/stm32h7xx_hal_tim.o
                0x0800773e                HAL_TIM_IC_CaptureCallback
 .text.HAL_TIM_PWM_PulseFinishedCallback
                0x08007740        0x2 build/debug/stm32h7xx_hal_tim.o
                0x08007740                HAL_TIM_PWM_PulseFinishedCallback
 .text.HAL_TIM_TriggerCallback
                0x08007742        0x2 build/debug/stm32h7xx_hal_tim.o
                0x08007742                HAL_TIM_TriggerCallback
 .text.HAL_TIM_IRQHandler
                0x08007744      0x180 build/debug/stm32h7xx_hal_tim.o
                0x08007744                HAL_TIM_IRQHandler
 .text.TIM_Base_SetConfig
                0x080078c4      0x124 build/debug/stm32h7xx_hal_tim.o
                0x080078c4                TIM_Base_SetConfig
 .text.HAL_TIM_Base_Init
                0x080079e8       0x60 build/debug/stm32h7xx_hal_tim.o
                0x080079e8                HAL_TIM_Base_Init
 .text.TIM_ETR_SetConfig
                0x08007a48       0x16 build/debug/stm32h7xx_hal_tim.o
                0x08007a48                TIM_ETR_SetConfig
 *fill*         0x08007a5e        0x2 
 .text.HAL_TIM_ConfigClockSource
                0x08007a60      0x138 build/debug/stm32h7xx_hal_tim.o
                0x08007a60                HAL_TIM_ConfigClockSource
 .text.HAL_TIMEx_MasterConfigSynchronization
                0x08007b98       0xa4 build/debug/stm32h7xx_hal_tim_ex.o
                0x08007b98                HAL_TIMEx_MasterConfigSynchronization
 .text.HAL_TIMEx_CommutCallback
                0x08007c3c        0x2 build/debug/stm32h7xx_hal_tim_ex.o
                0x08007c3c                HAL_TIMEx_CommutCallback
 .text.HAL_TIMEx_BreakCallback
                0x08007c3e        0x2 build/debug/stm32h7xx_hal_tim_ex.o
                0x08007c3e                HAL_TIMEx_BreakCallback
 .text.HAL_TIMEx_Break2Callback
                0x08007c40        0x2 build/debug/stm32h7xx_hal_tim_ex.o
                0x08007c40                HAL_TIMEx_Break2Callback
 *fill*         0x08007c42        0x2 
 .text.HAL_InitTick
                0x08007c44       0x90 build/debug/stm32h7xx_hal_timebase_tim.o
                0x08007c44                HAL_InitTick
 .text.UART_EndRxTransfer
                0x08007cd4       0x58 build/debug/stm32h7xx_hal_uart.o
 .text.HAL_UART_TxCpltCallback
                0x08007d2c        0x2 build/debug/stm32h7xx_hal_uart.o
                0x08007d2c                HAL_UART_TxCpltCallback
 .text.UART_EndTransmit_IT
                0x08007d2e       0x22 build/debug/stm32h7xx_hal_uart.o
 .text.HAL_UART_ErrorCallback
                0x08007d50        0x2 build/debug/stm32h7xx_hal_uart.o
                0x08007d50                HAL_UART_ErrorCallback
 .text.UART_DMAAbortOnError
                0x08007d52       0x10 build/debug/stm32h7xx_hal_uart.o
 .text.HAL_UARTEx_RxEventCallback
                0x08007d62        0x2 build/debug/stm32h7xx_hal_uart.o
                0x08007d62                HAL_UARTEx_RxEventCallback
 .text.HAL_UART_IRQHandler
                0x08007d64      0x3e4 build/debug/stm32h7xx_hal_uart.o
                0x08007d64                HAL_UART_IRQHandler
 .text.UART_SetConfig
                0x08008148      0x5c4 build/debug/stm32h7xx_hal_uart.o
                0x08008148                UART_SetConfig
 .text.UART_AdvFeatureConfig
                0x0800870c       0xca build/debug/stm32h7xx_hal_uart.o
                0x0800870c                UART_AdvFeatureConfig
 .text.UART_WaitOnFlagUntilTimeout
                0x080087d6       0xa4 build/debug/stm32h7xx_hal_uart.o
                0x080087d6                UART_WaitOnFlagUntilTimeout
 .text.UART_CheckIdleState
                0x0800887a       0xc6 build/debug/stm32h7xx_hal_uart.o
                0x0800887a                UART_CheckIdleState
 .text.HAL_UART_Init
                0x08008940       0x66 build/debug/stm32h7xx_hal_uart.o
                0x08008940                HAL_UART_Init
 *fill*         0x080089a6        0x2 
 .text.UARTEx_SetNbDataToProcess
                0x080089a8       0x54 build/debug/stm32h7xx_hal_uart_ex.o
 .text.HAL_UARTEx_WakeupCallback
                0x080089fc        0x2 build/debug/stm32h7xx_hal_uart_ex.o
                0x080089fc                HAL_UARTEx_WakeupCallback
 .text.HAL_UARTEx_RxFifoFullCallback
                0x080089fe        0x2 build/debug/stm32h7xx_hal_uart_ex.o
                0x080089fe                HAL_UARTEx_RxFifoFullCallback
 .text.HAL_UARTEx_TxFifoEmptyCallback
                0x08008a00        0x2 build/debug/stm32h7xx_hal_uart_ex.o
                0x08008a00                HAL_UARTEx_TxFifoEmptyCallback
 .text.HAL_UARTEx_DisableFifoMode
                0x08008a02       0x3e build/debug/stm32h7xx_hal_uart_ex.o
                0x08008a02                HAL_UARTEx_DisableFifoMode
 .text.HAL_UARTEx_SetTxFifoThreshold
                0x08008a40       0x4a build/debug/stm32h7xx_hal_uart_ex.o
                0x08008a40                HAL_UARTEx_SetTxFifoThreshold
 .text.HAL_UARTEx_SetRxFifoThreshold
                0x08008a8a       0x4a build/debug/stm32h7xx_hal_uart_ex.o
                0x08008a8a                HAL_UARTEx_SetRxFifoThreshold
 .text.NMI_Handler
                0x08008ad4        0x2 build/debug/stm32h7xx_it.o
                0x08008ad4                NMI_Handler
 .text.HardFault_Handler
                0x08008ad6        0x2 build/debug/stm32h7xx_it.o
                0x08008ad6                HardFault_Handler
 .text.MemManage_Handler
                0x08008ad8        0x2 build/debug/stm32h7xx_it.o
                0x08008ad8                MemManage_Handler
 .text.BusFault_Handler
                0x08008ada        0x2 build/debug/stm32h7xx_it.o
                0x08008ada                BusFault_Handler
 .text.UsageFault_Handler
                0x08008adc        0x2 build/debug/stm32h7xx_it.o
                0x08008adc                UsageFault_Handler
 .text.DebugMon_Handler
                0x08008ade        0x2 build/debug/stm32h7xx_it.o
                0x08008ade                DebugMon_Handler
 .text.TIM1_UP_IRQHandler
                0x08008ae0       0x10 build/debug/stm32h7xx_it.o
                0x08008ae0                TIM1_UP_IRQHandler
 .text.TIM2_IRQHandler
                0x08008af0       0x10 build/debug/stm32h7xx_it.o
                0x08008af0                TIM2_IRQHandler
 .text.TIM3_IRQHandler
                0x08008b00       0x10 build/debug/stm32h7xx_it.o
                0x08008b00                TIM3_IRQHandler
 .text.UART4_IRQHandler
                0x08008b10       0x10 build/debug/stm32h7xx_it.o
                0x08008b10                UART4_IRQHandler
 .text.TIM6_DAC_IRQHandler
                0x08008b20       0x10 build/debug/stm32h7xx_it.o
                0x08008b20                TIM6_DAC_IRQHandler
 .text.SDMMC_GetCmdError
                0x08008b30       0x40 build/debug/stm32h7xx_ll_sdmmc.o
 .text.SDMMC_Init
                0x08008b70       0x30 build/debug/stm32h7xx_ll_sdmmc.o
                0x08008b70                SDMMC_Init
 .text.SDMMC_ReadFIFO
                0x08008ba0        0x6 build/debug/stm32h7xx_ll_sdmmc.o
                0x08008ba0                SDMMC_ReadFIFO
 .text.SDMMC_PowerState_ON
                0x08008ba6        0xc build/debug/stm32h7xx_ll_sdmmc.o
                0x08008ba6                SDMMC_PowerState_ON
 .text.SDMMC_GetPowerState
                0x08008bb2        0x8 build/debug/stm32h7xx_ll_sdmmc.o
                0x08008bb2                SDMMC_GetPowerState
 *fill*         0x08008bba        0x2 
 .text.SDMMC_SendCommand
                0x08008bbc       0x24 build/debug/stm32h7xx_ll_sdmmc.o
                0x08008bbc                SDMMC_SendCommand
 .text.SDMMC_GetCommandResponse
                0x08008be0        0x6 build/debug/stm32h7xx_ll_sdmmc.o
                0x08008be0                SDMMC_GetCommandResponse
 .text.SDMMC_GetResponse
                0x08008be6        0x6 build/debug/stm32h7xx_ll_sdmmc.o
                0x08008be6                SDMMC_GetResponse
 .text.SDMMC_ConfigData
                0x08008bec       0x24 build/debug/stm32h7xx_ll_sdmmc.o
                0x08008bec                SDMMC_ConfigData
 .text.SDMMC_CmdGoIdleState
                0x08008c10       0x26 build/debug/stm32h7xx_ll_sdmmc.o
                0x08008c10                SDMMC_CmdGoIdleState
 *fill*         0x08008c36        0x2 
 .text.SDMMC_GetCmdResp1
                0x08008c38      0x160 build/debug/stm32h7xx_ll_sdmmc.o
                0x08008c38                SDMMC_GetCmdResp1
 .text.SDMMC_CmdBlockLength
                0x08008d98       0x32 build/debug/stm32h7xx_ll_sdmmc.o
                0x08008d98                SDMMC_CmdBlockLength
 .text.SDMMC_CmdReadSingleBlock
                0x08008dca       0x32 build/debug/stm32h7xx_ll_sdmmc.o
                0x08008dca                SDMMC_CmdReadSingleBlock
 .text.SDMMC_CmdReadMultiBlock
                0x08008dfc       0x32 build/debug/stm32h7xx_ll_sdmmc.o
                0x08008dfc                SDMMC_CmdReadMultiBlock
 .text.SDMMC_CmdWriteSingleBlock
                0x08008e2e       0x32 build/debug/stm32h7xx_ll_sdmmc.o
                0x08008e2e                SDMMC_CmdWriteSingleBlock
 .text.SDMMC_CmdWriteMultiBlock
                0x08008e60       0x32 build/debug/stm32h7xx_ll_sdmmc.o
                0x08008e60                SDMMC_CmdWriteMultiBlock
 .text.SDMMC_CmdSelDesel
                0x08008e92       0x32 build/debug/stm32h7xx_ll_sdmmc.o
                0x08008e92                SDMMC_CmdSelDesel
 .text.SDMMC_CmdAppCommand
                0x08008ec4       0x32 build/debug/stm32h7xx_ll_sdmmc.o
                0x08008ec4                SDMMC_CmdAppCommand
 .text.SDMMC_CmdBusWidth
                0x08008ef6       0x32 build/debug/stm32h7xx_ll_sdmmc.o
                0x08008ef6                SDMMC_CmdBusWidth
 .text.SDMMC_CmdSendSCR
                0x08008f28       0x32 build/debug/stm32h7xx_ll_sdmmc.o
                0x08008f28                SDMMC_CmdSendSCR
 .text.SDMMC_CmdSendStatus
                0x08008f5a       0x32 build/debug/stm32h7xx_ll_sdmmc.o
                0x08008f5a                SDMMC_CmdSendStatus
 .text.SDMMC_CmdStatusRegister
                0x08008f8c       0x32 build/debug/stm32h7xx_ll_sdmmc.o
                0x08008f8c                SDMMC_CmdStatusRegister
 *fill*         0x08008fbe        0x2 
 .text.SDMMC_GetCmdResp2
                0x08008fc0       0x60 build/debug/stm32h7xx_ll_sdmmc.o
                0x08008fc0                SDMMC_GetCmdResp2
 .text.SDMMC_CmdSendCID
                0x08009020       0x2c build/debug/stm32h7xx_ll_sdmmc.o
                0x08009020                SDMMC_CmdSendCID
 .text.SDMMC_CmdSendCSD
                0x0800904c       0x2c build/debug/stm32h7xx_ll_sdmmc.o
                0x0800904c                SDMMC_CmdSendCSD
 .text.SDMMC_GetCmdResp3
                0x08009078       0x54 build/debug/stm32h7xx_ll_sdmmc.o
                0x08009078                SDMMC_GetCmdResp3
 .text.SDMMC_CmdAppOperCommand
                0x080090cc       0x2c build/debug/stm32h7xx_ll_sdmmc.o
                0x080090cc                SDMMC_CmdAppOperCommand
 .text.SDMMC_GetCmdResp6
                0x080090f8       0xa8 build/debug/stm32h7xx_ll_sdmmc.o
                0x080090f8                SDMMC_GetCmdResp6
 .text.SDMMC_CmdSetRelAdd
                0x080091a0       0x32 build/debug/stm32h7xx_ll_sdmmc.o
                0x080091a0                SDMMC_CmdSetRelAdd
 *fill*         0x080091d2        0x2 
 .text.SDMMC_GetCmdResp7
                0x080091d4       0x68 build/debug/stm32h7xx_ll_sdmmc.o
                0x080091d4                SDMMC_GetCmdResp7
 .text.SDMMC_CmdOperCond
                0x0800923c       0x30 build/debug/stm32h7xx_ll_sdmmc.o
                0x0800923c                SDMMC_CmdOperCond
 .text.SystemInit
                0x0800926c       0xf0 build/debug/system_stm32h7xx.o
                0x0800926c                SystemInit
 .text.ExitRun0Mode
                0x0800935c       0x1c build/debug/system_stm32h7xx.o
                0x0800935c                ExitRun0Mode
 .text.prvResetNextTaskUnblockTime
                0x08009378       0x2c build/debug/tasks.o
 .text.prvInitialiseNewTask
                0x080093a4       0x9a build/debug/tasks.o
 *fill*         0x0800943e        0x2 
 .text.prvInitialiseTaskLists
                0x08009440       0x68 build/debug/tasks.o
 .text.prvAddNewTaskToReadyList
                0x080094a8       0xac build/debug/tasks.o
 .text.prvDeleteTCB
                0x08009554       0x38 build/debug/tasks.o
 .text.prvCheckTasksWaitingTermination
                0x0800958c       0x4c build/debug/tasks.o
 .text.prvIdleTask
                0x080095d8       0x28 build/debug/tasks.o
 .text.prvAddCurrentTaskToDelayedList
                0x08009600       0x84 build/debug/tasks.o
 .text.xTaskCreateStatic
                0x08009684       0x80 build/debug/tasks.o
                0x08009684                xTaskCreateStatic
 .text.xTaskCreate
                0x08009704       0x62 build/debug/tasks.o
                0x08009704                xTaskCreate
 *fill*         0x08009766        0x2 
 .text.vTaskStartScheduler
                0x08009768       0x98 build/debug/tasks.o
                0x08009768                vTaskStartScheduler
 .text.vTaskSuspendAll
                0x08009800       0x10 build/debug/tasks.o
                0x08009800                vTaskSuspendAll
 .text.xTaskGetTickCount
                0x08009810        0xc build/debug/tasks.o
                0x08009810                xTaskGetTickCount
 .text.xTaskGetTickCountFromISR
                0x0800981c       0x10 build/debug/tasks.o
                0x0800981c                xTaskGetTickCountFromISR
 .text.xTaskIncrementTick
                0x0800982c      0x124 build/debug/tasks.o
                0x0800982c                xTaskIncrementTick
 .text.xTaskResumeAll
                0x08009950       0xf8 build/debug/tasks.o
                0x08009950                xTaskResumeAll
 .text.vTaskDelayUntil
                0x08009a48       0xa8 build/debug/tasks.o
                0x08009a48                vTaskDelayUntil
 .text.vTaskDelay
                0x08009af0       0x4c build/debug/tasks.o
                0x08009af0                vTaskDelay
 .text.vTaskSwitchContext
                0x08009b3c       0xcc build/debug/tasks.o
                0x08009b3c                vTaskSwitchContext
 .text.vTaskPlaceOnEventList
                0x08009c08       0x30 build/debug/tasks.o
                0x08009c08                vTaskPlaceOnEventList
 .text.vTaskPlaceOnEventListRestricted
                0x08009c38       0x3c build/debug/tasks.o
                0x08009c38                vTaskPlaceOnEventListRestricted
 .text.xTaskRemoveFromEventList
                0x08009c74       0x90 build/debug/tasks.o
                0x08009c74                xTaskRemoveFromEventList
 .text.vTaskInternalSetTimeOutState
                0x08009d04       0x18 build/debug/tasks.o
                0x08009d04                vTaskInternalSetTimeOutState
 .text.xTaskCheckForTimeOut
                0x08009d1c       0x88 build/debug/tasks.o
                0x08009d1c                xTaskCheckForTimeOut
 .text.vTaskMissedYield
                0x08009da4        0xc build/debug/tasks.o
                0x08009da4                vTaskMissedYield
 .text.xTaskGetCurrentTaskHandle
                0x08009db0        0xc build/debug/tasks.o
                0x08009db0                xTaskGetCurrentTaskHandle
 .text.xTaskGetSchedulerState
                0x08009dbc       0x20 build/debug/tasks.o
                0x08009dbc                xTaskGetSchedulerState
 .text.xTaskPriorityInherit
                0x08009ddc       0x98 build/debug/tasks.o
                0x08009ddc                xTaskPriorityInherit
 .text.xTaskPriorityDisinherit
                0x08009e74       0x90 build/debug/tasks.o
                0x08009e74                xTaskPriorityDisinherit
 .text.vTaskPriorityDisinheritAfterTimeout
                0x08009f04       0xa4 build/debug/tasks.o
                0x08009f04                vTaskPriorityDisinheritAfterTimeout
 .text.pvTaskIncrementMutexHeldCount
                0x08009fa8       0x1c build/debug/tasks.o
                0x08009fa8                pvTaskIncrementMutexHeldCount
 .text.prvGetNextExpireTime
                0x08009fc4       0x20 build/debug/timers.o
 .text.prvInsertTimerInActiveList
                0x08009fe4       0x50 build/debug/timers.o
 .text.prvCheckForValidListAndQueue
                0x0800a034       0x70 build/debug/timers.o
 .text.xTimerCreateTimerTask
                0x0800a0a4       0x64 build/debug/timers.o
                0x0800a0a4                xTimerCreateTimerTask
 .text.xTimerGenericCommand
                0x0800a108       0x68 build/debug/timers.o
                0x0800a108                xTimerGenericCommand
 .text.prvSwitchTimerLists
                0x0800a170       0x7c build/debug/timers.o
 .text.prvSampleTimeNow
                0x0800a1ec       0x2c build/debug/timers.o
 .text.prvProcessExpiredTimer
                0x0800a218       0x6c build/debug/timers.o
 .text.prvProcessTimerOrBlockTask
                0x0800a284       0x78 build/debug/timers.o
 .text.prvProcessReceivedCommands
                0x0800a2fc      0x124 build/debug/timers.o
 .text.prvTimerTask
                0x0800a420       0x16 build/debug/timers.o
 *fill*         0x0800a436        0x2 
 .text.Reset_Handler
                0x0800a438       0x54 build/debug/startup_stm32h750xx.o
                0x0800a438                Reset_Handler
 .text.Default_Handler
                0x0800a48c        0x2 build/debug/startup_stm32h750xx.o
                0x0800a48c                RTC_Alarm_IRQHandler
                0x0800a48c                HASH_RNG_IRQHandler
                0x0800a48c                EXTI2_IRQHandler
                0x0800a48c                TIM8_CC_IRQHandler
                0x0800a48c                HRTIM1_Master_IRQHandler
                0x0800a48c                UART8_IRQHandler
                0x0800a48c                SPI4_IRQHandler
                0x0800a48c                TIM1_CC_IRQHandler
                0x0800a48c                BDMA_Channel6_IRQHandler
                0x0800a48c                DMA2_Stream5_IRQHandler
                0x0800a48c                HRTIM1_FLT_IRQHandler
                0x0800a48c                JPEG_IRQHandler
                0x0800a48c                DMA1_Stream5_IRQHandler
                0x0800a48c                BDMA_Channel1_IRQHandler
                0x0800a48c                HRTIM1_TIMD_IRQHandler
                0x0800a48c                TAMP_STAMP_IRQHandler
                0x0800a48c                EXTI3_IRQHandler
                0x0800a48c                LPTIM4_IRQHandler
                0x0800a48c                TIM8_TRG_COM_TIM14_IRQHandler
                0x0800a48c                LPTIM2_IRQHandler
                0x0800a48c                DFSDM1_FLT1_IRQHandler
                0x0800a48c                DMAMUX2_OVR_IRQHandler
                0x0800a48c                TIM8_UP_TIM13_IRQHandler
                0x0800a48c                I2C3_ER_IRQHandler
                0x0800a48c                DFSDM1_FLT2_IRQHandler
                0x0800a48c                MDMA_IRQHandler
                0x0800a48c                LPTIM3_IRQHandler
                0x0800a48c                HSEM1_IRQHandler
                0x0800a48c                EXTI0_IRQHandler
                0x0800a48c                I2C2_EV_IRQHandler
                0x0800a48c                DMA1_Stream2_IRQHandler
                0x0800a48c                FPU_IRQHandler
                0x0800a48c                OTG_HS_WKUP_IRQHandler
                0x0800a48c                FDCAN1_IT1_IRQHandler
                0x0800a48c                LTDC_ER_IRQHandler
                0x0800a48c                DMA2_Stream2_IRQHandler
                0x0800a48c                HRTIM1_TIME_IRQHandler
                0x0800a48c                SPI1_IRQHandler
                0x0800a48c                DCMI_IRQHandler
                0x0800a48c                HRTIM1_TIMC_IRQHandler
                0x0800a48c                DMA2_Stream3_IRQHandler
                0x0800a48c                SAI2_IRQHandler
                0x0800a48c                DFSDM1_FLT3_IRQHandler
                0x0800a48c                USART6_IRQHandler
                0x0800a48c                TIM17_IRQHandler
                0x0800a48c                USART3_IRQHandler
                0x0800a48c                BDMA_Channel7_IRQHandler
                0x0800a48c                CRYP_IRQHandler
                0x0800a48c                LPTIM5_IRQHandler
                0x0800a48c                UART5_IRQHandler
                0x0800a48c                ADC3_IRQHandler
                0x0800a48c                DMA2_Stream0_IRQHandler
                0x0800a48c                TIM4_IRQHandler
                0x0800a48c                BDMA_Channel2_IRQHandler
                0x0800a48c                QUADSPI_IRQHandler
                0x0800a48c                I2C1_EV_IRQHandler
                0x0800a48c                DMA1_Stream6_IRQHandler
                0x0800a48c                DMAMUX1_OVR_IRQHandler
                0x0800a48c                DMA1_Stream1_IRQHandler
                0x0800a48c                TIM16_IRQHandler
                0x0800a48c                BDMA_Channel5_IRQHandler
                0x0800a48c                RCC_IRQHandler
                0x0800a48c                TIM8_BRK_TIM12_IRQHandler
                0x0800a48c                TIM1_TRG_COM_IRQHandler
                0x0800a48c                Default_Handler
                0x0800a48c                ECC_IRQHandler
                0x0800a48c                CEC_IRQHandler
                0x0800a48c                EXTI15_10_IRQHandler
                0x0800a48c                BDMA_Channel0_IRQHandler
                0x0800a48c                ADC_IRQHandler
                0x0800a48c                DMA1_Stream7_IRQHandler
                0x0800a48c                HRTIM1_TIMA_IRQHandler
                0x0800a48c                SPI5_IRQHandler
                0x0800a48c                TIM7_IRQHandler
                0x0800a48c                SDMMC1_IRQHandler
                0x0800a48c                TIM5_IRQHandler
                0x0800a48c                DMA2_Stream7_IRQHandler
                0x0800a48c                TIM15_IRQHandler
                0x0800a48c                PVD_AVD_IRQHandler
                0x0800a48c                I2C3_EV_IRQHandler
                0x0800a48c                EXTI9_5_IRQHandler
                0x0800a48c                RTC_WKUP_IRQHandler
                0x0800a48c                LTDC_IRQHandler
                0x0800a48c                SAI3_IRQHandler
                0x0800a48c                ETH_WKUP_IRQHandler
                0x0800a48c                SPDIF_RX_IRQHandler
                0x0800a48c                SPI2_IRQHandler
                0x0800a48c                OTG_HS_EP1_IN_IRQHandler
                0x0800a48c                DMA1_Stream0_IRQHandler
                0x0800a48c                CRS_IRQHandler
                0x0800a48c                EXTI4_IRQHandler
                0x0800a48c                HRTIM1_TIMB_IRQHandler
                0x0800a48c                FDCAN2_IT1_IRQHandler
                0x0800a48c                ETH_IRQHandler
                0x0800a48c                BDMA_Channel4_IRQHandler
                0x0800a48c                OTG_HS_EP1_OUT_IRQHandler
                0x0800a48c                WWDG_IRQHandler
                0x0800a48c                SPI6_IRQHandler
                0x0800a48c                MDIOS_IRQHandler
                0x0800a48c                I2C4_EV_IRQHandler
                0x0800a48c                FDCAN2_IT0_IRQHandler
                0x0800a48c                LPUART1_IRQHandler
                0x0800a48c                FDCAN1_IT0_IRQHandler
                0x0800a48c                OTG_FS_WKUP_IRQHandler
                0x0800a48c                OTG_HS_IRQHandler
                0x0800a48c                DMA2D_IRQHandler
                0x0800a48c                TIM1_BRK_IRQHandler
                0x0800a48c                EXTI1_IRQHandler
                0x0800a48c                SDMMC2_IRQHandler
                0x0800a48c                OTG_FS_EP1_OUT_IRQHandler
                0x0800a48c                BDMA_Channel3_IRQHandler
                0x0800a48c                UART7_IRQHandler
                0x0800a48c                MDIOS_WKUP_IRQHandler
                0x0800a48c                USART2_IRQHandler
                0x0800a48c                DFSDM1_FLT0_IRQHandler
                0x0800a48c                SAI4_IRQHandler
                0x0800a48c                I2C2_ER_IRQHandler
                0x0800a48c                DMA2_Stream1_IRQHandler
                0x0800a48c                FLASH_IRQHandler
                0x0800a48c                DMA2_Stream4_IRQHandler
                0x0800a48c                USART1_IRQHandler
                0x0800a48c                OTG_FS_IRQHandler
                0x0800a48c                SPI3_IRQHandler
                0x0800a48c                WAKEUP_PIN_IRQHandler
                0x0800a48c                DMA1_Stream4_IRQHandler
                0x0800a48c                OTG_FS_EP1_IN_IRQHandler
                0x0800a48c                I2C1_ER_IRQHandler
                0x0800a48c                FMC_IRQHandler
                0x0800a48c                FDCAN_CAL_IRQHandler
                0x0800a48c                SWPMI1_IRQHandler
                0x0800a48c                COMP1_IRQHandler
                0x0800a48c                LPTIM1_IRQHandler
                0x0800a48c                I2C4_ER_IRQHandler
                0x0800a48c                DMA2_Stream6_IRQHandler
                0x0800a48c                SAI1_IRQHandler
                0x0800a48c                DMA1_Stream3_IRQHandler
 .text.memset   0x0800a48e       0x10 c:/Users/jason/AppData/Roaming/Code/User/globalStorage/bmd.stm32-for-vscode/@xpack-dev-tools/arm-none-eabi-gcc/15.2.1-1.1.1/.content/bin/../lib/gcc/arm-none-eabi/15.2.1/../../../../arm-none-eabi/lib/thumb/v7e-m+dp/hard\libc_nano.a(libc_a-memset.o)
                0x0800a48e                memset
 *fill*         0x0800a49e        0x2 
 .text.__errno  0x0800a4a0        0xc c:/Users/jason/AppData/Roaming/Code/User/globalStorage/bmd.stm32-for-vscode/@xpack-dev-tools/arm-none-eabi-gcc/15.2.1-1.1.1/.content/bin/../lib/gcc/arm-none-eabi/15.2.1/../../../../arm-none-eabi/lib/thumb/v7e-m+dp/hard\libc_nano.a(libc_a-errno.o)
                0x0800a4a0                __errno
 .text.__libc_init_array
                0x0800a4ac       0x48 c:/Users/jason/AppData/Roaming/Code/User/globalStorage/bmd.stm32-for-vscode/@xpack-dev-tools/arm-none-eabi-gcc/15.2.1-1.1.1/.content/bin/../lib/gcc/arm-none-eabi/15.2.1/../../../../arm-none-eabi/lib/thumb/v7e-m+dp/hard\libc_nano.a(libc_a-init.o)
                0x0800a4ac                __libc_init_array
 .text.memcpy   0x0800a4f4       0x1c c:/Users/jason/AppData/Roaming/Code/User/globalStorage/bmd.stm32-for-vscode/@xpack-dev-tools/arm-none-eabi-gcc/15.2.1-1.1.1/.content/bin/../lib/gcc/arm-none-eabi/15.2.1/../../../../arm-none-eabi/lib/thumb/v7e-m+dp/hard\libc_nano.a(libc_a-memcpy-stub.o)
                0x0800a4f4                memcpy
 .text.pow      0x0800a510      0x5e0 c:/Users/jason/AppData/Roaming/Code/User/globalStorage/bmd.stm32-for-vscode/@xpack-dev-tools/arm-none-eabi-gcc/15.2.1-1.1.1/.content/bin/../lib/gcc/arm-none-eabi/15.2.1/../../../../arm-none-eabi/lib/thumb/v7e-m+dp/hard\libm.a(libm_a-pow.o)
                0x0800a510                pow
 .text.with_errno
                0x0800aaf0       0x18 c:/Users/jason/AppData/Roaming/Code/User/globalStorage/bmd.stm32-for-vscode/@xpack-dev-tools/arm-none-eabi-gcc/15.2.1-1.1.1/.content/bin/../lib/gcc/arm-none-eabi/15.2.1/../../../../arm-none-eabi/lib/thumb/v7e-m+dp/hard\libm.a(libm_a-math_err.o)
 .text.xflow    0x0800ab08       0x24 c:/Users/jason/AppData/Roaming/Code/User/globalStorage/bmd.stm32-for-vscode/@xpack-dev-tools/arm-none-eabi-gcc/15.2.1-1.1.1/.content/bin/../lib/gcc/arm-none-eabi/15.2.1/../../../../arm-none-eabi/lib/thumb/v7e-m+dp/hard\libm.a(libm_a-math_err.o)
 *fill*         0x0800ab2c        0x4 
 .text.__math_uflow
                0x0800ab30       0x10 c:/Users/jason/AppData/Roaming/Code/User/globalStorage/bmd.stm32-for-vscode/@xpack-dev-tools/arm-none-eabi-gcc/15.2.1-1.1.1/.content/bin/../lib/gcc/arm-none-eabi/15.2.1/../../../../arm-none-eabi/lib/thumb/v7e-m+dp/hard\libm.a(libm_a-math_err.o)
                0x0800ab30                __math_uflow
 .text.__math_oflow
                0x0800ab40       0x10 c:/Users/jason/AppData/Roaming/Code/User/globalStorage/bmd.stm32-for-vscode/@xpack-dev-tools/arm-none-eabi-gcc/15.2.1-1.1.1/.content/bin/../lib/gcc/arm-none-eabi/15.2.1/../../../../arm-none-eabi/lib/thumb/v7e-m+dp/hard\libm.a(libm_a-math_err.o)
                0x0800ab40                __math_oflow
 .text.__math_divzero
                0x0800ab50       0x30 c:/Users/jason/AppData/Roaming/Code/User/globalStorage/bmd.stm32-for-vscode/@xpack-dev-tools/arm-none-eabi-gcc/15.2.1-1.1.1/.content/bin/../lib/gcc/arm-none-eabi/15.2.1/../../../../arm-none-eabi/lib/thumb/v7e-m+dp/hard\libm.a(libm_a-math_err.o)
                0x0800ab50                __math_divzero
 .text.__math_invalid
                0x0800ab80       0x20 c:/Users/jason/AppData/Roaming/Code/User/globalStorage/bmd.stm32-for-vscode/@xpack-dev-tools/arm-none-eabi-gcc/15.2.1-1.1.1/.content/bin/../lib/gcc/arm-none-eabi/15.2.1/../../../../arm-none-eabi/lib/thumb/v7e-m+dp/hard\libm.a(libm_a-math_err.o)
                0x0800ab80                __math_invalid
 .text.__math_check_uflow
                0x0800aba0       0x14 c:/Users/jason/AppData/Roaming/Code/User/globalStorage/bmd.stm32-for-vscode/@xpack-dev-tools/arm-none-eabi-gcc/15.2.1-1.1.1/.content/bin/../lib/gcc/arm-none-eabi/15.2.1/../../../../arm-none-eabi/lib/thumb/v7e-m+dp/hard\libm.a(libm_a-math_err.o)
                0x0800aba0                __math_check_uflow
 *fill*         0x0800abb4        0x4 
 .text.__math_check_oflow
                0x0800abb8       0x28 c:/Users/jason/AppData/Roaming/Code/User/globalStorage/bmd.stm32-for-vscode/@xpack-dev-tools/arm-none-eabi-gcc/15.2.1-1.1.1/.content/bin/../lib/gcc/arm-none-eabi/15.2.1/../../../../arm-none-eabi/lib/thumb/v7e-m+dp/hard\libm.a(libm_a-math_err.o)
                0x0800abb8                __math_check_oflow
 .text.__udivmoddi4
                0x0800abe0      0x320 c:/Users/jason/AppData/Roaming/Code/User/globalStorage/bmd.stm32-for-vscode/@xpack-dev-tools/arm-none-eabi-gcc/15.2.1-1.1.1/.content/bin/../lib/gcc/arm-none-eabi/15.2.1/thumb/v7e-m+dp/hard\libgcc.a(_udivmoddi4.o)
                0x0800abe0                __udivmoddi4
 *(.glue_7)
 .glue_7        0x0800af00        0x0 linker stubs
 *(.glue_7t)
 .glue_7t       0x0800af00        0x0 linker stubs
 *(.eh_frame)
 .eh_frame      0x0800af00        0x0 c:/Users/jason/AppData/Roaming/Code/User/globalStorage/bmd.stm32-for-vscode/@xpack-dev-tools/arm-none-eabi-gcc/15.2.1-1.1.1/.content/bin/../lib/gcc/arm-none-eabi/15.2.1/thumb/v7e-m+dp/hard/crtbegin.o
 *(.init)
 .init          0x0800af00        0x4 c:/Users/jason/AppData/Roaming/Code/User/globalStorage/bmd.stm32-for-vscode/@xpack-dev-tools/arm-none-eabi-gcc/15.2.1-1.1.1/.content/bin/../lib/gcc/arm-none-eabi/15.2.1/thumb/v7e-m+dp/hard/crti.o
                0x0800af00                _init
 .init          0x0800af04        0x8 c:/Users/jason/AppData/Roaming/Code/User/globalStorage/bmd.stm32-for-vscode/@xpack-dev-tools/arm-none-eabi-gcc/15.2.1-1.1.1/.content/bin/../lib/gcc/arm-none-eabi/15.2.1/thumb/v7e-m+dp/hard/crtn.o
 *(.fini)
 .fini          0x0800af0c        0x4 c:/Users/jason/AppData/Roaming/Code/User/globalStorage/bmd.stm32-for-vscode/@xpack-dev-tools/arm-none-eabi-gcc/15.2.1-1.1.1/.content/bin/../lib/gcc/arm-none-eabi/15.2.1/thumb/v7e-m+dp/hard/crti.o
                0x0800af0c                _fini
 .fini          0x0800af10        0x8 c:/Users/jason/AppData/Roaming/Code/User/globalStorage/bmd.stm32-for-vscode/@xpack-dev-tools/arm-none-eabi-gcc/15.2.1-1.1.1/.content/bin/../lib/gcc/arm-none-eabi/15.2.1/thumb/v7e-m+dp/hard/crtn.o
                0x0800af18                        . = ALIGN (0x4)
                0x0800af18                        _etext = .

.vfp11_veneer   0x0800af18        0x0
 .vfp11_veneer  0x0800af18        0x0 linker stubs

.v4_bx          0x0800af18        0x0
 .v4_bx         0x0800af18        0x0 linker stubs

.iplt           0x0800af18        0x0
 .iplt          0x0800af18        0x0 c:/Users/jason/AppData/Roaming/Code/User/globalStorage/bmd.stm32-for-vscode/@xpack-dev-tools/arm-none-eabi-gcc/15.2.1-1.1.1/.content/bin/../lib/gcc/arm-none-eabi/15.2.1/thumb/v7e-m+dp/hard/crtbegin.o

.rodata         0x0800af18     0x1950
                0x0800af18                        . = ALIGN (0x4)
 *(.rodata)
 *(.rodata*)
 .rodata.str1.4
                0x0800af18       0x24 build/debug/main.o
                                  0xc (size before relaxing)
 .rodata.defaultTask_attributes
                0x0800af3c       0x24 build/debug/main.o
                0x0800af3c                defaultTask_attributes
 .rodata.SD_Driver
                0x0800af60       0x14 build/debug/sd_diskio.o
                0x0800af60                SD_Driver
 .rodata.UARTPrescTable
                0x0800af74       0x18 build/debug/stm32h7xx_hal_uart.o
                0x0800af74                UARTPrescTable
 .rodata.denominator.0
                0x0800af8c        0x8 build/debug/stm32h7xx_hal_uart_ex.o
 .rodata.numerator.1
                0x0800af94        0x8 build/debug/stm32h7xx_hal_uart_ex.o
 .rodata.D1CorePrescTable
                0x0800af9c       0x10 build/debug/system_stm32h7xx.o
                0x0800af9c                D1CorePrescTable
 .rodata.vTaskStartScheduler.str1.4
                0x0800afac        0x0 build/debug/tasks.o
                                  0x5 (size before relaxing)
 .rodata.prvCheckForValidListAndQueue.str1.4
                0x0800afac        0x0 build/debug/timers.o
                                  0x5 (size before relaxing)
 .rodata.xTimerCreateTimerTask.str1.4
                0x0800afac        0x0 build/debug/timers.o
                                  0x8 (size before relaxing)
 *fill*         0x0800afac        0x4 
 .rodata.__pow_log_data
                0x0800afb0     0x1048 c:/Users/jason/AppData/Roaming/Code/User/globalStorage/bmd.stm32-for-vscode/@xpack-dev-tools/arm-none-eabi-gcc/15.2.1-1.1.1/.content/bin/../lib/gcc/arm-none-eabi/15.2.1/../../../../arm-none-eabi/lib/thumb/v7e-m+dp/hard\libm.a(libm_a-pow_log_data.o)
                0x0800afb0                __pow_log_data
 .rodata.__exp_data
                0x0800bff8      0x870 c:/Users/jason/AppData/Roaming/Code/User/globalStorage/bmd.stm32-for-vscode/@xpack-dev-tools/arm-none-eabi-gcc/15.2.1-1.1.1/.content/bin/../lib/gcc/arm-none-eabi/15.2.1/../../../../arm-none-eabi/lib/thumb/v7e-m+dp/hard\libm.a(libm_a-exp_data.o)
                0x0800bff8                __exp_data
                0x0800c868                        . = ALIGN (0x4)

.ARM.extab      0x0800c868        0x0
                0x0800c868                        . = ALIGN (0x4)
 *(.ARM.extab* .gnu.linkonce.armextab.*)
                0x0800c868                        . = ALIGN (0x4)

.ARM            0x0800c868        0x8
                0x0800c868                        . = ALIGN (0x4)
                0x0800c868                        __exidx_start = .
 *(.ARM.exidx*)
 .ARM.exidx.text.__udivmoddi4
                0x0800c868        0x8 c:/Users/jason/AppData/Roaming/Code/User/globalStorage/bmd.stm32-for-vscode/@xpack-dev-tools/arm-none-eabi-gcc/15.2.1-1.1.1/.content/bin/../lib/gcc/arm-none-eabi/15.2.1/thumb/v7e-m+dp/hard\libgcc.a(_udivmoddi4.o)
                0x0800c870                        __exidx_end = .
                0x0800c870                        . = ALIGN (0x4)

.preinit_array  0x0800c870        0x0
                0x0800c870                        . = ALIGN (0x4)
                0x0800c870                        PROVIDE (__preinit_array_start = .)
 *(.preinit_array*)
                0x0800c870                        PROVIDE (__preinit_array_end = .)
                0x0800c870                        . = ALIGN (0x4)

.init_array     0x0800c870        0x4
                0x0800c870                        . = ALIGN (0x4)
                0x0800c870                        PROVIDE (__init_array_start = .)
 *(SORT_BY_NAME(.init_array.*))
 *(.init_array*)
 .init_array    0x0800c870        0x4 c:/Users/jason/AppData/Roaming/Code/User/globalStorage/bmd.stm32-for-vscode/@xpack-dev-tools/arm-none-eabi-gcc/15.2.1-1.1.1/.content/bin/../lib/gcc/arm-none-eabi/15.2.1/thumb/v7e-m+dp/hard/crtbegin.o
                0x0800c874                        PROVIDE (__init_array_end = .)
                0x0800c874                        . = ALIGN (0x4)

.fini_array     0x0800c874        0x4
                0x0800c874                        . = ALIGN (0x4)
                0x0800c874                        PROVIDE (__fini_array_start = .)
 *(SORT_BY_NAME(.fini_array.*))
 *(.fini_array*)
 .fini_array    0x0800c874        0x4 c:/Users/jason/AppData/Roaming/Code/User/globalStorage/bmd.stm32-for-vscode/@xpack-dev-tools/arm-none-eabi-gcc/15.2.1-1.1.1/.content/bin/../lib/gcc/arm-none-eabi/15.2.1/thumb/v7e-m+dp/hard/crtbegin.o
                0x0800c878                        PROVIDE (__fini_array_end = .)
                0x0800c878                        . = ALIGN (0x4)
                0x0800c878                        _sidata = LOADADDR (.data)

.rel.dyn        0x0800c878        0x0
 .rel.iplt      0x0800c878        0x0 c:/Users/jason/AppData/Roaming/Code/User/globalStorage/bmd.stm32-for-vscode/@xpack-dev-tools/arm-none-eabi-gcc/15.2.1-1.1.1/.content/bin/../lib/gcc/arm-none-eabi/15.2.1/thumb/v7e-m+dp/hard/crtbegin.o

.data           0x20000000       0xf4 load address 0x0800c878
                0x20000000                        . = ALIGN (0x4)
                0x20000000                        _sdata = .
 *(.data)
 *(.data*)
 .data.alt_read_algorithm
                0x20000000       0x14 build/debug/alg_altimeter_read.o
                0x20000000                alt_read_algorithm
 .data.uxCriticalNesting
                0x20000014        0x4 build/debug/port.o
 .data.Stat     0x20000018        0x1 build/debug/sd_diskio.o
 *fill*         0x20000019        0x3 
 .data.sphinx_io_inst
                0x2000001c        0x4 build/debug/sphinx_io.o
                0x2000001c                sphinx_io_inst
 .data.sphinx_io_real
                0x20000020        0x8 build/debug/sphinx_io.o
                0x20000020                sphinx_io_real
 .data.thread_100hz
                0x20000028        0xc build/debug/state_machine.o
                0x20000028                thread_100hz
 .data.thread_30hz
                0x20000034        0xc build/debug/state_machine.o
                0x20000034                thread_30hz
 .data.thread_20hz
                0x20000040        0xc build/debug/state_machine.o
                0x20000040                thread_20hz
 .data.idle_state
                0x2000004c       0x48 build/debug/states_config.o
                0x2000004c                idle_state
 .data.uwTickFreq
                0x20000094        0x1 build/debug/stm32h7xx_hal.o
                0x20000094                uwTickFreq
 *fill*         0x20000095        0x3 
 .data.uwTickPrio
                0x20000098        0x4 build/debug/stm32h7xx_hal.o
                0x20000098                uwTickPrio
 .data.SystemD2Clock
                0x2000009c        0x4 build/debug/system_stm32h7xx.o
                0x2000009c                SystemD2Clock
 .data.SystemCoreClock
                0x200000a0        0x4 build/debug/system_stm32h7xx.o
                0x200000a0                SystemCoreClock
 .data._impure_ptr
                0x200000a4        0x4 c:/Users/jason/AppData/Roaming/Code/User/globalStorage/bmd.stm32-for-vscode/@xpack-dev-tools/arm-none-eabi-gcc/15.2.1-1.1.1/.content/bin/../lib/gcc/arm-none-eabi/15.2.1/../../../../arm-none-eabi/lib/thumb/v7e-m+dp/hard\libc_nano.a(libc_a-impure.o)
                0x200000a4                _impure_ptr
 .data._impure_data
                0x200000a8       0x4c c:/Users/jason/AppData/Roaming/Code/User/globalStorage/bmd.stm32-for-vscode/@xpack-dev-tools/arm-none-eabi-gcc/15.2.1-1.1.1/.content/bin/../lib/gcc/arm-none-eabi/15.2.1/../../../../arm-none-eabi/lib/thumb/v7e-m+dp/hard\libc_nano.a(libc_a-impure.o)
                0x200000a8                _impure_data
 *(.RamFunc)
 *(.RamFunc*)
                0x200000f4                        . = ALIGN (0x4)
                0x200000f4                        _edata = .

.igot.plt       0x200000f4        0x0 load address 0x0800c96c
 .igot.plt      0x200000f4        0x0 c:/Users/jason/AppData/Roaming/Code/User/globalStorage/bmd.stm32-for-vscode/@xpack-dev-tools/arm-none-eabi-gcc/15.2.1-1.1.1/.content/bin/../lib/gcc/arm-none-eabi/15.2.1/thumb/v7e-m+dp/hard/crtbegin.o
                0x200000f4                        . = ALIGN (0x4)

.bss            0x200000f8     0x4f68 load address 0x0800c96c
                0x200000f8                        _sbss = .
                0x200000f8                        __bss_start__ = _sbss
 *(.bss)
 *(.bss*)
 .bss.completed.1
                0x200000f8        0x1 c:/Users/jason/AppData/Roaming/Code/User/globalStorage/bmd.stm32-for-vscode/@xpack-dev-tools/arm-none-eabi-gcc/15.2.1-1.1.1/.content/bin/../lib/gcc/arm-none-eabi/15.2.1/thumb/v7e-m+dp/hard/crtbegin.o
 *fill*         0x200000f9        0x3 
 .bss.object.0  0x200000fc       0x18 c:/Users/jason/AppData/Roaming/Code/User/globalStorage/bmd.stm32-for-vscode/@xpack-dev-tools/arm-none-eabi-gcc/15.2.1-1.1.1/.content/bin/../lib/gcc/arm-none-eabi/15.2.1/thumb/v7e-m+dp/hard/crtbegin.o
 .bss.alt_read_ctx
                0x20000114        0x0 build/debug/alg_altimeter_read.o
                0x20000114                alt_read_ctx
 .bss.rslt      0x20000114        0x1 build/debug/bmp5.o
                0x20000114                rslt
 *fill*         0x20000115        0x3 
 .bss.bmp5_cal_zero
                0x20000118        0x8 build/debug/bmp5_drv.o
                0x20000118                bmp5_cal_zero
 .bss.bmp5_altitude
                0x20000120        0x8 build/debug/bmp5_drv.o
                0x20000120                bmp5_altitude
 .bss.bmp_sensor_data
                0x20000128        0x8 build/debug/bmp5_drv.o
                0x20000128                bmp_sensor_data
 .bss.bmp5_osr_odr_config
                0x20000130        0x4 build/debug/bmp5_drv.o
                0x20000130                bmp5_osr_odr_config
 .bss.bmp5_io   0x20000134       0x18 build/debug/bmp5_drv.o
                0x20000134                bmp5_io
 .bss._bmp5_i2c_port
                0x2000014c        0x4 build/debug/bmp5_drv.o
                0x2000014c                _bmp5_i2c_port
 .bss.Timer_Stack.0
                0x20000150      0x400 build/debug/cmsis_os2.o
 .bss.Timer_TCB.1
                0x20000550       0x5c build/debug/cmsis_os2.o
 .bss.Idle_Stack.2
                0x200005ac      0x200 build/debug/cmsis_os2.o
 .bss.Idle_TCB.3
                0x200007ac       0x5c build/debug/cmsis_os2.o
 .bss.KernelState
                0x20000808        0x4 build/debug/cmsis_os2.o
 .bss.SDPath    0x2000080c        0x4 build/debug/fatfs.o
                0x2000080c                SDPath
 .bss.retSD     0x20000810        0x1 build/debug/fatfs.o
                0x20000810                retSD
 *fill*         0x20000811        0x3 
 .bss.disk      0x20000814        0xc build/debug/ff_gen_drv.o
                0x20000814                disk
 .bss.xBlockAllocatedBit
                0x20000820        0x4 build/debug/heap_4.o
 .bss.xNumberOfSuccessfulFrees
                0x20000824        0x4 build/debug/heap_4.o
 .bss.xNumberOfSuccessfulAllocations
                0x20000828        0x4 build/debug/heap_4.o
 .bss.xMinimumEverFreeBytesRemaining
                0x2000082c        0x4 build/debug/heap_4.o
 .bss.xFreeBytesRemaining
                0x20000830        0x4 build/debug/heap_4.o
 .bss.pxEnd     0x20000834        0x4 build/debug/heap_4.o
 .bss.xStart    0x20000838        0x8 build/debug/heap_4.o
 .bss.ucHeap    0x20000840     0x3c00 build/debug/heap_4.o
 .bss.defaultTaskHandle
                0x20004440        0x4 build/debug/main.o
                0x20004440                defaultTaskHandle
 .bss.huart7    0x20004444       0x94 build/debug/main.o
                0x20004444                huart7
 .bss.huart5    0x200044d8       0x94 build/debug/main.o
                0x200044d8                huart5
 .bss.huart4    0x2000456c       0x94 build/debug/main.o
                0x2000456c                huart4
 .bss.htim6     0x20004600       0x4c build/debug/main.o
                0x20004600                htim6
 .bss.htim3     0x2000464c       0x4c build/debug/main.o
                0x2000464c                htim3
 .bss.htim2     0x20004698       0x4c build/debug/main.o
                0x20004698                htim2
 .bss.hspi1     0x200046e4       0x88 build/debug/main.o
                0x200046e4                hspi1
 .bss.hsd1      0x2000476c       0x7c build/debug/main.o
                0x2000476c                hsd1
 .bss.hi2c1     0x200047e8       0x54 build/debug/main.o
                0x200047e8                hi2c1
 .bss.ulMaxPRIGROUPValue
                0x2000483c        0x4 build/debug/port.o
 .bss.ucMaxSysCallPriority
                0x20004840        0x1 build/debug/port.o
 *fill*         0x20004841        0x3 
 .bss.xQueueRegistry
                0x20004844       0x40 build/debug/queue.o
                0x20004844                xQueueRegistry
 .bss.SDQueueID
                0x20004884        0x4 build/debug/sd_diskio.o
 .bss.sphinx_sensors
                0x20004888       0x10 build/debug/sphinx_sensors.o
                0x20004888                sphinx_sensors
 .bss.state_machine_ctx
                0x20004898       0x14 build/debug/state_machine.o
                0x20004898                state_machine_ctx
 .bss.uwTick    0x200048ac        0x4 build/debug/stm32h7xx_hal.o
                0x200048ac                uwTick
 .bss.htim1     0x200048b0       0x4c build/debug/stm32h7xx_hal_timebase_tim.o
                0x200048b0                htim1
 .bss.uxSchedulerSuspended
                0x200048fc        0x4 build/debug/tasks.o
 .bss.xIdleTaskHandle
                0x20004900        0x4 build/debug/tasks.o
 .bss.xNextTaskUnblockTime
                0x20004904        0x4 build/debug/tasks.o
 .bss.uxTaskNumber
                0x20004908        0x4 build/debug/tasks.o
 .bss.xNumOfOverflows
                0x2000490c        0x4 build/debug/tasks.o
 .bss.xYieldPending
                0x20004910        0x4 build/debug/tasks.o
 .bss.xPendedTicks
                0x20004914        0x4 build/debug/tasks.o
 .bss.xSchedulerRunning
                0x20004918        0x4 build/debug/tasks.o
 .bss.uxTopReadyPriority
                0x2000491c        0x4 build/debug/tasks.o
 .bss.xTickCount
                0x20004920        0x4 build/debug/tasks.o
 .bss.uxCurrentNumberOfTasks
                0x20004924        0x4 build/debug/tasks.o
 .bss.xSuspendedTaskList
                0x20004928       0x14 build/debug/tasks.o
 .bss.uxDeletedTasksWaitingCleanUp
                0x2000493c        0x4 build/debug/tasks.o
 .bss.xTasksWaitingTermination
                0x20004940       0x14 build/debug/tasks.o
 .bss.xPendingReadyList
                0x20004954       0x14 build/debug/tasks.o
 .bss.pxOverflowDelayedTaskList
                0x20004968        0x4 build/debug/tasks.o
 .bss.pxDelayedTaskList
                0x2000496c        0x4 build/debug/tasks.o
 .bss.xDelayedTaskList2
                0x20004970       0x14 build/debug/tasks.o
 .bss.xDelayedTaskList1
                0x20004984       0x14 build/debug/tasks.o
 .bss.pxReadyTasksLists
                0x20004998      0x460 build/debug/tasks.o
 .bss.pxCurrentTCB
                0x20004df8        0x4 build/debug/tasks.o
                0x20004df8                pxCurrentTCB
 .bss.xStaticTimerQueue.0
                0x20004dfc       0x50 build/debug/timers.o
 .bss.ucStaticTimerQueueStorage.1
                0x20004e4c       0xa0 build/debug/timers.o
 .bss.xLastTime.2
                0x20004eec        0x4 build/debug/timers.o
 .bss.xTimerTaskHandle
                0x20004ef0        0x4 build/debug/timers.o
 .bss.xTimerQueue
                0x20004ef4        0x4 build/debug/timers.o
 .bss.pxOverflowTimerList
                0x20004ef8        0x4 build/debug/timers.o
 .bss.pxCurrentTimerList
                0x20004efc        0x4 build/debug/timers.o
 .bss.xActiveTimerList2
                0x20004f00       0x14 build/debug/timers.o
 .bss.xActiveTimerList1
                0x20004f14       0x14 build/debug/timers.o
 .bss.__sf      0x20004f28      0x138 c:/Users/jason/AppData/Roaming/Code/User/globalStorage/bmd.stm32-for-vscode/@xpack-dev-tools/arm-none-eabi-gcc/15.2.1-1.1.1/.content/bin/../lib/gcc/arm-none-eabi/15.2.1/../../../../arm-none-eabi/lib/thumb/v7e-m+dp/hard\libc_nano.a(libc_a-findfp.o)
                0x20004f28                __sf
 *(COMMON)
                0x20005060                        . = ALIGN (0x4)
                0x20005060                        _ebss = .
                0x20005060                        __bss_end__ = _ebss

._user_heap_stack
                0x20005060      0x600 load address 0x0800c96c
                0x20005060                        . = ALIGN (0x8)
                [!provide]                        PROVIDE (end = .)
                0x20005060                        PROVIDE (_end = .)
                0x20005260                        . = (. + _Min_Heap_Size)
 *fill*         0x20005060      0x200 
                0x20005660                        . = (. + _Min_Stack_Size)
 *fill*         0x20005260      0x400 
                0x20005660                        . = ALIGN (0x8)

/DISCARD/
 libc.a(*)
 libm.a(*)
 libgcc.a(*)
OUTPUT(build/debug/sphinx-fc-firm-v2.elf elf32-littlearm)
LOAD linker stubs
LOAD c:/Users/jason/AppData/Roaming/Code/User/globalStorage/bmd.stm32-for-vscode/@xpack-dev-tools/arm-none-eabi-gcc/15.2.1-1.1.1/.content/bin/../lib/gcc/arm-none-eabi/15.2.1/../../../../arm-none-eabi/lib/thumb/v7e-m+dp/hard\libc.a
LOAD c:/Users/jason/AppData/Roaming/Code/User/globalStorage/bmd.stm32-for-vscode/@xpack-dev-tools/arm-none-eabi-gcc/15.2.1-1.1.1/.content/bin/../lib/gcc/arm-none-eabi/15.2.1/../../../../arm-none-eabi/lib/thumb/v7e-m+dp/hard\libm.a
LOAD c:/Users/jason/AppData/Roaming/Code/User/globalStorage/bmd.stm32-for-vscode/@xpack-dev-tools/arm-none-eabi-gcc/15.2.1-1.1.1/.content/bin/../lib/gcc/arm-none-eabi/15.2.1/thumb/v7e-m+dp/hard\libgcc.a

.ARM.attributes
                0x00000000       0x2e
 .ARM.attributes
                0x00000000       0x20 c:/Users/jason/AppData/Roaming/Code/User/globalStorage/bmd.stm32-for-vscode/@xpack-dev-tools/arm-none-eabi-gcc/15.2.1-1.1.1/.content/bin/../lib/gcc/arm-none-eabi/15.2.1/thumb/v7e-m+dp/hard/crti.o
 .ARM.attributes
                0x00000020       0x32 c:/Users/jason/AppData/Roaming/Code/User/globalStorage/bmd.stm32-for-vscode/@xpack-dev-tools/arm-none-eabi-gcc/15.2.1-1.1.1/.content/bin/../lib/gcc/arm-none-eabi/15.2.1/thumb/v7e-m+dp/hard/crtbegin.o
 .ARM.attributes
                0x00000052       0x32 build/debug/alg_altimeter_read.o
 .ARM.attributes
                0x00000084       0x32 build/debug/bmp5.o
 .ARM.attributes
                0x000000b6       0x32 build/debug/bmp5_drv.o
 .ARM.attributes
                0x000000e8       0x32 build/debug/bsp_driver_sd.o
 .ARM.attributes
                0x0000011a       0x32 build/debug/cmsis_os2.o
 .ARM.attributes
                0x0000014c       0x32 build/debug/fatfs.o
 .ARM.attributes
                0x0000017e       0x32 build/debug/fatfs_platform.o
 .ARM.attributes
                0x000001b0       0x32 build/debug/ff_gen_drv.o
 .ARM.attributes
                0x000001e2       0x32 build/debug/freertos.o
 .ARM.attributes
                0x00000214       0x32 build/debug/heap_4.o
 .ARM.attributes
                0x00000246       0x32 build/debug/list.o
 .ARM.attributes
                0x00000278       0x32 build/debug/main.o
 .ARM.attributes
                0x000002aa       0x32 build/debug/port.o
 .ARM.attributes
                0x000002dc       0x32 build/debug/queue.o
 .ARM.attributes
                0x0000030e       0x32 build/debug/sd_diskio.o
 .ARM.attributes
                0x00000340       0x32 build/debug/sphinx_io.o
 .ARM.attributes
                0x00000372       0x32 build/debug/sphinx_sensors.o
 .ARM.attributes
                0x000003a4       0x32 build/debug/state.o
 .ARM.attributes
                0x000003d6       0x32 build/debug/state_machine.o
 .ARM.attributes
                0x00000408       0x32 build/debug/states_config.o
 .ARM.attributes
                0x0000043a       0x32 build/debug/stm32h7xx_hal.o
 .ARM.attributes
                0x0000046c       0x32 build/debug/stm32h7xx_hal_cortex.o
 .ARM.attributes
                0x0000049e       0x32 build/debug/stm32h7xx_hal_dma.o
 .ARM.attributes
                0x000004d0       0x32 build/debug/stm32h7xx_hal_gpio.o
 .ARM.attributes
                0x00000502       0x32 build/debug/stm32h7xx_hal_i2c.o
 .ARM.attributes
                0x00000534       0x32 build/debug/stm32h7xx_hal_i2c_ex.o
 .ARM.attributes
                0x00000566       0x32 build/debug/stm32h7xx_hal_msp.o
 .ARM.attributes
                0x00000598       0x32 build/debug/stm32h7xx_hal_pwr_ex.o
 .ARM.attributes
                0x000005ca       0x32 build/debug/stm32h7xx_hal_rcc.o
 .ARM.attributes
                0x000005fc       0x32 build/debug/stm32h7xx_hal_rcc_ex.o
 .ARM.attributes
                0x0000062e       0x32 build/debug/stm32h7xx_hal_sd.o
 .ARM.attributes
                0x00000660       0x32 build/debug/stm32h7xx_hal_spi.o
 .ARM.attributes
                0x00000692       0x32 build/debug/stm32h7xx_hal_tim.o
 .ARM.attributes
                0x000006c4       0x32 build/debug/stm32h7xx_hal_tim_ex.o
 .ARM.attributes
                0x000006f6       0x32 build/debug/stm32h7xx_hal_timebase_tim.o
 .ARM.attributes
                0x00000728       0x32 build/debug/stm32h7xx_hal_uart.o
 .ARM.attributes
                0x0000075a       0x32 build/debug/stm32h7xx_hal_uart_ex.o
 .ARM.attributes
                0x0000078c       0x32 build/debug/stm32h7xx_it.o
 .ARM.attributes
                0x000007be       0x32 build/debug/stm32h7xx_ll_sdmmc.o
 .ARM.attributes
                0x000007f0       0x32 build/debug/system_stm32h7xx.o
 .ARM.attributes
                0x00000822       0x32 build/debug/tasks.o
 .ARM.attributes
                0x00000854       0x32 build/debug/timers.o
 .ARM.attributes
                0x00000886       0x21 build/debug/startup_stm32h750xx.o
 .ARM.attributes
                0x000008a7       0x32 c:/Users/jason/AppData/Roaming/Code/User/globalStorage/bmd.stm32-for-vscode/@xpack-dev-tools/arm-none-eabi-gcc/15.2.1-1.1.1/.content/bin/../lib/gcc/arm-none-eabi/15.2.1/../../../../arm-none-eabi/lib/thumb/v7e-m+dp/hard\libc_nano.a(libc_a-findfp.o)
 .ARM.attributes
                0x000008d9       0x32 c:/Users/jason/AppData/Roaming/Code/User/globalStorage/bmd.stm32-for-vscode/@xpack-dev-tools/arm-none-eabi-gcc/15.2.1-1.1.1/.content/bin/../lib/gcc/arm-none-eabi/15.2.1/../../../../arm-none-eabi/lib/thumb/v7e-m+dp/hard\libc_nano.a(libc_a-memset.o)
 .ARM.attributes
                0x0000090b       0x32 c:/Users/jason/AppData/Roaming/Code/User/globalStorage/bmd.stm32-for-vscode/@xpack-dev-tools/arm-none-eabi-gcc/15.2.1-1.1.1/.content/bin/../lib/gcc/arm-none-eabi/15.2.1/../../../../arm-none-eabi/lib/thumb/v7e-m+dp/hard\libc_nano.a(libc_a-impure.o)
 .ARM.attributes
                0x0000093d       0x32 c:/Users/jason/AppData/Roaming/Code/User/globalStorage/bmd.stm32-for-vscode/@xpack-dev-tools/arm-none-eabi-gcc/15.2.1-1.1.1/.content/bin/../lib/gcc/arm-none-eabi/15.2.1/../../../../arm-none-eabi/lib/thumb/v7e-m+dp/hard\libc_nano.a(libc_a-errno.o)
 .ARM.attributes
                0x0000096f       0x32 c:/Users/jason/AppData/Roaming/Code/User/globalStorage/bmd.stm32-for-vscode/@xpack-dev-tools/arm-none-eabi-gcc/15.2.1-1.1.1/.content/bin/../lib/gcc/arm-none-eabi/15.2.1/../../../../arm-none-eabi/lib/thumb/v7e-m+dp/hard\libc_nano.a(libc_a-init.o)
 .ARM.attributes
                0x000009a1       0x32 c:/Users/jason/AppData/Roaming/Code/User/globalStorage/bmd.stm32-for-vscode/@xpack-dev-tools/arm-none-eabi-gcc/15.2.1-1.1.1/.content/bin/../lib/gcc/arm-none-eabi/15.2.1/../../../../arm-none-eabi/lib/thumb/v7e-m+dp/hard\libc_nano.a(libc_a-memcpy-stub.o)
 .ARM.attributes
                0x000009d3       0x32 c:/Users/jason/AppData/Roaming/Code/User/globalStorage/bmd.stm32-for-vscode/@xpack-dev-tools/arm-none-eabi-gcc/15.2.1-1.1.1/.content/bin/../lib/gcc/arm-none-eabi/15.2.1/../../../../arm-none-eabi/lib/thumb/v7e-m+dp/hard\libm.a(libm_a-pow.o)
 .ARM.attributes
                0x00000a05       0x32 c:/Users/jason/AppData/Roaming/Code/User/globalStorage/bmd.stm32-for-vscode/@xpack-dev-tools/arm-none-eabi-gcc/15.2.1-1.1.1/.content/bin/../lib/gcc/arm-none-eabi/15.2.1/../../../../arm-none-eabi/lib/thumb/v7e-m+dp/hard\libm.a(libm_a-pow_log_data.o)
 .ARM.attributes
                0x00000a37       0x32 c:/Users/jason/AppData/Roaming/Code/User/globalStorage/bmd.stm32-for-vscode/@xpack-dev-tools/arm-none-eabi-gcc/15.2.1-1.1.1/.content/bin/../lib/gcc/arm-none-eabi/15.2.1/../../../../arm-none-eabi/lib/thumb/v7e-m+dp/hard\libm.a(libm_a-exp_data.o)
 .ARM.attributes
                0x00000a69       0x32 c:/Users/jason/AppData/Roaming/Code/User/globalStorage/bmd.stm32-for-vscode/@xpack-dev-tools/arm-none-eabi-gcc/15.2.1-1.1.1/.content/bin/../lib/gcc/arm-none-eabi/15.2.1/../../../../arm-none-eabi/lib/thumb/v7e-m+dp/hard\libm.a(libm_a-math_err.o)
 .ARM.attributes
                0x00000a9b       0x20 c:/Users/jason/AppData/Roaming/Code/User/globalStorage/bmd.stm32-for-vscode/@xpack-dev-tools/arm-none-eabi-gcc/15.2.1-1.1.1/.content/bin/../lib/gcc/arm-none-eabi/15.2.1/thumb/v7e-m+dp/hard\libgcc.a(_aeabi_uldivmod.o)
 .ARM.attributes
                0x00000abb       0x32 c:/Users/jason/AppData/Roaming/Code/User/globalStorage/bmd.stm32-for-vscode/@xpack-dev-tools/arm-none-eabi-gcc/15.2.1-1.1.1/.content/bin/../lib/gcc/arm-none-eabi/15.2.1/thumb/v7e-m+dp/hard\libgcc.a(_udivmoddi4.o)
 .ARM.attributes
                0x00000aed       0x20 c:/Users/jason/AppData/Roaming/Code/User/globalStorage/bmd.stm32-for-vscode/@xpack-dev-tools/arm-none-eabi-gcc/15.2.1-1.1.1/.content/bin/../lib/gcc/arm-none-eabi/15.2.1/thumb/v7e-m+dp/hard\libgcc.a(_dvmd_tls.o)
 .ARM.attributes